Archive member included to satisfy reference by file (symbol)

/opt/devkitpro/libctru/lib/libctru.a(console.o)
                              build/main.o (consoleInit)
/opt/devkitpro/libctru/lib/libctru.a(gfx.o)
                              /opt/devkitpro/libctru/lib/libctru.a(console.o) (gfxIsWide)
/opt/devkitpro/libctru/lib/libctru.a(os.o)
                              build/main.o (osGetTime)
/opt/devkitpro/libctru/lib/libctru.a(apt.o)
                              build/main.o (APT_HardwareResetAsync)
/opt/devkitpro/libctru/lib/libctru.a(gspgpu.o)
                              /opt/devkitpro/libctru/lib/libctru.a(gfx.o) (gspInit)
/opt/devkitpro/libctru/lib/libctru.a(hid.o)
                              build/main.o (hidScanInput)
/opt/devkitpro/libctru/lib/libctru.a(irrst.o)
                              /opt/devkitpro/libctru/lib/libctru.a(hid.o) (irrstInit)
/opt/devkitpro/libctru/lib/libctru.a(ptmsysm.o)
                              /opt/devkitpro/libctru/lib/libctru.a(os.o) (ptmSysmInit)
/opt/devkitpro/libctru/lib/libctru.a(soc_connect.o)
                              build/main.o (connect)
/opt/devkitpro/libctru/lib/libctru.a(soc_getaddrinfo.o)
                              build/main.o (freeaddrinfo)
/opt/devkitpro/libctru/lib/libctru.a(soc_init.o)
                              build/main.o (socInit)
/opt/devkitpro/libctru/lib/libctru.a(soc_recv.o)
                              build/main.o (recv)
/opt/devkitpro/libctru/lib/libctru.a(soc_recvfrom.o)
                              /opt/devkitpro/libctru/lib/libctru.a(soc_init.o) (soc_recvfrom)
/opt/devkitpro/libctru/lib/libctru.a(soc_send.o)
                              build/main.o (send)
/opt/devkitpro/libctru/lib/libctru.a(soc_sendto.o)
                              /opt/devkitpro/libctru/lib/libctru.a(soc_init.o) (soc_sendto)
/opt/devkitpro/libctru/lib/libctru.a(soc_socket.o)
                              build/main.o (socket)
/opt/devkitpro/libctru/lib/libctru.a(ctru_init.o)
                              /opt/devkitpro/libctru/lib/libctru.a(apt.o) (__system_retAddr)
/opt/devkitpro/libctru/lib/libctru.a(initArgv.o)
                              /opt/devkitpro/libctru/lib/libctru.a(ctru_init.o) (__system_initArgv)
/opt/devkitpro/libctru/lib/libctru.a(syscalls.o)
                              /opt/devkitpro/libctru/lib/libctru.a(ctru_init.o) (__system_initSyscalls)
/opt/devkitpro/libctru/lib/libctru.a(svc.o)
                              /opt/devkitpro/libctru/lib/libctru.a(apt.o) (svcSleepThread)
/opt/devkitpro/libctru/lib/libctru.a(stack_adjust.o)
                              /opt/devkitpro/devkitARM/lib/gcc/arm-none-eabi/15.2.0/../../../../arm-none-eabi/lib/armv6k/fpu/3dsx_crt0.o (initSystem)
/opt/devkitpro/libctru/lib/libctru.a(default_font.bin.o)
                              /opt/devkitpro/libctru/lib/libctru.a(console.o) (default_font_bin)
/opt/devkitpro/libctru/lib/libctru.a(linear.o)
                              /opt/devkitpro/libctru/lib/libctru.a(gfx.o) (linearAlloc)
/opt/devkitpro/libctru/lib/libctru.a(mem_pool.o)
                              /opt/devkitpro/libctru/lib/libctru.a(linear.o) (_ZN7MemPool8AllocateER8MemChunkmi)
/opt/devkitpro/libctru/lib/libctru.a(vram.o)
                              /opt/devkitpro/libctru/lib/libctru.a(gfx.o) (vramAlloc)
/opt/devkitpro/libctru/lib/libctru.a(3dslink.o)
                              /opt/devkitpro/libctru/lib/libctru.a(initArgv.o) (__3dslink_host)
/opt/devkitpro/libctru/lib/libctru.a(env.o)
                              /opt/devkitpro/libctru/lib/libctru.a(irrst.o) (envGetHandle)
/opt/devkitpro/libctru/lib/libctru.a(srv.o)
                              /opt/devkitpro/libctru/lib/libctru.a(apt.o) (srvInit)
/opt/devkitpro/libctru/lib/libctru.a(synchronization.o)
                              /opt/devkitpro/libctru/lib/libctru.a(ctru_init.o) (__sync_init)
/opt/devkitpro/libctru/lib/libctru.a(thread.o)
                              /opt/devkitpro/libctru/lib/libctru.a(apt.o) (threadCreate)
/opt/devkitpro/libctru/lib/libctru.a(mappable.o)
                              /opt/devkitpro/libctru/lib/libctru.a(apt.o) (mappableAlloc)
/opt/devkitpro/libctru/lib/libctru.a(srvpm.o)
                              /opt/devkitpro/libctru/lib/libctru.a(srv.o) (srvPmGetSessionHandle)
/opt/devkitpro/libctru/lib/libctru.a(soc_common.o)
                              /opt/devkitpro/libctru/lib/libctru.a(soc_connect.o) (_net_convert_error)
/opt/devkitpro/libctru/lib/libctru.a(rbtree_find.o)
                              /opt/devkitpro/libctru/lib/libctru.a(linear.o) (rbtree_find)
/opt/devkitpro/libctru/lib/libctru.a(rbtree_init.o)
                              /opt/devkitpro/libctru/lib/libctru.a(linear.o) (rbtree_init)
/opt/devkitpro/libctru/lib/libctru.a(rbtree_insert.o)
                              /opt/devkitpro/libctru/lib/libctru.a(linear.o) (rbtree_insert)
/opt/devkitpro/libctru/lib/libctru.a(rbtree_remove.o)
                              /opt/devkitpro/libctru/lib/libctru.a(linear.o) (rbtree_remove)
[...]
Memory Configuration

Name             Origin             Length             Attributes
*default*        0x00000000         0xffffffff

Linker script and memory map

                0x00000000                        __sync_synchronize = __sync_synchronize_dmb
                0x00100000                        PROVIDE (__start__ = 0x100000)
                0x00100000                        . = __start__

.text           0x00100000    0x31e44
 *(.crt0)
 .crt0          0x00100000       0x94 /opt/devkitpro/devkitARM/lib/gcc/arm-none-eabi/15.2.0/../../../../arm-none-eabi/lib/armv6k/fpu/3dsx_crt0.o
                0x00100000                _start
                0x00100008                __service_ptr
                0x0010000c                __apt_appid
                0x00100010                __heap_size
                0x00100014                __linear_heap_size
                0x00100018                __system_arglist
                0x0010001c                __system_runflags
 *(.init)
 .init          0x00100094        0xc /opt/devkitpro/devkitARM/lib/gcc/arm-none-eabi/15.2.0/armv6k/fpu/crti.o
                0x00100094                _init
 .init          0x001000a0        0xc /opt/devkitpro/devkitARM/lib/gcc/arm-none-eabi/15.2.0/armv6k/fpu/crtn.o
                0x001000ac                        . = ALIGN (0x4)
 *(.text)
 .text          0x001000ac      0x240 /opt/devkitpro/devkitARM/lib/gcc/arm-none-eabi/15.2.0/armv6k/fpu/libgcc.a(_divsi3.o)
                0x001000ac                __aeabi_idiv
                0x001000ac                __divsi3
                0x001002cc                __aeabi_idivmod
 .text          0x001002ec        0x4 /opt/devkitpro/devkitARM/lib/gcc/arm-none-eabi/15.2.0/armv6k/fpu/libgcc.a(_dvmd_tls.o)
                0x001002ec                __aeabi_ldiv0
                0x001002ec                __aeabi_idiv0
 .text          0x001002f0       0xd4 /opt/devkitpro/devkitARM/lib/gcc/arm-none-eabi/15.2.0/armv6k/fpu/libgcc.a(_aeabi_ldivmod.o)
                0x001002f0                __aeabi_ldivmod
 .text          0x001003c4       0x3c /opt/devkitpro/devkitARM/lib/gcc/arm-none-eabi/15.2.0/armv6k/fpu/libgcc.a(_aeabi_uldivmod.o)
                0x001003c4                __aeabi_uldivmod
 .text          0x00100400      0x390 /opt/devkitpro/devkitARM/lib/gcc/arm-none-eabi/15.2.0/../../../../arm-none-eabi/lib/armv6k/fpu/libc.a(libc_a-strcmp.o)
                0x00100408                strcmp
 .text          0x00100790      0x20c /opt/devkitpro/devkitARM/lib/gcc/arm-none-eabi/15.2.0/armv6k/fpu/libgcc.a(_udivsi3.o)
                0x00100790                __udivsi3
                0x00100790                __aeabi_uidiv
                0x0010097c                __aeabi_uidivmod
 .text          0x0010099c      0x3c0 /opt/devkitpro/devkitARM/lib/gcc/arm-none-eabi/15.2.0/armv6k/fpu/libgcc.a(_arm_addsubdf3.o)
                0x0010099c                __aeabi_drsub
                0x001009a4                __subdf3
                0x001009a4                __aeabi_dsub
                0x001009a8                __aeabi_dadd
                0x001009a8                __adddf3
                0x00100c54                __aeabi_ui2d
                0x00100c54                __floatunsidf
                0x00100c78                __floatsidf
                0x00100c78                __aeabi_i2d
                0x00100ca0                __extendsfdf2
                0x00100ca0                __aeabi_f2d
                0x00100ce8                __aeabi_ul2d
                0x00100ce8                __floatundidf
                0x00100cfc                __aeabi_l2d
                0x00100cfc                __floatdidf
 *(.text.*)
 .text.__do_global_dtors_aux
                0x00100d5c       0x50 /opt/devkitpro/devkitARM/lib/gcc/arm-none-eabi/15.2.0/armv6k/fpu/crtbegin.o
 .text.frame_dummy
                0x00100dac       0x2c /opt/devkitpro/devkitARM/lib/gcc/arm-none-eabi/15.2.0/armv6k/fpu/crtbegin.o
 .text.url_encode_simple
                0x00100dd8       0xc0 build/main.o
 .text.cmp_name_rows
                0x00100e98        0x4 build/main.o
 .text.trim_line
                0x00100e9c       0x9c build/main.o
 .text.json_extract_string
                0x00100f38       0xa8 build/main.o
 .text.baseline_save_to_path
                0x00100fe0       0xc4 build/main.o
 .text.json_bool_after_colon
                0x001010a4       0xe8 build/main.o
 .text.json_body_has_matching_sha256
                0x0010118c      0x178 build/main.o
 .text.wait_after_sync_3ds
                0x00101304       0x9c build/main.o
 .text.copy_cstr.part.0
                0x001013a0       0x58 build/main.o
 .text.parse_remote_saves.constprop.0
                0x001013f8       0xf0 build/main.o
 .text.read_file_bytes.constprop.0
                0x001014e8       0xcc build/main.o
 .text.id_in_manual
                0x001015b4       0x74 build/main.o
 .text.copy_cstr
                0x00101628       0x60 build/main.o
 .text.baseline_save
                0x00101688      0x114 build/main.o
 .text.baseline_load_from_path.constprop.0
                0x0010179c      0x144 build/main.o
 .text.baseline_load.constprop.0
                0x001018e0       0xfc build/main.o
 .text.sanitize_filename.part.0.constprop.0
                0x001019dc       0xe4 build/main.o
 .text.sanitize_game_id.constprop.0
                0x00101ac0       0xf8 build/main.o
 .text.http_request.constprop.0
                0x00101bb8      0x8c0 build/main.o
 .text.get_one_save
                0x00102478      0x39c build/main.o
 .text.put_one_save
                0x00102814      0x5d8 build/main.o
 .text.debug_report_sync_start_3ds
                0x00102dec       0xcc build/main.o
 .text.baseline_upsert.constprop.0
                0x00102eb8      0x158 build/main.o
 .text.scan_local_saves.constprop.0
                0x00103010     0x11f0 build/main.o
 .text.run_sync
                0x00104200      0xb08 build/main.o
 .text.startup.main
                0x00104d08     0x1138 build/main.o
                0x00104d08                main
 .text.consoleDrawChar
                0x00105e40      0x1c8 /opt/devkitpro/libctru/lib/libctru.a(console.o)
                0x00105e40                consoleDrawChar
 .text.consolePrintChar
                0x00106008      0x170 /opt/devkitpro/libctru/lib/libctru.a(console.o)
                0x00106008                consolePrintChar
 .text.con_write
                0x00106178      0xcc8 /opt/devkitpro/libctru/lib/libctru.a(console.o)
                0x00106178                con_write
 .text.newRow   0x00106e40       0xfc /opt/devkitpro/libctru/lib/libctru.a(console.o)
 .text.consoleInit
                0x00106f3c      0x180 /opt/devkitpro/libctru/lib/libctru.a(console.o)
                0x00106f3c                consoleInit
 .text.consoleClear
                0x001070bc       0xb8 /opt/devkitpro/libctru/lib/libctru.a(console.o)
                0x001070bc                consoleClear
 .text.gfxPresentFramebuffer
                0x00107174       0xcc /opt/devkitpro/libctru/lib/libctru.a(gfx.o)
 .text.gfxIsWide
                0x00107240       0x1c /opt/devkitpro/libctru/lib/libctru.a(gfx.o)
                0x00107240                gfxIsWide
 .text.gfxSetScreenFormat
                0x0010725c       0xf8 /opt/devkitpro/libctru/lib/libctru.a(gfx.o)
                0x0010725c                gfxSetScreenFormat
 .text.gfxSetDoubleBuffering
                0x00107354       0x10 /opt/devkitpro/libctru/lib/libctru.a(gfx.o)
                0x00107354                gfxSetDoubleBuffering
 .text.gfxInit  0x00107364       0xd8 /opt/devkitpro/libctru/lib/libctru.a(gfx.o)
                0x00107364                gfxInit
 .text.gfxInitDefault
                0x0010743c       0x10 /opt/devkitpro/libctru/lib/libctru.a(gfx.o)
                0x0010743c                gfxInitDefault
 .text.gfxExit  0x0010744c       0xb8 /opt/devkitpro/libctru/lib/libctru.a(gfx.o)
                0x0010744c                gfxExit
 .text.gfxGetFramebuffer
                0x00107504       0xa0 /opt/devkitpro/libctru/lib/libctru.a(gfx.o)
                0x00107504                gfxGetFramebuffer
 .text.gfxFlushBuffers
                0x001075a4      0x100 /opt/devkitpro/libctru/lib/libctru.a(gfx.o)
                0x001075a4                gfxFlushBuffers
 .text.gfxSwapBuffers
                0x001076a4       0x50 /opt/devkitpro/libctru/lib/libctru.a(gfx.o)
                0x001076a4                gfxSwapBuffers
 .text.gfxSwapBuffersGpu
                0x001076f4       0x50 /opt/devkitpro/libctru/lib/libctru.a(gfx.o)
                0x001076f4                gfxSwapBuffersGpu
 .text.osGetTimeRef
                0x00107744       0x54 /opt/devkitpro/libctru/lib/libctru.a(os.o)
                0x00107744                osGetTimeRef
 .text.osGetTime
                0x00107798       0xec /opt/devkitpro/libctru/lib/libctru.a(os.o)
                0x00107798                osGetTime
 .text.__ctru_speedup_config
                0x00107884       0x34 /opt/devkitpro/libctru/lib/libctru.a(os.o)
                0x00107884                __ctru_speedup_config
 .text.aptConvertScreenForCapture
                0x001078b8      0x180 /opt/devkitpro/libctru/lib/libctru.a(apt.o)
 .text.aptDspSleep
                0x00107a38        0x8 /opt/devkitpro/libctru/lib/libctru.a(apt.o)
                0x00107a38                aptDspSleep
 .text.aptDspWakeup
                0x00107a40        0x4 /opt/devkitpro/libctru/lib/libctru.a(apt.o)
                0x00107a40                aptDspWakeup
 .text.aptDspCancel
                0x00107a44        0x4 /opt/devkitpro/libctru/lib/libctru.a(apt.o)
                0x00107a44                aptDspCancel
 .text.aptSendCommand
                0x00107a48      0x138 /opt/devkitpro/libctru/lib/libctru.a(apt.o)
                0x00107a48                aptSendCommand
 .text.aptExitProcess
                0x00107b80       0x44 /opt/devkitpro/libctru/lib/libctru.a(apt.o)
 .text.aptExit  0x00107bc4      0x394 /opt/devkitpro/libctru/lib/libctru.a(apt.o)
                0x00107bc4                aptExit
 .text.aptHandleSleep
                0x00107f58       0xd8 /opt/devkitpro/libctru/lib/libctru.a(apt.o)
                0x00107f58                aptHandleSleep
 .text.APT_HardwareResetAsync
                0x00108030       0x20 /opt/devkitpro/libctru/lib/libctru.a(apt.o)
                0x00108030                APT_HardwareResetAsync
 .text.APT_SleepIfShellClosed
                0x00108050       0x84 /opt/devkitpro/libctru/lib/libctru.a(apt.o)
                0x00108050                APT_SleepIfShellClosed
 .text.aptSetSleepAllowed
                0x001080d4       0x78 /opt/devkitpro/libctru/lib/libctru.a(apt.o)
                0x001080d4                aptSetSleepAllowed
 .text.APT_UnlockTransition
                0x0010814c       0x84 /opt/devkitpro/libctru/lib/libctru.a(apt.o)
                0x0010814c                APT_UnlockTransition
 .text.aptEventHandler
                0x001081d0      0x470 /opt/devkitpro/libctru/lib/libctru.a(apt.o)
 .text.APT_ReceiveParameter
                0x00108640       0xbc /opt/devkitpro/libctru/lib/libctru.a(apt.o)
                0x00108640                APT_ReceiveParameter
 .text.aptReceiveParameter.constprop.0
                0x001086fc       0xb0 /opt/devkitpro/libctru/lib/libctru.a(apt.o)
 *fill*         0x001087ac        0x4 
 .text.aptScreenTransfer
                0x001087b0      0x294 /opt/devkitpro/libctru/lib/libctru.a(apt.o)
 .text.aptWaitForWakeUp.isra.0
                0x00108a44      0x2d0 /opt/devkitpro/libctru/lib/libctru.a(apt.o)
 .text.aptJumpToHomeMenu
                0x00108d14       0xf4 /opt/devkitpro/libctru/lib/libctru.a(apt.o)
                0x00108d14                aptJumpToHomeMenu
 .text.aptMainLoop
                0x00108e08       0x58 /opt/devkitpro/libctru/lib/libctru.a(apt.o)
                0x00108e08                aptMainLoop
 .text.aptInit  0x00108e60      0x240 /opt/devkitpro/libctru/lib/libctru.a(apt.o)
                0x00108e60                aptInit
 .text.APT_CheckNew3DS
                0x001090a0       0x90 /opt/devkitpro/libctru/lib/libctru.a(apt.o)
                0x001090a0                APT_CheckNew3DS
 .text.gspHardwareInit
                0x00109130      0xc70 /opt/devkitpro/libctru/lib/libctru.a(gspgpu.o)
 .text.gspInit  0x00109da0      0x288 /opt/devkitpro/libctru/lib/libctru.a(gspgpu.o)
                0x00109da0                gspInit
 .text.gspExit  0x0010a028      0x104 /opt/devkitpro/libctru/lib/libctru.a(gspgpu.o)
                0x0010a028                gspExit
 .text.gspHasGpuRight
                0x0010a12c       0x10 /opt/devkitpro/libctru/lib/libctru.a(gspgpu.o)
                0x0010a12c                gspHasGpuRight
 .text.gspPresentBuffer
                0x0010a13c       0xa4 /opt/devkitpro/libctru/lib/libctru.a(gspgpu.o)
                0x0010a13c                gspPresentBuffer
 .text.gspWaitForEvent
                0x0010a1e0       0x50 /opt/devkitpro/libctru/lib/libctru.a(gspgpu.o)
                0x0010a1e0                gspWaitForEvent
 .text.gxCmdQueueInterrupt
                0x0010a230        0x4 /opt/devkitpro/libctru/lib/libctru.a(gspgpu.o)
                0x0010a230                gxCmdQueueInterrupt
 .text.gspEventThreadMain
                0x0010a234      0x154 /opt/devkitpro/libctru/lib/libctru.a(gspgpu.o)
 .text.GSPGPU_FlushDataCache
                0x0010a388       0x50 /opt/devkitpro/libctru/lib/libctru.a(gspgpu.o)
                0x0010a388                GSPGPU_FlushDataCache
 .text.GSPGPU_SetLcdForceBlack
                0x0010a3d8       0x34 /opt/devkitpro/libctru/lib/libctru.a(gspgpu.o)
                0x0010a3d8                GSPGPU_SetLcdForceBlack
 .text.GSPGPU_AcquireRight
                0x0010a40c       0x84 /opt/devkitpro/libctru/lib/libctru.a(gspgpu.o)
                0x0010a40c                GSPGPU_AcquireRight
 .text.GSPGPU_ReleaseRight
                0x0010a490       0x64 /opt/devkitpro/libctru/lib/libctru.a(gspgpu.o)
                0x0010a490                GSPGPU_ReleaseRight
 .text.GSPGPU_ImportDisplayCaptureInfo
                0x0010a4f4       0x7c /opt/devkitpro/libctru/lib/libctru.a(gspgpu.o)
                0x0010a4f4                GSPGPU_ImportDisplayCaptureInfo
 .text.GSPGPU_SaveVramSysArea
                0x0010a570       0x2c /opt/devkitpro/libctru/lib/libctru.a(gspgpu.o)
                0x0010a570                GSPGPU_SaveVramSysArea
 .text.GSPGPU_RestoreVramSysArea
                0x0010a59c       0x2c /opt/devkitpro/libctru/lib/libctru.a(gspgpu.o)
                0x0010a59c                GSPGPU_RestoreVramSysArea
 .text.hidShouldUseIrrst
                0x0010a5c8       0x24 /opt/devkitpro/libctru/lib/libctru.a(hid.o)
                0x0010a5c8                hidShouldUseIrrst
 .text.hidInit  0x0010a5ec      0x1cc /opt/devkitpro/libctru/lib/libctru.a(hid.o)
                0x0010a5ec                hidInit
 .text.hidExit  0x0010a7b8       0xe8 /opt/devkitpro/libctru/lib/libctru.a(hid.o)
                0x0010a7b8                hidExit
 .text.hidScanInput
                0x0010a8a0      0x2a0 /opt/devkitpro/libctru/lib/libctru.a(hid.o)
                0x0010a8a0                hidScanInput
 .text.hidKeysDown
                0x0010ab40       0x10 /opt/devkitpro/libctru/lib/libctru.a(hid.o)
                0x0010ab40                hidKeysDown
 .text.irrstInit
                0x0010ab50      0x1a4 /opt/devkitpro/libctru/lib/libctru.a(irrst.o)
                0x0010ab50                irrstInit
 .text.irrstExit
                0x0010acf4       0xdc /opt/devkitpro/libctru/lib/libctru.a(irrst.o)
                0x0010acf4                irrstExit
 .text.irrstScanInput
                0x0010add0       0xb4 /opt/devkitpro/libctru/lib/libctru.a(irrst.o)
                0x0010add0                irrstScanInput
 .text.irrstKeysHeld
                0x0010ae84       0x24 /opt/devkitpro/libctru/lib/libctru.a(irrst.o)
                0x0010ae84                irrstKeysHeld
 .text.ptmSysmInit
                0x0010aea8       0x78 /opt/devkitpro/libctru/lib/libctru.a(ptmsysm.o)
                0x0010aea8                ptmSysmInit
 .text.ptmSysmExit
                0x0010af20       0x3c /opt/devkitpro/libctru/lib/libctru.a(ptmsysm.o)
                0x0010af20                ptmSysmExit
 .text.PTMSYSM_ConfigureNew3DSCPU
                0x0010af5c       0x34 /opt/devkitpro/libctru/lib/libctru.a(ptmsysm.o)
                0x0010af5c                PTMSYSM_ConfigureNew3DSCPU
 .text.connect  0x0010af90      0x174 /opt/devkitpro/libctru/lib/libctru.a(soc_connect.o)
                0x0010af90                connect
 .text.freeaddrinfo
                0x0010b104       0x24 /opt/devkitpro/libctru/lib/libctru.a(soc_getaddrinfo.o)
                0x0010b104                freeaddrinfo
 .text.getaddrinfo
                0x0010b128      0x2cc /opt/devkitpro/libctru/lib/libctru.a(soc_getaddrinfo.o)
                0x0010b128                getaddrinfo
 .text.soc_read
                0x0010b3f4       0x34 /opt/devkitpro/libctru/lib/libctru.a(soc_init.o)
 .text.soc_write
                0x0010b428       0x34 /opt/devkitpro/libctru/lib/libctru.a(soc_init.o)
 .text.soc_close
                0x0010b45c       0xb0 /opt/devkitpro/libctru/lib/libctru.a(soc_init.o)
 .text.socInit  0x0010b50c      0x190 /opt/devkitpro/libctru/lib/libctru.a(soc_init.o)
                0x0010b50c                socInit
 .text.socExit  0x0010b69c       0x88 /opt/devkitpro/libctru/lib/libctru.a(soc_init.o)
                0x0010b69c                socExit
 .text.recv     0x0010b724       0x20 /opt/devkitpro/libctru/lib/libctru.a(soc_recv.o)
                0x0010b724                recv
 .text.socuipc_cmd7
                0x0010b744      0x148 /opt/devkitpro/libctru/lib/libctru.a(soc_recvfrom.o)
                0x0010b744                socuipc_cmd7
 .text.socuipc_cmd8
                0x0010b88c      0x168 /opt/devkitpro/libctru/lib/libctru.a(soc_recvfrom.o)
                0x0010b88c                socuipc_cmd8
 .text.soc_recvfrom
                0x0010b9f4       0x10 /opt/devkitpro/libctru/lib/libctru.a(soc_recvfrom.o)
                0x0010b9f4                soc_recvfrom
 .text.recvfrom
                0x0010ba04       0xa4 /opt/devkitpro/libctru/lib/libctru.a(soc_recvfrom.o)
                0x0010ba04                recvfrom
 .text.send     0x0010baa8       0x20 /opt/devkitpro/libctru/lib/libctru.a(soc_send.o)
                0x0010baa8                send
 .text.socuipc_cmd9
                0x0010bac8      0x15c /opt/devkitpro/libctru/lib/libctru.a(soc_sendto.o)
                0x0010bac8                socuipc_cmd9
 .text.socuipc_cmda
                0x0010bc24      0x160 /opt/devkitpro/libctru/lib/libctru.a(soc_sendto.o)
                0x0010bc24                socuipc_cmda
 .text.soc_sendto
                0x0010bd84       0x10 /opt/devkitpro/libctru/lib/libctru.a(soc_sendto.o)
                0x0010bd84                soc_sendto
 .text.sendto   0x0010bd94       0xa4 /opt/devkitpro/libctru/lib/libctru.a(soc_sendto.o)
                0x0010bd94                sendto
 .text.socket   0x0010be38      0x16c /opt/devkitpro/libctru/lib/libctru.a(soc_socket.o)
                0x0010be38                socket
 .text.__libctru_init
                0x0010bfa4       0x38 /opt/devkitpro/libctru/lib/libctru.a(ctru_init.o)
                0x0010bfa4                __libctru_init
 .text.__system_initArgv
                0x0010bfdc      0x16c /opt/devkitpro/libctru/lib/libctru.a(initArgv.o)
                0x0010bfdc                __system_initArgv
 .text.__syscall_getreent
                0x0010c148       0x30 /opt/devkitpro/libctru/lib/libctru.a(syscalls.o)
                0x0010c148                __syscall_getreent
 .text.__syscall_gettod_r
                0x0010c178       0x64 /opt/devkitpro/libctru/lib/libctru.a(syscalls.o)
                0x0010c178                __syscall_gettod_r
 .text.__syscall_lock_acquire
                0x0010c1dc        0x4 /opt/devkitpro/libctru/lib/libctru.a(syscalls.o)
                0x0010c1dc                __syscall_lock_acquire
 .text.__syscall_lock_release
                0x0010c1e0        0x4 /opt/devkitpro/libctru/lib/libctru.a(syscalls.o)
                0x0010c1e0                __syscall_lock_release
 .text.__syscall_lock_acquire_recursive
                0x0010c1e4        0x4 /opt/devkitpro/libctru/lib/libctru.a(syscalls.o)
                0x0010c1e4                __syscall_lock_acquire_recursive
 .text.__syscall_lock_release_recursive
                0x0010c1e8        0x4 /opt/devkitpro/libctru/lib/libctru.a(syscalls.o)
                0x0010c1e8                __syscall_lock_release_recursive
 .text.__syscall_exit
                0x0010c1ec        0x4 /opt/devkitpro/libctru/lib/libctru.a(syscalls.o)
                0x0010c1ec                __syscall_exit
 .text.initThreadVars
                0x0010c1f0       0x54 /opt/devkitpro/libctru/lib/libctru.a(syscalls.o)
                0x0010c1f0                initThreadVars
 .text.__system_initSyscalls
                0x0010c244       0x80 /opt/devkitpro/libctru/lib/libctru.a(syscalls.o)
                0x0010c244                __system_initSyscalls
 .text.svcControlMemory
                0x0010c2c4       0x20 /opt/devkitpro/libctru/lib/libctru.a(svc.o)
                0x0010c2c4                svcControlMemory
 .text.svcQueryMemory
                0x0010c2e4       0x30 /opt/devkitpro/libctru/lib/libctru.a(svc.o)
                0x0010c2e4                svcQueryMemory
 .text.svcExitProcess
                0x0010c314        0x8 /opt/devkitpro/libctru/lib/libctru.a(svc.o)
                0x0010c314                svcExitProcess
 .text.svcCreateThread
                0x0010c31c       0x20 /opt/devkitpro/libctru/lib/libctru.a(svc.o)
                0x0010c31c                svcCreateThread
 .text.svcExitThread
                0x0010c33c        0x8 /opt/devkitpro/libctru/lib/libctru.a(svc.o)
                0x0010c33c                svcExitThread
 .text.svcSleepThread
                0x0010c344        0x8 /opt/devkitpro/libctru/lib/libctru.a(svc.o)
                0x0010c344                svcSleepThread
 .text.svcReleaseMutex
                0x0010c34c        0x8 /opt/devkitpro/libctru/lib/libctru.a(svc.o)
                0x0010c34c                svcReleaseMutex
 .text.svcCreateEvent
                0x0010c354       0x14 /opt/devkitpro/libctru/lib/libctru.a(svc.o)
                0x0010c354                svcCreateEvent
 .text.svcSignalEvent
                0x0010c368        0x8 /opt/devkitpro/libctru/lib/libctru.a(svc.o)
                0x0010c368                svcSignalEvent
 .text.svcClearEvent
                0x0010c370        0x8 /opt/devkitpro/libctru/lib/libctru.a(svc.o)
                0x0010c370                svcClearEvent
 .text.svcCreateMemoryBlock
                0x0010c378       0x18 /opt/devkitpro/libctru/lib/libctru.a(svc.o)
                0x0010c378                svcCreateMemoryBlock
 .text.svcMapMemoryBlock
                0x0010c390        0x8 /opt/devkitpro/libctru/lib/libctru.a(svc.o)
                0x0010c390                svcMapMemoryBlock
 .text.svcUnmapMemoryBlock
                0x0010c398        0x8 /opt/devkitpro/libctru/lib/libctru.a(svc.o)
                0x0010c398                svcUnmapMemoryBlock
 .text.svcCreateAddressArbiter
                0x0010c3a0       0x14 /opt/devkitpro/libctru/lib/libctru.a(svc.o)
                0x0010c3a0                svcCreateAddressArbiter
 .text.svcArbitrateAddressNoTimeout
                0x0010c3b4        0x8 /opt/devkitpro/libctru/lib/libctru.a(svc.o)
                0x0010c3b4                svcArbitrateAddressNoTimeout
 .text.svcCloseHandle
                0x0010c3bc        0x8 /opt/devkitpro/libctru/lib/libctru.a(svc.o)
                0x0010c3bc                svcCloseHandle
 .text.svcWaitSynchronization
                0x0010c3c4        0x8 /opt/devkitpro/libctru/lib/libctru.a(svc.o)
                0x0010c3c4                svcWaitSynchronization
 .text.svcWaitSynchronizationN
                0x0010c3cc       0x28 /opt/devkitpro/libctru/lib/libctru.a(svc.o)
                0x0010c3cc                svcWaitSynchronizationN
 .text.svcDuplicateHandle
                0x0010c3f4       0x14 /opt/devkitpro/libctru/lib/libctru.a(svc.o)
                0x0010c3f4                svcDuplicateHandle
 .text.svcGetSystemTick
                0x0010c408        0x8 /opt/devkitpro/libctru/lib/libctru.a(svc.o)
                0x0010c408                svcGetSystemTick
 .text.svcConnectToPort
                0x0010c410       0x14 /opt/devkitpro/libctru/lib/libctru.a(svc.o)
                0x0010c410                svcConnectToPort
 .text.svcSendSyncRequest
                0x0010c424        0x8 /opt/devkitpro/libctru/lib/libctru.a(svc.o)
                0x0010c424                svcSendSyncRequest
 .text.svcGetResourceLimit
                0x0010c42c       0x14 /opt/devkitpro/libctru/lib/libctru.a(svc.o)
                0x0010c42c                svcGetResourceLimit
 .text.svcGetResourceLimitLimitValues
                0x0010c440        0x8 /opt/devkitpro/libctru/lib/libctru.a(svc.o)
                0x0010c440                svcGetResourceLimitLimitValues
 .text.svcGetResourceLimitCurrentValues
                0x0010c448        0x8 /opt/devkitpro/libctru/lib/libctru.a(svc.o)
                0x0010c448                svcGetResourceLimitCurrentValues
 .text.svcBreak
                0x0010c450        0x8 /opt/devkitpro/libctru/lib/libctru.a(svc.o)
                0x0010c450                svcBreak
 .text.initSystem
                0x0010c458       0x50 /opt/devkitpro/libctru/lib/libctru.a(stack_adjust.o)
                0x0010c458                initSystem
 .text.__ctru_exit
                0x0010c4a8       0x14 /opt/devkitpro/libctru/lib/libctru.a(stack_adjust.o)
                0x0010c4a8                __ctru_exit
 .text._ZL21addrMapNodeComparatorPK11rbtree_nodeS1_
                0x0010c4bc       0x24 /opt/devkitpro/libctru/lib/libctru.a(linear.o)
 .text._ZL21addrMapNodeDestructorP11rbtree_node
                0x0010c4e0        0x4 /opt/devkitpro/libctru/lib/libctru.a(linear.o)
 .text.linearMemAlign
                0x0010c4e4      0x12c /opt/devkitpro/libctru/lib/libctru.a(linear.o)
                0x0010c4e4                linearMemAlign
 .text.linearAlloc
                0x0010c610        0x8 /opt/devkitpro/libctru/lib/libctru.a(linear.o)
                0x0010c610                linearAlloc
 .text.linearFree
                0x0010c618       0x5c /opt/devkitpro/libctru/lib/libctru.a(linear.o)
                0x0010c618                linearFree
 .text._ZN7MemPool13CoalesceRightEP8MemBlock
                0x0010c674       0x88 /opt/devkitpro/libctru/lib/libctru.a(mem_pool.o)
                0x0010c674                _ZN7MemPool13CoalesceRightEP8MemBlock
 .text._ZN7MemPool8AllocateER8MemChunkmi
                0x0010c6fc      0x178 /opt/devkitpro/libctru/lib/libctru.a(mem_pool.o)
                0x0010c6fc                _ZN7MemPool8AllocateER8MemChunkmi
 .text._ZN7MemPool10DeallocateERK8MemChunk
                0x0010c874      0x118 /opt/devkitpro/libctru/lib/libctru.a(mem_pool.o)
                0x0010c874                _ZN7MemPool10DeallocateERK8MemChunk
 .text._ZN7MemPool12GetFreeSpaceEv
                0x0010c98c       0x30 /opt/devkitpro/libctru/lib/libctru.a(mem_pool.o)
                0x0010c98c                _ZN7MemPool12GetFreeSpaceEv
 .text._ZL21addrMapNodeComparatorPK11rbtree_nodeS1_
                0x0010c9bc       0x24 /opt/devkitpro/libctru/lib/libctru.a(vram.o)
 .text._ZL21addrMapNodeDestructorP11rbtree_node
                0x0010c9e0        0x4 /opt/devkitpro/libctru/lib/libctru.a(vram.o)
 .text.vramMemAlignAt
                0x0010c9e4      0x248 /opt/devkitpro/libctru/lib/libctru.a(vram.o)
                0x0010c9e4                vramMemAlignAt
 .text.vramAlloc
                0x0010cc2c        0xc /opt/devkitpro/libctru/lib/libctru.a(vram.o)
                0x0010cc2c                vramAlloc
 .text.vramFree
                0x0010cc38       0x94 /opt/devkitpro/libctru/lib/libctru.a(vram.o)
                0x0010cc38                vramFree
 .text.envGetHandle
                0x0010cccc       0x8c /opt/devkitpro/libctru/lib/libctru.a(env.o)
                0x0010cccc                envGetHandle
 .text.envDestroyHandles
                0x0010cd58       0x50 /opt/devkitpro/libctru/lib/libctru.a(env.o)
                0x0010cd58                envDestroyHandles
 .text.srvInit  0x0010cda8      0x164 /opt/devkitpro/libctru/lib/libctru.a(srv.o)
                0x0010cda8                srvInit
 .text.srvExit  0x0010cf0c       0x64 /opt/devkitpro/libctru/lib/libctru.a(srv.o)
                0x0010cf0c                srvExit
 .text.srvEnableNotification
                0x0010cf70       0x60 /opt/devkitpro/libctru/lib/libctru.a(srv.o)
                0x0010cf70                srvEnableNotification
 .text.srvGetServiceHandleDirect
                0x0010cfd0       0xa0 /opt/devkitpro/libctru/lib/libctru.a(srv.o)
                0x0010cfd0                srvGetServiceHandleDirect
 .text.srvGetServiceHandle
                0x0010d070       0x48 /opt/devkitpro/libctru/lib/libctru.a(srv.o)
                0x0010d070                srvGetServiceHandle
 .text.srvSubscribe
                0x0010d0b8       0x34 /opt/devkitpro/libctru/lib/libctru.a(srv.o)
                0x0010d0b8                srvSubscribe
 .text.srvReceiveNotification
                0x0010d0ec       0x60 /opt/devkitpro/libctru/lib/libctru.a(srv.o)
                0x0010d0ec                srvReceiveNotification
 .text.srvPublishToSubscriber
                0x0010d14c       0x38 /opt/devkitpro/libctru/lib/libctru.a(srv.o)
                0x0010d14c                srvPublishToSubscriber
 .text.__sync_init
                0x0010d184        0xc /opt/devkitpro/libctru/lib/libctru.a(synchronization.o)
                0x0010d184                __sync_init
 .text.__sync_fini
                0x0010d190       0x18 /opt/devkitpro/libctru/lib/libctru.a(synchronization.o)
                0x0010d190                __sync_fini
 .text.syncArbitrateAddress
                0x0010d1a8       0x28 /opt/devkitpro/libctru/lib/libctru.a(synchronization.o)
                0x0010d1a8                syncArbitrateAddress
 .text.LightLock_Lock
                0x0010d1d0       0xac /opt/devkitpro/libctru/lib/libctru.a(synchronization.o)
                0x0010d1d0                LightLock_Lock
 .text.LightLock_Unlock
                0x0010d27c       0x40 /opt/devkitpro/libctru/lib/libctru.a(synchronization.o)
                0x0010d27c                LightLock_Unlock
 .text.RecursiveLock_Lock
                0x0010d2bc       0x54 /opt/devkitpro/libctru/lib/libctru.a(synchronization.o)
                0x0010d2bc                RecursiveLock_Lock
 .text.RecursiveLock_Unlock
                0x0010d310       0x54 /opt/devkitpro/libctru/lib/libctru.a(synchronization.o)
                0x0010d310                RecursiveLock_Unlock
 .text.LightEvent_Init
                0x0010d364       0x44 /opt/devkitpro/libctru/lib/libctru.a(synchronization.o)
                0x0010d364                LightEvent_Init
 .text.LightEvent_Clear
                0x0010d3a8       0xb8 /opt/devkitpro/libctru/lib/libctru.a(synchronization.o)
                0x0010d3a8                LightEvent_Clear
 .text.LightEvent_Signal
                0x0010d460       0xdc /opt/devkitpro/libctru/lib/libctru.a(synchronization.o)
                0x0010d460                LightEvent_Signal
 .text.LightEvent_TryWait
                0x0010d53c       0x50 /opt/devkitpro/libctru/lib/libctru.a(synchronization.o)
                0x0010d53c                LightEvent_TryWait
 .text.LightEvent_Wait
                0x0010d58c       0xac /opt/devkitpro/libctru/lib/libctru.a(synchronization.o)
                0x0010d58c                LightEvent_Wait
 .text.threadCreate
                0x0010d638      0x1fc /opt/devkitpro/libctru/lib/libctru.a(thread.o)
                0x0010d638                threadCreate
 .text.threadFree
                0x0010d834       0x38 /opt/devkitpro/libctru/lib/libctru.a(thread.o)
                0x0010d834                threadFree
 .text.threadJoin
                0x0010d86c       0x24 /opt/devkitpro/libctru/lib/libctru.a(thread.o)
                0x0010d86c                threadJoin
 .text.threadGetCurrent
                0x0010d890       0x30 /opt/devkitpro/libctru/lib/libctru.a(thread.o)
                0x0010d890                threadGetCurrent
 .text.threadExit
                0x0010d8c0       0x40 /opt/devkitpro/libctru/lib/libctru.a(thread.o)
                0x0010d8c0                threadExit
 .text._thread_begin
                0x0010d900       0x20 /opt/devkitpro/libctru/lib/libctru.a(thread.o)
 .text.mappableFindAddressWithin
                0x0010d920       0x90 /opt/devkitpro/libctru/lib/libctru.a(mappable.o)
 .text.mappableInit
                0x0010d9b0       0x28 /opt/devkitpro/libctru/lib/libctru.a(mappable.o)
                0x0010d9b0                mappableInit
 .text.mappableAlloc
                0x0010d9d8       0x7c /opt/devkitpro/libctru/lib/libctru.a(mappable.o)
                0x0010d9d8                mappableAlloc
 .text.mappableFree
                0x0010da54        0x4 /opt/devkitpro/libctru/lib/libctru.a(mappable.o)
                0x0010da54                mappableFree
 .text.srvPmGetSessionHandle
                0x0010da58        0xc /opt/devkitpro/libctru/lib/libctru.a(srvpm.o)
                0x0010da58                srvPmGetSessionHandle
 .text._net_convert_error
                0x0010da64       0x3c /opt/devkitpro/libctru/lib/libctru.a(soc_common.o)
                0x0010da64                _net_convert_error
 .text.rbtree_find
                0x0010daa0       0x74 /opt/devkitpro/libctru/lib/libctru.a(rbtree_find.o)
                0x0010daa0                rbtree_find
 .text.rbtree_init
                0x0010db14       0x10 /opt/devkitpro/libctru/lib/libctru.a(rbtree_init.o)
                0x0010db14                rbtree_init
 .text.do_insert
                0x0010db24      0x198 /opt/devkitpro/libctru/lib/libctru.a(rbtree_insert.o)
 .text.rbtree_insert
                0x0010dcbc        0x8 /opt/devkitpro/libctru/lib/libctru.a(rbtree_insert.o)
                0x0010dcbc                rbtree_insert
 .text.rbtree_remove
                0x0010dcc4      0x310 /opt/devkitpro/libctru/lib/libctru.a(rbtree_remove.o)
                0x0010dcc4                rbtree_remove
 .text.rbtree_rotate
                0x0010dfd4       0x90 /opt/devkitpro/libctru/lib/libctru.a(rbtree_rotate.o)
                0x0010dfd4                rbtree_rotate
 *fill*         0x0010e064        0x4 
 .text.__system_allocateHeaps
                0x0010e068      0x1e8 /opt/devkitpro/libctru/lib/libctru.a(allocateHeaps.o)
                0x0010e068                __system_allocateHeaps
 .text.__appExit
                0x0010e250       0x30 /opt/devkitpro/libctru/lib/libctru.a(appExit.o)
                0x0010e250                __appExit
 .text.__appInit
                0x0010e280       0x30 /opt/devkitpro/libctru/lib/libctru.a(appInit.o)
                0x0010e280                __appInit
 .text.__libctru_exit
                0x0010e2b0       0x90 /opt/devkitpro/libctru/lib/libctru.a(ctru_exit.o)
                0x0010e2b0                __libctru_exit
 .text.error_cmp
                0x0010e340       0x24 /opt/devkitpro/libctru/lib/libctru.a(archive_dev.o)
 .text.archive_translate_error
                0x0010e364       0x50 /opt/devkitpro/libctru/lib/libctru.a(archive_dev.o)
 .text.archive_seek
                0x0010e3b4       0xc0 /opt/devkitpro/libctru/lib/libctru.a(archive_dev.o)
 .text._archiveInit.part.0
                0x0010e474       0x78 /opt/devkitpro/libctru/lib/libctru.a(archive_dev.o)
 .text.archiveFindDevice.part.0
                0x0010e4ec      0x110 /opt/devkitpro/libctru/lib/libctru.a(archive_dev.o)
 .text.archive_utf16path
                0x0010e5fc      0x298 /opt/devkitpro/libctru/lib/libctru.a(archive_dev.o)
 .text._archiveUnmountDeviceStruct.part.0
                0x0010e894       0x98 /opt/devkitpro/libctru/lib/libctru.a(archive_dev.o)
 .text._archiveMountDevice
                0x0010e92c      0x178 /opt/devkitpro/libctru/lib/libctru.a(archive_dev.o)
 .text.archive_diropen
                0x0010eaa4       0xf8 /opt/devkitpro/libctru/lib/libctru.a(archive_dev.o)
 .text.archive_fstat
                0x0010eb9c       0xac /opt/devkitpro/libctru/lib/libctru.a(archive_dev.o)
 .text.archive_fsync
                0x0010ec48       0x74 /opt/devkitpro/libctru/lib/libctru.a(archive_dev.o)
 .text.archive_close
                0x0010ecbc       0x74 /opt/devkitpro/libctru/lib/libctru.a(archive_dev.o)
 .text.archive_dirclose
                0x0010ed30       0x78 /opt/devkitpro/libctru/lib/libctru.a(archive_dev.o)
 .text.sdmc_statvfs
                0x0010eda8       0xec /opt/devkitpro/libctru/lib/libctru.a(archive_dev.o)
 .text.archive_chdir
                0x0010ee94       0xf8 /opt/devkitpro/libctru/lib/libctru.a(archive_dev.o)
 .text.archive_ftruncate
                0x0010ef8c       0x8c /opt/devkitpro/libctru/lib/libctru.a(archive_dev.o)
 .text.archive_read
                0x0010f018       0xbc /opt/devkitpro/libctru/lib/libctru.a(archive_dev.o)
 .text.archive_unlink
                0x0010f0d4       0xa8 /opt/devkitpro/libctru/lib/libctru.a(archive_dev.o)
 .text.archive_rmdir
                0x0010f17c       0xc0 /opt/devkitpro/libctru/lib/libctru.a(archive_dev.o)
 .text.archive_mkdir
                0x0010f23c       0xd8 /opt/devkitpro/libctru/lib/libctru.a(archive_dev.o)
 .text.archive_stat
                0x0010f314      0x1a0 /opt/devkitpro/libctru/lib/libctru.a(archive_dev.o)
 .text.archive_dirnext
                0x0010f4b4      0x164 /opt/devkitpro/libctru/lib/libctru.a(archive_dev.o)
 .text.archive_write
                0x0010f618      0x13c /opt/devkitpro/libctru/lib/libctru.a(archive_dev.o)
 *fill*         0x0010f754        0x4 
 .text.archive_open
                0x0010f758      0x254 /opt/devkitpro/libctru/lib/libctru.a(archive_dev.o)
 .text.archive_rename
                0x0010f9ac      0x270 /opt/devkitpro/libctru/lib/libctru.a(archive_dev.o)
 .text.archiveMountSdmc
                0x0010fc1c      0x1c8 /opt/devkitpro/libctru/lib/libctru.a(archive_dev.o)
                0x0010fc1c                archiveMountSdmc
 .text.archiveUnmountAll
                0x0010fde4       0x54 /opt/devkitpro/libctru/lib/libctru.a(archive_dev.o)
                0x0010fde4                archiveUnmountAll
 .text.fsInit   0x0010fe38      0x104 /opt/devkitpro/libctru/lib/libctru.a(fs.o)
                0x0010fe38                fsInit
 .text.fsExit   0x0010ff3c       0x3c /opt/devkitpro/libctru/lib/libctru.a(fs.o)
                0x0010ff3c                fsExit
 .text.fsExemptFromSession
                0x0010ff78       0x68 /opt/devkitpro/libctru/lib/libctru.a(fs.o)
                0x0010ff78                fsExemptFromSession
 .text.fsUnexemptFromSession
                0x0010ffe0       0x50 /opt/devkitpro/libctru/lib/libctru.a(fs.o)
                0x0010ffe0                fsUnexemptFromSession
 .text.FSUSER_OpenFile
                0x00110030       0xcc /opt/devkitpro/libctru/lib/libctru.a(fs.o)
                0x00110030                FSUSER_OpenFile
 .text.FSUSER_DeleteFile
                0x001100fc       0xb8 /opt/devkitpro/libctru/lib/libctru.a(fs.o)
                0x001100fc                FSUSER_DeleteFile
 .text.FSUSER_RenameFile
                0x001101b4       0xf4 /opt/devkitpro/libctru/lib/libctru.a(fs.o)
                0x001101b4                FSUSER_RenameFile
 .text.FSUSER_DeleteDirectory
                0x001102a8       0xb8 /opt/devkitpro/libctru/lib/libctru.a(fs.o)
                0x001102a8                FSUSER_DeleteDirectory
 .text.FSUSER_CreateFile
                0x00110360       0xd0 /opt/devkitpro/libctru/lib/libctru.a(fs.o)
                0x00110360                FSUSER_CreateFile
 .text.FSUSER_CreateDirectory
                0x00110430       0xc0 /opt/devkitpro/libctru/lib/libctru.a(fs.o)
                0x00110430                FSUSER_CreateDirectory
 .text.FSUSER_RenameDirectory
                0x001104f0       0xf4 /opt/devkitpro/libctru/lib/libctru.a(fs.o)
                0x001104f0                FSUSER_RenameDirectory
 .text.FSUSER_OpenDirectory
                0x001105e4       0xb4 /opt/devkitpro/libctru/lib/libctru.a(fs.o)
                0x001105e4                FSUSER_OpenDirectory
 .text.FSUSER_OpenArchive
                0x00110698       0x90 /opt/devkitpro/libctru/lib/libctru.a(fs.o)
                0x00110698                FSUSER_OpenArchive
 .text.FSUSER_CloseArchive
                0x00110728       0x8c /opt/devkitpro/libctru/lib/libctru.a(fs.o)
                0x00110728                FSUSER_CloseArchive
 .text.FSUSER_GetSdmcArchiveResource
                0x001107b4       0x74 /opt/devkitpro/libctru/lib/libctru.a(fs.o)
                0x001107b4                FSUSER_GetSdmcArchiveResource
 .text.FSUSER_IsSdmcWritable
                0x00110828       0x64 /opt/devkitpro/libctru/lib/libctru.a(fs.o)
                0x00110828                FSUSER_IsSdmcWritable
 .text.FSFILE_Read
                0x0011088c       0x64 /opt/devkitpro/libctru/lib/libctru.a(fs.o)
                0x0011088c                FSFILE_Read
 .text.FSFILE_Write
                0x001108f0       0x6c /opt/devkitpro/libctru/lib/libctru.a(fs.o)
                0x001108f0                FSFILE_Write
 .text.FSFILE_GetSize
                0x0011095c       0x44 /opt/devkitpro/libctru/lib/libctru.a(fs.o)
                0x0011095c                FSFILE_GetSize
 .text.FSFILE_SetSize
                0x001109a0       0x28 /opt/devkitpro/libctru/lib/libctru.a(fs.o)
                0x001109a0                FSFILE_SetSize
 .text.FSFILE_Close
                0x001109c8       0x3c /opt/devkitpro/libctru/lib/libctru.a(fs.o)
                0x001109c8                FSFILE_Close
 .text.FSFILE_Flush
                0x00110a04       0x24 /opt/devkitpro/libctru/lib/libctru.a(fs.o)
                0x00110a04                FSFILE_Flush
 .text.FSDIR_Read
                0x00110a28       0x60 /opt/devkitpro/libctru/lib/libctru.a(fs.o)
                0x00110a28                FSDIR_Read
 .text.FSDIR_Close
                0x00110a88       0x3c /opt/devkitpro/libctru/lib/libctru.a(fs.o)
                0x00110a88                FSDIR_Close
 .text.rbtree_node_next
                0x00110ac4       0x60 /opt/devkitpro/libctru/lib/libctru.a(rbtree_iterator.o)
                0x00110ac4                rbtree_node_next
 .text.decode_utf8
                0x00110b24      0x140 /opt/devkitpro/libctru/lib/libctru.a(decode_utf8.o)
                0x00110b24                decode_utf8
 .text.utf16_to_utf8
                0x00110c64       0xe8 /opt/devkitpro/libctru/lib/libctru.a(utf16_to_utf8.o)
                0x00110c64                utf16_to_utf8
 .text.utf8_to_utf16
                0x00110d4c       0xc0 /opt/devkitpro/libctru/lib/libctru.a(utf8_to_utf16.o)
                0x00110d4c                utf8_to_utf16
 .text.__aeabi_read_tp
                0x00110e0c        0xc /opt/devkitpro/libctru/lib/libctru.a(readtp.o)
                0x00110e0c                __aeabi_read_tp
 .text.decode_utf16
                0x00110e18       0x54 /opt/devkitpro/libctru/lib/libctru.a(decode_utf16.o)
                0x00110e18                decode_utf16
 .text.encode_utf16
                0x00110e6c       0x54 /opt/devkitpro/libctru/lib/libctru.a(encode_utf16.o)
                0x00110e6c                encode_utf16
 .text.encode_utf8
                0x00110ec0       0xe0 /opt/devkitpro/libctru/lib/libctru.a(encode_utf8.o)
                0x00110ec0                encode_utf8
 .text.__fixdfdi
                0x00110fa0       0x2c /opt/devkitpro/devkitARM/lib/gcc/arm-none-eabi/15.2.0/armv6k/fpu/libgcc.a(_fixdfdi.o)
                0x00110fa0                __aeabi_d2lz
                0x00110fa0                __fixdfdi
 *fill*         0x00110fcc        0x4 
 .text.__fixunsdfdi
                0x00110fd0       0x40 /opt/devkitpro/devkitARM/lib/gcc/arm-none-eabi/15.2.0/armv6k/fpu/libgcc.a(_fixunsdfdi.o)
                0x00110fd0                __aeabi_d2ulz
                0x00110fd0                __fixunsdfdi
 .text.__udivmoddi4
                0x00111010      0x130 /opt/devkitpro/devkitARM/lib/gcc/arm-none-eabi/15.2.0/armv6k/fpu/libgcc.a(_udivmoddi4.o)
                0x00111010                __udivmoddi4
 .text.strncat  0x00111140       0xe4 /opt/devkitpro/devkitARM/lib/gcc/arm-none-eabi/15.2.0/../../../../arm-none-eabi/lib/armv6k/fpu/libc.a(libc_a-strncat.o)
                0x00111140                strncat
 .text.ftell    0x00111224       0x34 /opt/devkitpro/devkitARM/lib/gcc/arm-none-eabi/15.2.0/../../../../arm-none-eabi/lib/armv6k/fpu/libc.a(libc_a-ftell.o)
                0x00111224                ftell
 .text.sscanf   0x00111258       0x78 /opt/devkitpro/devkitARM/lib/gcc/arm-none-eabi/15.2.0/../../../../arm-none-eabi/lib/armv6k/fpu/libc.a(libc_a-sscanf.o)
                0x00111258                sscanf
 .text.critical_factorization
                0x001112d0      0x130 /opt/devkitpro/devkitARM/lib/gcc/arm-none-eabi/15.2.0/../../../../arm-none-eabi/lib/armv6k/fpu/libc.a(libc_a-strstr.o)
 .text.two_way_long_needle
                0x00111400      0x33c /opt/devkitpro/devkitARM/lib/gcc/arm-none-eabi/15.2.0/../../../../arm-none-eabi/lib/armv6k/fpu/libc.a(libc_a-strstr.o)
 .text.strstr   0x0011173c      0x238 /opt/devkitpro/devkitARM/lib/gcc/arm-none-eabi/15.2.0/../../../../arm-none-eabi/lib/armv6k/fpu/libc.a(libc_a-strstr.o)
                0x0011173c                strstr
 .text.memcpy   0x00111974      0x128 /opt/devkitpro/devkitARM/lib/gcc/arm-none-eabi/15.2.0/../../../../arm-none-eabi/lib/armv6k/fpu/libc.a(libc_a-memcpy-stub.o)
                0x00111974                memcpy
 .text.strlen   0x00111a9c       0x8c /opt/devkitpro/devkitARM/lib/gcc/arm-none-eabi/15.2.0/../../../../arm-none-eabi/lib/armv6k/fpu/libc.a(libc_a-strlen.o)
                0x00111a9c                strlen
 .text._fread_r
                0x00111b28      0x334 /opt/devkitpro/devkitARM/lib/gcc/arm-none-eabi/15.2.0/../../../../arm-none-eabi/lib/armv6k/fpu/libc.a(libc_a-fread.o)
                0x00111b28                _fread_r
 .text.fread    0x00111e5c       0x38 /opt/devkitpro/devkitARM/lib/gcc/arm-none-eabi/15.2.0/../../../../arm-none-eabi/lib/armv6k/fpu/libc.a(libc_a-fread.o)
                0x00111e5c                fread
 .text.bsearch  0x00111e94       0x78 /opt/devkitpro/devkitARM/lib/gcc/arm-none-eabi/15.2.0/../../../../arm-none-eabi/lib/armv6k/fpu/libc.a(libc_a-bsearch.o)
                0x00111e94                bsearch
 .text.get_arg  0x00111f0c       0x50 /opt/devkitpro/devkitARM/lib/gcc/arm-none-eabi/15.2.0/../../../../arm-none-eabi/lib/armv6k/fpu/libc.a(libc_a-svfscanf.o)
 .text.__ssvfscanf_r
                0x00111f5c     0x2b88 /opt/devkitpro/devkitARM/lib/gcc/arm-none-eabi/15.2.0/../../../../arm-none-eabi/lib/armv6k/fpu/libc.a(libc_a-svfscanf.o)
                0x00111f5c                __ssvfscanf_r
 .text._fopen_r
                0x00114ae4      0x134 /opt/devkitpro/devkitARM/lib/gcc/arm-none-eabi/15.2.0/../../../../arm-none-eabi/lib/armv6k/fpu/libc.a(libc_a-fopen.o)
                0x00114ae4                _fopen_r
 .text.fopen    0x00114c18       0x28 /opt/devkitpro/devkitARM/lib/gcc/arm-none-eabi/15.2.0/../../../../arm-none-eabi/lib/armv6k/fpu/libc.a(libc_a-fopen.o)
                0x00114c18                fopen
 .text.sulp     0x00114c40       0x60 /opt/devkitpro/devkitARM/lib/gcc/arm-none-eabi/15.2.0/../../../../arm-none-eabi/lib/armv6k/fpu/libc.a(libc_a-strtod.o)
 .text._strtod_l
                0x00114ca0     0x1428 /opt/devkitpro/devkitARM/lib/gcc/arm-none-eabi/15.2.0/../../../../arm-none-eabi/lib/armv6k/fpu/libc.a(libc_a-strtod.o)
                0x00114ca0                _strtod_l
 .text._strtod_r
                0x001160c8       0x44 /opt/devkitpro/devkitARM/lib/gcc/arm-none-eabi/15.2.0/../../../../arm-none-eabi/lib/armv6k/fpu/libc.a(libc_a-strtod.o)
                0x001160c8                _strtod_r
 .text.close    0x0011610c       0x20 /opt/devkitpro/devkitARM/lib/gcc/arm-none-eabi/15.2.0/../../../../arm-none-eabi/lib/armv6k/fpu/libc.a(libc_a-sysclose.o)
                0x0011610c                close
 .text.memalign
                0x0011612c       0x28 /opt/devkitpro/devkitARM/lib/gcc/arm-none-eabi/15.2.0/../../../../arm-none-eabi/lib/armv6k/fpu/libc.a(libc_a-malign.o)
                0x0011612c                memalign
 .text._strtoull_l.isra.0
                0x00116154      0x264 /opt/devkitpro/devkitARM/lib/gcc/arm-none-eabi/15.2.0/../../../../arm-none-eabi/lib/armv6k/fpu/libc.a(libc_a-strtoull.o)
 .text._strtoull_r
                0x001163b8       0x38 /opt/devkitpro/devkitARM/lib/gcc/arm-none-eabi/15.2.0/../../../../arm-none-eabi/lib/armv6k/fpu/libc.a(libc_a-strtoull.o)
                0x001163b8                _strtoull_r
 .text.strcasecmp
                0x001163f0       0x68 /opt/devkitpro/devkitARM/lib/gcc/arm-none-eabi/15.2.0/../../../../arm-none-eabi/lib/armv6k/fpu/libc.a(libc_a-strcasecmp.o)
                0x001163f0                strcasecmp
 .text.rshift   0x00116458       0xf4 /opt/devkitpro/devkitARM/lib/gcc/arm-none-eabi/15.2.0/../../../../arm-none-eabi/lib/armv6k/fpu/libc.a(libc_a-gdtoa-gethex.o)
 .text.__gethex
                0x0011654c      0x8b4 /opt/devkitpro/devkitARM/lib/gcc/arm-none-eabi/15.2.0/../../../../arm-none-eabi/lib/armv6k/fpu/libc.a(libc_a-gdtoa-gethex.o)
                0x0011654c                __gethex
 .text.snprintf
                0x00116e00       0xa0 /opt/devkitpro/devkitARM/lib/gcc/arm-none-eabi/15.2.0/../../../../arm-none-eabi/lib/armv6k/fpu/libc.a(libc_a-snprintf.o)
                0x00116e00                snprintf
 .text.printf   0x00116ea0       0x34 /opt/devkitpro/devkitARM/lib/gcc/arm-none-eabi/15.2.0/../../../../arm-none-eabi/lib/armv6k/fpu/libc.a(libc_a-printf.o)
                0x00116ea0                printf
 .text._strtoul_l.isra.0
                0x00116ed4      0x1ec /opt/devkitpro/devkitARM/lib/gcc/arm-none-eabi/15.2.0/../../../../arm-none-eabi/lib/armv6k/fpu/libc.a(libc_a-strtoul.o)
 .text._strtoul_r
                0x001170c0       0x38 /opt/devkitpro/devkitARM/lib/gcc/arm-none-eabi/15.2.0/../../../../arm-none-eabi/lib/armv6k/fpu/libc.a(libc_a-strtoul.o)
                0x001170c0                _strtoul_r
 .text.strtoul  0x001170f8       0x3c /opt/devkitpro/devkitARM/lib/gcc/arm-none-eabi/15.2.0/../../../../arm-none-eabi/lib/armv6k/fpu/libc.a(libc_a-strtoul.o)
                0x001170f8                strtoul
 .text._mbrtowc_r
                0x00117134       0xc4 /opt/devkitpro/devkitARM/lib/gcc/arm-none-eabi/15.2.0/../../../../arm-none-eabi/lib/armv6k/fpu/libc.a(libc_a-mbrtowc.o)
                0x00117134                _mbrtowc_r
 .text.remove   0x001171f8       0x58 /opt/devkitpro/devkitARM/lib/gcc/arm-none-eabi/15.2.0/../../../../arm-none-eabi/lib/armv6k/fpu/libc.a(libc_a-remove.o)
                0x001171f8                remove
 .text.strncasecmp
                0x00117250       0x94 /opt/devkitpro/devkitARM/lib/gcc/arm-none-eabi/15.2.0/../../../../arm-none-eabi/lib/armv6k/fpu/libc.a(libc_a-strncasecmp.o)
                0x00117250                strncasecmp
 .text.strchr   0x001172e4      0x140 /opt/devkitpro/devkitARM/lib/gcc/arm-none-eabi/15.2.0/../../../../arm-none-eabi/lib/armv6k/fpu/libc.a(libc_a-strchr.o)
                0x001172e4                strchr
 .text.memcmp   0x00117424       0xd8 /opt/devkitpro/devkitARM/lib/gcc/arm-none-eabi/15.2.0/../../../../arm-none-eabi/lib/armv6k/fpu/libc.a(libc_a-memcmp.o)
                0x00117424                memcmp
 .text._fgets_r
                0x001174fc      0x198 /opt/devkitpro/devkitARM/lib/gcc/arm-none-eabi/15.2.0/../../../../arm-none-eabi/lib/armv6k/fpu/libc.a(libc_a-fgets.o)
                0x001174fc                _fgets_r
 .text.fgets    0x00117694       0x30 /opt/devkitpro/devkitARM/lib/gcc/arm-none-eabi/15.2.0/../../../../arm-none-eabi/lib/armv6k/fpu/libc.a(libc_a-fgets.o)
                0x00117694                fgets
 .text.calloc   0x001176c4       0x28 /opt/devkitpro/devkitARM/lib/gcc/arm-none-eabi/15.2.0/../../../../arm-none-eabi/lib/armv6k/fpu/libc.a(libc_a-calloc.o)
                0x001176c4                calloc
 .text.__sccl   0x001176ec       0xf8 /opt/devkitpro/devkitARM/lib/gcc/arm-none-eabi/15.2.0/../../../../arm-none-eabi/lib/armv6k/fpu/libc.a(libc_a-sccl.o)
                0x001176ec                __sccl
 .text._memalign_r
                0x001177e4      0x16c /opt/devkitpro/devkitARM/lib/gcc/arm-none-eabi/15.2.0/../../../../arm-none-eabi/lib/armv6k/fpu/libc.a(libc_a-malignr.o)
                0x001177e4                _memalign_r
 .text.__errno  0x00117950        0xc /opt/devkitpro/devkitARM/lib/gcc/arm-none-eabi/15.2.0/../../../../arm-none-eabi/lib/armv6k/fpu/libc.a(libc_a-errno.o)
                0x00117950                __errno
 .text.__smakebuf_r
                0x0011795c      0x164 /opt/devkitpro/devkitARM/lib/gcc/arm-none-eabi/15.2.0/../../../../arm-none-eabi/lib/armv6k/fpu/libc.a(libc_a-makebuf.o)
                0x0011795c                __smakebuf_r
 .text.__swhatbuf_r
                0x00117ac0       0x90 /opt/devkitpro/devkitARM/lib/gcc/arm-none-eabi/15.2.0/../../../../arm-none-eabi/lib/armv6k/fpu/libc.a(libc_a-makebuf.o)
                0x00117ac0                __swhatbuf_r
 .text._strtoll_l.isra.0
                0x00117b50      0x47c /opt/devkitpro/devkitARM/lib/gcc/arm-none-eabi/15.2.0/../../../../arm-none-eabi/lib/armv6k/fpu/libc.a(libc_a-strtoll.o)
 .text._strtoll_r
                0x00117fcc       0x38 /opt/devkitpro/devkitARM/lib/gcc/arm-none-eabi/15.2.0/../../../../arm-none-eabi/lib/armv6k/fpu/libc.a(libc_a-strtoll.o)
                0x00117fcc                _strtoll_r
 .text.__locale_mb_cur_max
                0x00118004       0x24 /opt/devkitpro/devkitARM/lib/gcc/arm-none-eabi/15.2.0/../../../../arm-none-eabi/lib/armv6k/fpu/libc.a(libc_a-locale.o)
                0x00118004                __locale_mb_cur_max
 .text.memset   0x00118028       0xe4 /opt/devkitpro/devkitARM/lib/gcc/arm-none-eabi/15.2.0/../../../../arm-none-eabi/lib/armv6k/fpu/libc.a(libc_a-memset.o)
                0x00118028                memset
 .text._calloc_r
                0x0011810c       0xd8 /opt/devkitpro/devkitARM/lib/gcc/arm-none-eabi/15.2.0/../../../../arm-none-eabi/lib/armv6k/fpu/libc.a(libc_a-callocr.o)
                0x0011810c                _calloc_r
 .text.__sflush_r
                0x001181e4      0x22c /opt/devkitpro/devkitARM/lib/gcc/arm-none-eabi/15.2.0/../../../../arm-none-eabi/lib/armv6k/fpu/libc.a(libc_a-fflush.o)
                0x001181e4                __sflush_r
 .text._fflush_r
                0x00118410       0xc4 /opt/devkitpro/devkitARM/lib/gcc/arm-none-eabi/15.2.0/../../../../arm-none-eabi/lib/armv6k/fpu/libc.a(libc_a-fflush.o)
                0x00118410                _fflush_r
 .text._fwrite_r
                0x001184d4      0x104 /opt/devkitpro/devkitARM/lib/gcc/arm-none-eabi/15.2.0/../../../../arm-none-eabi/lib/armv6k/fpu/libc.a(libc_a-fwrite.o)
                0x001184d4                _fwrite_r
 .text.fwrite   0x001185d8       0x38 /opt/devkitpro/devkitARM/lib/gcc/arm-none-eabi/15.2.0/../../../../arm-none-eabi/lib/armv6k/fpu/libc.a(libc_a-fwrite.o)
                0x001185d8                fwrite
 .text.realloc  0x00118610       0x28 /opt/devkitpro/devkitARM/lib/gcc/arm-none-eabi/15.2.0/../../../../arm-none-eabi/lib/armv6k/fpu/libc.a(libc_a-realloc.o)
                0x00118610                realloc
 .text.qsort    0x00118638      0x8e8 /opt/devkitpro/devkitARM/lib/gcc/arm-none-eabi/15.2.0/../../../../arm-none-eabi/lib/armv6k/fpu/libc.a(libc_a-qsort.o)
                0x00118638                qsort
 .text._ftello_r
                0x00118f20      0x1c4 /opt/devkitpro/devkitARM/lib/gcc/arm-none-eabi/15.2.0/../../../../arm-none-eabi/lib/armv6k/fpu/libc.a(libc_a-ftello.o)
                0x00118f20                _ftello_r
 .text._malloc_r
                0x001190e4      0x82c /opt/devkitpro/devkitARM/lib/gcc/arm-none-eabi/15.2.0/../../../../arm-none-eabi/lib/armv6k/fpu/libc.a(libc_a-mallocr.o)
                0x001190e4                _malloc_r
 .text._malloc_trim_r
                0x00119910      0x114 /opt/devkitpro/devkitARM/lib/gcc/arm-none-eabi/15.2.0/../../../../arm-none-eabi/lib/armv6k/fpu/libc.a(libc_a-freer.o)
                0x00119910                _malloc_trim_r
 .text._free_r  0x00119a24      0x314 /opt/devkitpro/devkitARM/lib/gcc/arm-none-eabi/15.2.0/../../../../arm-none-eabi/lib/armv6k/fpu/libc.a(libc_a-freer.o)
                0x00119a24                _free_r
 .text.setvbuf  0x00119d38      0x294 /opt/devkitpro/devkitARM/lib/gcc/arm-none-eabi/15.2.0/../../../../arm-none-eabi/lib/armv6k/fpu/libc.a(libc_a-setvbuf.o)
                0x00119d38                setvbuf
 .text.get_arg  0x00119fcc       0x50 /opt/devkitpro/devkitARM/lib/gcc/arm-none-eabi/15.2.0/../../../../arm-none-eabi/lib/armv6k/fpu/libc.a(libc_a-svfiscanf.o)
 .text._sungetc_r
                0x0011a01c       0xe4 /opt/devkitpro/devkitARM/lib/gcc/arm-none-eabi/15.2.0/../../../../arm-none-eabi/lib/armv6k/fpu/libc.a(libc_a-svfiscanf.o)
                0x0011a01c                _sungetc_r
 .text.__ssrefill_r
                0x0011a100       0x6c /opt/devkitpro/devkitARM/lib/gcc/arm-none-eabi/15.2.0/../../../../arm-none-eabi/lib/armv6k/fpu/libc.a(libc_a-svfiscanf.o)
                0x0011a100                __ssrefill_r
 .text._sfread_r
                0x0011a16c       0xb4 /opt/devkitpro/devkitARM/lib/gcc/arm-none-eabi/15.2.0/../../../../arm-none-eabi/lib/armv6k/fpu/libc.a(libc_a-svfiscanf.o)
                0x0011a16c                _sfread_r
 .text.__ssvfiscanf_r
                0x0011a220     0x22c4 /opt/devkitpro/devkitARM/lib/gcc/arm-none-eabi/15.2.0/../../../../arm-none-eabi/lib/armv6k/fpu/libc.a(libc_a-svfiscanf.o)
                0x0011a220                __ssvfiscanf_r
 .text.stdio_exit_handler
                0x0011c4e4       0x1c /opt/devkitpro/devkitARM/lib/gcc/arm-none-eabi/15.2.0/../../../../arm-none-eabi/lib/armv6k/fpu/libc.a(libc_a-findfp.o)
 .text.cleanup_stdio
                0x0011c500       0x5c /opt/devkitpro/devkitARM/lib/gcc/arm-none-eabi/15.2.0/../../../../arm-none-eabi/lib/armv6k/fpu/libc.a(libc_a-findfp.o)
 .text.global_stdio_init.part.0
                0x0011c55c      0x154 /opt/devkitpro/devkitARM/lib/gcc/arm-none-eabi/15.2.0/../../../../arm-none-eabi/lib/armv6k/fpu/libc.a(libc_a-findfp.o)
 .text.__sfp    0x0011c6b0      0x138 /opt/devkitpro/devkitARM/lib/gcc/arm-none-eabi/15.2.0/../../../../arm-none-eabi/lib/armv6k/fpu/libc.a(libc_a-findfp.o)
                0x0011c6b0                __sfp
 .text.__sinit  0x0011c7e8       0x5c /opt/devkitpro/devkitARM/lib/gcc/arm-none-eabi/15.2.0/../../../../arm-none-eabi/lib/armv6k/fpu/libc.a(libc_a-findfp.o)
                0x0011c7e8                __sinit
 .text.__sfp_lock_acquire
                0x0011c844        0xc /opt/devkitpro/devkitARM/lib/gcc/arm-none-eabi/15.2.0/../../../../arm-none-eabi/lib/armv6k/fpu/libc.a(libc_a-findfp.o)
                0x0011c844                __sfp_lock_acquire
 .text.__sfp_lock_release
                0x0011c850        0xc /opt/devkitpro/devkitARM/lib/gcc/arm-none-eabi/15.2.0/../../../../arm-none-eabi/lib/armv6k/fpu/libc.a(libc_a-findfp.o)
                0x0011c850                __sfp_lock_release
 .text.atoi     0x0011c85c        0xc /opt/devkitpro/devkitARM/lib/gcc/arm-none-eabi/15.2.0/../../../../arm-none-eabi/lib/armv6k/fpu/libc.a(libc_a-atoi.o)
                0x0011c85c                atoi
 .text._strtol_l.part.0
                0x0011c868      0x384 /opt/devkitpro/devkitARM/lib/gcc/arm-none-eabi/15.2.0/../../../../arm-none-eabi/lib/armv6k/fpu/libc.a(libc_a-strtol.o)
 .text._strtol_r
                0x0011cbec       0x6c /opt/devkitpro/devkitARM/lib/gcc/arm-none-eabi/15.2.0/../../../../arm-none-eabi/lib/armv6k/fpu/libc.a(libc_a-strtol.o)
                0x0011cbec                _strtol_r
 .text.strtol   0x0011cc58       0x74 /opt/devkitpro/devkitARM/lib/gcc/arm-none-eabi/15.2.0/../../../../arm-none-eabi/lib/armv6k/fpu/libc.a(libc_a-strtol.o)
                0x0011cc58                strtol
 .text.__libc_init_array
                0x0011cccc       0x84 /opt/devkitpro/devkitARM/lib/gcc/arm-none-eabi/15.2.0/../../../../arm-none-eabi/lib/armv6k/fpu/libc.a(libc_a-init.o)
                0x0011cccc                __libc_init_array
 .text.rename   0x0011cd50       0x28 /opt/devkitpro/devkitARM/lib/gcc/arm-none-eabi/15.2.0/../../../../arm-none-eabi/lib/armv6k/fpu/libc.a(libc_a-rename.o)
                0x0011cd50                rename
 .text.strncpy  0x0011cd78       0xd4 /opt/devkitpro/devkitARM/lib/gcc/arm-none-eabi/15.2.0/../../../../arm-none-eabi/lib/armv6k/fpu/libc.a(libc_a-strncpy.o)
                0x0011cd78                strncpy
 .text._fseek_r
                0x0011ce4c       0x1c /opt/devkitpro/devkitARM/lib/gcc/arm-none-eabi/15.2.0/../../../../arm-none-eabi/lib/armv6k/fpu/libc.a(libc_a-fseek.o)
                0x0011ce4c                _fseek_r
 .text.fseek    0x0011ce68       0x34 /opt/devkitpro/devkitARM/lib/gcc/arm-none-eabi/15.2.0/../../../../arm-none-eabi/lib/armv6k/fpu/libc.a(libc_a-fseek.o)
                0x0011ce68                fseek
 .text.malloc   0x0011ce9c       0x40 /opt/devkitpro/devkitARM/lib/gcc/arm-none-eabi/15.2.0/../../../../arm-none-eabi/lib/armv6k/fpu/libc.a(libc_a-malloc.o)
                0x0011ce9c                malloc
 .text.free     0x0011cedc       0x20 /opt/devkitpro/devkitARM/lib/gcc/arm-none-eabi/15.2.0/../../../../arm-none-eabi/lib/armv6k/fpu/libc.a(libc_a-malloc.o)
                0x0011cedc                free
 .text.memchr   0x0011cefc       0xe8 /opt/devkitpro/devkitARM/lib/gcc/arm-none-eabi/15.2.0/../../../../arm-none-eabi/lib/armv6k/fpu/libc.a(libc_a-memchr-stub.o)
                0x0011cefc                memchr
 .text.strrchr  0x0011cfe4       0x48 /opt/devkitpro/devkitARM/lib/gcc/arm-none-eabi/15.2.0/../../../../arm-none-eabi/lib/armv6k/fpu/libc.a(libc_a-strrchr.o)
                0x0011cfe4                strrchr
 .text._puts_r  0x0011d02c       0xe0 /opt/devkitpro/devkitARM/lib/gcc/arm-none-eabi/15.2.0/../../../../arm-none-eabi/lib/armv6k/fpu/libc.a(libc_a-puts.o)
                0x0011d02c                _puts_r
 .text.puts     0x0011d10c       0x20 /opt/devkitpro/devkitARM/lib/gcc/arm-none-eabi/15.2.0/../../../../arm-none-eabi/lib/armv6k/fpu/libc.a(libc_a-puts.o)
                0x0011d10c                puts
 .text._findenv_r
                0x0011d12c       0xdc /opt/devkitpro/devkitARM/lib/gcc/arm-none-eabi/15.2.0/../../../../arm-none-eabi/lib/armv6k/fpu/libc.a(libc_a-getenv_r.o)
                0x0011d12c                _findenv_r
 .text._getenv_r
                0x0011d208       0x18 /opt/devkitpro/devkitARM/lib/gcc/arm-none-eabi/15.2.0/../../../../arm-none-eabi/lib/armv6k/fpu/libc.a(libc_a-getenv_r.o)
                0x0011d208                _getenv_r
 .text._localeconv_r
                0x0011d220       0x24 /opt/devkitpro/devkitARM/lib/gcc/arm-none-eabi/15.2.0/../../../../arm-none-eabi/lib/armv6k/fpu/libc.a(libc_a-localeconv.o)
                0x0011d220                _localeconv_r
 .text.__sread  0x0011d244       0x44 /opt/devkitpro/devkitARM/lib/gcc/arm-none-eabi/15.2.0/../../../../arm-none-eabi/lib/armv6k/fpu/libc.a(libc_a-stdio.o)
                0x0011d244                __sread
 .text.__seofread
                0x0011d288        0x8 /opt/devkitpro/devkitARM/lib/gcc/arm-none-eabi/15.2.0/../../../../arm-none-eabi/lib/armv6k/fpu/libc.a(libc_a-stdio.o)
                0x0011d288                __seofread
 .text.__swrite
                0x0011d290       0x68 /opt/devkitpro/devkitARM/lib/gcc/arm-none-eabi/15.2.0/../../../../arm-none-eabi/lib/armv6k/fpu/libc.a(libc_a-stdio.o)
                0x0011d290                __swrite
 .text.__sseek  0x0011d2f8       0x40 /opt/devkitpro/devkitARM/lib/gcc/arm-none-eabi/15.2.0/../../../../arm-none-eabi/lib/armv6k/fpu/libc.a(libc_a-stdio.o)
                0x0011d2f8                __sseek
 .text.__sclose
                0x0011d338        0x8 /opt/devkitpro/devkitARM/lib/gcc/arm-none-eabi/15.2.0/../../../../arm-none-eabi/lib/armv6k/fpu/libc.a(libc_a-stdio.o)
                0x0011d338                __sclose
 .text.memmove  0x0011d340      0x1a8 /opt/devkitpro/devkitARM/lib/gcc/arm-none-eabi/15.2.0/../../../../arm-none-eabi/lib/armv6k/fpu/libc.a(libc_a-memmove.o)
                0x0011d340                memmove
 .text._realloc_r
                0x0011d4e8      0x4f0 /opt/devkitpro/devkitARM/lib/gcc/arm-none-eabi/15.2.0/../../../../arm-none-eabi/lib/armv6k/fpu/libc.a(libc_a-reallocr.o)
                0x0011d4e8                _realloc_r
 .text.__malloc_lock
                0x0011d9d8        0xc /opt/devkitpro/devkitARM/lib/gcc/arm-none-eabi/15.2.0/../../../../arm-none-eabi/lib/armv6k/fpu/libc.a(libc_a-mlock.o)
                0x0011d9d8                __malloc_lock
 .text.__malloc_unlock
                0x0011d9e4        0xc /opt/devkitpro/devkitARM/lib/gcc/arm-none-eabi/15.2.0/../../../../arm-none-eabi/lib/armv6k/fpu/libc.a(libc_a-mlock.o)
                0x0011d9e4                __malloc_unlock
 .text._fseeko_r
                0x0011d9f0      0x588 /opt/devkitpro/devkitARM/lib/gcc/arm-none-eabi/15.2.0/../../../../arm-none-eabi/lib/armv6k/fpu/libc.a(libc_a-fseeko.o)
                0x0011d9f0                _fseeko_r
 .text._fclose_r
                0x0011df78      0x148 /opt/devkitpro/devkitARM/lib/gcc/arm-none-eabi/15.2.0/../../../../arm-none-eabi/lib/armv6k/fpu/libc.a(libc_a-fclose.o)
                0x0011df78                _fclose_r
 .text.fclose   0x0011e0c0       0x20 /opt/devkitpro/devkitARM/lib/gcc/arm-none-eabi/15.2.0/../../../../arm-none-eabi/lib/armv6k/fpu/libc.a(libc_a-fclose.o)
                0x0011e0c0                fclose
 .text.time     0x0011e0e0       0x48 /opt/devkitpro/devkitARM/lib/gcc/arm-none-eabi/15.2.0/../../../../arm-none-eabi/lib/armv6k/fpu/libc.a(libc_a-time.o)
                0x0011e0e0                time
 .text.putchar  0x0011e128       0x24 /opt/devkitpro/devkitARM/lib/gcc/arm-none-eabi/15.2.0/../../../../arm-none-eabi/lib/armv6k/fpu/libc.a(libc_a-putchar.o)
                0x0011e128                putchar
 .text.fprintf  0x0011e14c       0x3c /opt/devkitpro/devkitARM/lib/gcc/arm-none-eabi/15.2.0/../../../../arm-none-eabi/lib/armv6k/fpu/libc.a(libc_a-fprintf.o)
                0x0011e14c                fprintf
 .text.__call_exitprocs
                0x0011e188        0x4 /opt/devkitpro/devkitARM/lib/gcc/arm-none-eabi/15.2.0/../../../../arm-none-eabi/lib/armv6k/fpu/libc.a(libc_a-exit.o)
                0x0011e188                __call_exitprocs
 .text.exit     0x0011e18c       0x30 /opt/devkitpro/devkitARM/lib/gcc/arm-none-eabi/15.2.0/../../../../arm-none-eabi/lib/armv6k/fpu/libc.a(libc_a-exit.o)
                0x0011e18c                exit
 .text.get_arg  0x0011e1bc      0x5e0 /opt/devkitpro/devkitARM/lib/gcc/arm-none-eabi/15.2.0/../../../../arm-none-eabi/lib/armv6k/fpu/libc.a(libc_a-svfprintf.o)
 *fill*         0x0011e79c        0x4 
 .text._svfprintf_r
                0x0011e7a0     0x345c /opt/devkitpro/devkitARM/lib/gcc/arm-none-eabi/15.2.0/../../../../arm-none-eabi/lib/armv6k/fpu/libc.a(libc_a-svfprintf.o)
                0x0011e7a0                _svfprintf_r
 .text.__sflags
                0x00121bfc       0xb8 /opt/devkitpro/devkitARM/lib/gcc/arm-none-eabi/15.2.0/../../../../arm-none-eabi/lib/armv6k/fpu/libc.a(libc_a-flags.o)
                0x00121bfc                __sflags
 .text.stat     0x00121cb4       0x28 /opt/devkitpro/devkitARM/lib/gcc/arm-none-eabi/15.2.0/../../../../arm-none-eabi/lib/armv6k/fpu/libc.a(libc_a-sysstat.o)
                0x00121cb4                stat
 .text.__utf8_wctomb
                0x00121cdc       0xf8 /opt/devkitpro/devkitARM/lib/gcc/arm-none-eabi/15.2.0/../../../../arm-none-eabi/lib/armv6k/fpu/libc.a(libc_a-wctomb_r.o)
                0x00121cdc                __utf8_wctomb
 .text.__libc_fini_array
                0x00121dd4       0x3c /opt/devkitpro/devkitARM/lib/gcc/arm-none-eabi/15.2.0/../../../../arm-none-eabi/lib/armv6k/fpu/libc.a(libc_a-fini.o)
                0x00121dd4                __libc_fini_array
 .text.strnlen  0x00121e10       0x3c /opt/devkitpro/devkitARM/lib/gcc/arm-none-eabi/15.2.0/../../../../arm-none-eabi/lib/armv6k/fpu/libc.a(libc_a-strnlen.o)
                0x00121e10                strnlen
 .text.gmtime_r
                0x00121e4c      0x25c /opt/devkitpro/devkitARM/lib/gcc/arm-none-eabi/15.2.0/../../../../arm-none-eabi/lib/armv6k/fpu/libc.a(libc_a-gmtime_r.o)
                0x00121e4c                gmtime_r
 .text.rewind   0x001220a8       0x2c /opt/devkitpro/devkitARM/lib/gcc/arm-none-eabi/15.2.0/../../../../arm-none-eabi/lib/armv6k/fpu/libc.a(libc_a-rewind.o)
                0x001220a8                rewind
 .text.strncmp  0x001220d4       0xd8 /opt/devkitpro/devkitARM/lib/gcc/arm-none-eabi/15.2.0/../../../../arm-none-eabi/lib/armv6k/fpu/libc.a(libc_a-strncmp.o)
                0x001220d4                strncmp
 .text.__match  0x001221ac       0x70 /opt/devkitpro/devkitARM/lib/gcc/arm-none-eabi/15.2.0/../../../../arm-none-eabi/lib/armv6k/fpu/libc.a(libc_a-gdtoa-hexnan.o)
                0x001221ac                __match
 .text.__hexnan
                0x0012221c      0x2a8 /opt/devkitpro/devkitARM/lib/gcc/arm-none-eabi/15.2.0/../../../../arm-none-eabi/lib/armv6k/fpu/libc.a(libc_a-gdtoa-hexnan.o)
                0x0012221c                __hexnan
 .text.sprintf  0x001224c4       0x68 /opt/devkitpro/devkitARM/lib/gcc/arm-none-eabi/15.2.0/../../../../arm-none-eabi/lib/armv6k/fpu/libc.a(libc_a-sprintf.o)
                0x001224c4                sprintf
 .text.iso_year_adjust
                0x0012252c      0x140 /opt/devkitpro/devkitARM/lib/gcc/arm-none-eabi/15.2.0/../../../../arm-none-eabi/lib/armv6k/fpu/libc.a(libc_a-strftime.o)
 .text.__strftime.isra.0
                0x0012266c     0x1118 /opt/devkitpro/devkitARM/lib/gcc/arm-none-eabi/15.2.0/../../../../arm-none-eabi/lib/armv6k/fpu/libc.a(libc_a-strftime.o)
 .text.strftime
                0x00123784       0x38 /opt/devkitpro/devkitARM/lib/gcc/arm-none-eabi/15.2.0/../../../../arm-none-eabi/lib/armv6k/fpu/libc.a(libc_a-strftime.o)
                0x00123784                strftime
 .text.lflush   0x001237bc       0x38 /opt/devkitpro/devkitARM/lib/gcc/arm-none-eabi/15.2.0/../../../../arm-none-eabi/lib/armv6k/fpu/libc.a(libc_a-refill.o)
 .text.__srefill_r
                0x001237f4      0x1a8 /opt/devkitpro/devkitARM/lib/gcc/arm-none-eabi/15.2.0/../../../../arm-none-eabi/lib/armv6k/fpu/libc.a(libc_a-refill.o)
                0x001237f4                __srefill_r
 *fill*         0x0012399c        0x4 
 .text.nan      0x001239a0       0x10 /opt/devkitpro/devkitARM/lib/gcc/arm-none-eabi/15.2.0/../../../../arm-none-eabi/lib/armv6k/fpu/libc.a(libm_a-s_nan.o)
                0x001239a0                nan
 .text.nanf     0x001239b0        0xc /opt/devkitpro/devkitARM/lib/gcc/arm-none-eabi/15.2.0/../../../../arm-none-eabi/lib/armv6k/fpu/libc.a(libm_a-sf_nan.o)
                0x001239b0                nanf
 *fill*         0x001239bc        0x4 
 .text.frexp    0x001239c0       0x88 /opt/devkitpro/devkitARM/lib/gcc/arm-none-eabi/15.2.0/../../../../arm-none-eabi/lib/armv6k/fpu/libc.a(libm_a-s_frexp.o)
                0x001239c0                frexp
 .text.stpncpy  0x00123a48       0xdc /opt/devkitpro/devkitARM/lib/gcc/arm-none-eabi/15.2.0/../../../../arm-none-eabi/lib/armv6k/fpu/libc.a(libc_a-stpncpy.o)
                0x00123a48                stpncpy
 .text.__env_lock
                0x00123b24        0xc /opt/devkitpro/devkitARM/lib/gcc/arm-none-eabi/15.2.0/../../../../arm-none-eabi/lib/armv6k/fpu/libc.a(libc_a-envlock.o)
                0x00123b24                __env_lock
 .text.__env_unlock
                0x00123b30        0xc /opt/devkitpro/devkitARM/lib/gcc/arm-none-eabi/15.2.0/../../../../arm-none-eabi/lib/armv6k/fpu/libc.a(libc_a-envlock.o)
                0x00123b30                __env_unlock
 .text.__assert_func
                0x00123b3c       0x5c /opt/devkitpro/devkitARM/lib/gcc/arm-none-eabi/15.2.0/../../../../arm-none-eabi/lib/armv6k/fpu/libc.a(libc_a-assert.o)
                0x00123b3c                __assert_func
 .text.iswspace
                0x00123b98        0x8 /opt/devkitpro/devkitARM/lib/gcc/arm-none-eabi/15.2.0/../../../../arm-none-eabi/lib/armv6k/fpu/libc.a(libc_a-iswspace.o)
                0x00123b98                iswspace
 .text._Balloc  0x00123ba0       0x88 /opt/devkitpro/devkitARM/lib/gcc/arm-none-eabi/15.2.0/../../../../arm-none-eabi/lib/armv6k/fpu/libc.a(libc_a-mprec.o)
                0x00123ba0                _Balloc
 .text._Bfree   0x00123c28       0x1c /opt/devkitpro/devkitARM/lib/gcc/arm-none-eabi/15.2.0/../../../../arm-none-eabi/lib/armv6k/fpu/libc.a(libc_a-mprec.o)
                0x00123c28                _Bfree
 .text.__multadd
                0x00123c44       0xf4 /opt/devkitpro/devkitARM/lib/gcc/arm-none-eabi/15.2.0/../../../../arm-none-eabi/lib/armv6k/fpu/libc.a(libc_a-mprec.o)
                0x00123c44                __multadd
 .text.__s2b    0x00123d38      0x10c /opt/devkitpro/devkitARM/lib/gcc/arm-none-eabi/15.2.0/../../../../arm-none-eabi/lib/armv6k/fpu/libc.a(libc_a-mprec.o)
                0x00123d38                __s2b
 .text.__hi0bits
                0x00123e44       0x80 /opt/devkitpro/devkitARM/lib/gcc/arm-none-eabi/15.2.0/../../../../arm-none-eabi/lib/armv6k/fpu/libc.a(libc_a-mprec.o)
                0x00123e44                __hi0bits
 .text.__lo0bits
                0x00123ec4       0xf0 /opt/devkitpro/devkitARM/lib/gcc/arm-none-eabi/15.2.0/../../../../arm-none-eabi/lib/armv6k/fpu/libc.a(libc_a-mprec.o)
                0x00123ec4                __lo0bits
 .text.__i2b    0x00123fb4       0xa4 /opt/devkitpro/devkitARM/lib/gcc/arm-none-eabi/15.2.0/../../../../arm-none-eabi/lib/armv6k/fpu/libc.a(libc_a-mprec.o)
                0x00123fb4                __i2b
 .text.__multiply
                0x00124058      0x230 /opt/devkitpro/devkitARM/lib/gcc/arm-none-eabi/15.2.0/../../../../arm-none-eabi/lib/armv6k/fpu/libc.a(libc_a-mprec.o)
                0x00124058                __multiply
 .text.__pow5mult
                0x00124288      0x130 /opt/devkitpro/devkitARM/lib/gcc/arm-none-eabi/15.2.0/../../../../arm-none-eabi/lib/armv6k/fpu/libc.a(libc_a-mprec.o)
                0x00124288                __pow5mult
 .text.__lshift
                0x001243b8      0x138 /opt/devkitpro/devkitARM/lib/gcc/arm-none-eabi/15.2.0/../../../../arm-none-eabi/lib/armv6k/fpu/libc.a(libc_a-mprec.o)
                0x001243b8                __lshift
 .text.__mcmp   0x001244f0       0x58 /opt/devkitpro/devkitARM/lib/gcc/arm-none-eabi/15.2.0/../../../../arm-none-eabi/lib/armv6k/fpu/libc.a(libc_a-mprec.o)
                0x001244f0                __mcmp
 .text.__mdiff  0x00124548      0x218 /opt/devkitpro/devkitARM/lib/gcc/arm-none-eabi/15.2.0/../../../../arm-none-eabi/lib/armv6k/fpu/libc.a(libc_a-mprec.o)
                0x00124548                __mdiff
 .text.__ulp    0x00124760       0x68 /opt/devkitpro/devkitARM/lib/gcc/arm-none-eabi/15.2.0/../../../../arm-none-eabi/lib/armv6k/fpu/libc.a(libc_a-mprec.o)
                0x00124760                __ulp
 .text.__b2d    0x001247c8       0xd4 /opt/devkitpro/devkitARM/lib/gcc/arm-none-eabi/15.2.0/../../../../arm-none-eabi/lib/armv6k/fpu/libc.a(libc_a-mprec.o)
                0x001247c8                __b2d
 .text.__d2b    0x0012489c      0x120 /opt/devkitpro/devkitARM/lib/gcc/arm-none-eabi/15.2.0/../../../../arm-none-eabi/lib/armv6k/fpu/libc.a(libc_a-mprec.o)
                0x0012489c                __d2b
 .text.__ratio  0x001249bc       0x78 /opt/devkitpro/devkitARM/lib/gcc/arm-none-eabi/15.2.0/../../../../arm-none-eabi/lib/armv6k/fpu/libc.a(libc_a-mprec.o)
                0x001249bc                __ratio
 .text.__copybits
                0x00124a34       0x8c /opt/devkitpro/devkitARM/lib/gcc/arm-none-eabi/15.2.0/../../../../arm-none-eabi/lib/armv6k/fpu/libc.a(libc_a-mprec.o)
                0x00124a34                __copybits
 .text.__any_on
                0x00124ac0       0x5c /opt/devkitpro/devkitARM/lib/gcc/arm-none-eabi/15.2.0/../../../../arm-none-eabi/lib/armv6k/fpu/libc.a(libc_a-mprec.o)
                0x00124ac0                __any_on
 .text.abs      0x00124b1c        0xc /opt/devkitpro/devkitARM/lib/gcc/arm-none-eabi/15.2.0/../../../../arm-none-eabi/lib/armv6k/fpu/libc.a(libc_a-abs.o)
                0x00124b1c                abs
 .text._fwalk_sglue
                0x00124b28       0x70 /opt/devkitpro/devkitARM/lib/gcc/arm-none-eabi/15.2.0/../../../../arm-none-eabi/lib/armv6k/fpu/libc.a(libc_a-fwalk.o)
                0x00124b28                _fwalk_sglue
 .text.get_arg  0x00124b98      0x5e0 /opt/devkitpro/devkitARM/lib/gcc/arm-none-eabi/15.2.0/../../../../arm-none-eabi/lib/armv6k/fpu/libc.a(libc_a-vfprintf.o)
 .text._vfprintf_r
                0x00125178     0x3554 /opt/devkitpro/devkitARM/lib/gcc/arm-none-eabi/15.2.0/../../../../arm-none-eabi/lib/armv6k/fpu/libc.a(libc_a-vfprintf.o)
                0x00125178                _vfprintf_r
 .text.__sbprintf
                0x001286cc       0xb4 /opt/devkitpro/devkitARM/lib/gcc/arm-none-eabi/15.2.0/../../../../arm-none-eabi/lib/armv6k/fpu/libc.a(libc_a-vfprintf.o)
 .text._wcrtomb_r
                0x00128780       0xa0 /opt/devkitpro/devkitARM/lib/gcc/arm-none-eabi/15.2.0/../../../../arm-none-eabi/lib/armv6k/fpu/libc.a(libc_a-wcrtomb.o)
                0x00128780                _wcrtomb_r
 .text.get_arg  0x00128820      0x5e0 /opt/devkitpro/devkitARM/lib/gcc/arm-none-eabi/15.2.0/../../../../arm-none-eabi/lib/armv6k/fpu/libc.a(libc_a-svfiprintf.o)
 .text._svfiprintf_r
                0x00128e00     0x226c /opt/devkitpro/devkitARM/lib/gcc/arm-none-eabi/15.2.0/../../../../arm-none-eabi/lib/armv6k/fpu/libc.a(libc_a-svfiprintf.o)
                0x00128e00                _svfiprintf_r
 .text.__submore
                0x0012b06c       0xb8 /opt/devkitpro/devkitARM/lib/gcc/arm-none-eabi/15.2.0/../../../../arm-none-eabi/lib/armv6k/fpu/libc.a(libc_a-ungetc.o)
                0x0012b06c                __submore
 .text.__ssprint_r
                0x0012b124       0xa4 /opt/devkitpro/devkitARM/lib/gcc/arm-none-eabi/15.2.0/../../../../arm-none-eabi/lib/armv6k/fpu/libc.a(libc_a-ssprint_r.o)
                0x0012b124                __ssprint_r
 .text.__utf8_mbtowc
                0x0012b1c8      0x340 /opt/devkitpro/devkitARM/lib/gcc/arm-none-eabi/15.2.0/../../../../arm-none-eabi/lib/armv6k/fpu/libc.a(libc_a-mbtowc_r.o)
                0x0012b1c8                __utf8_mbtowc
 .text.fiprintf
                0x0012b508       0x3c /opt/devkitpro/devkitARM/lib/gcc/arm-none-eabi/15.2.0/../../../../arm-none-eabi/lib/armv6k/fpu/libc.a(libc_a-fiprintf.o)
                0x0012b508                fiprintf
 .text.__sfvwrite_r
                0x0012b544      0x4a4 /opt/devkitpro/devkitARM/lib/gcc/arm-none-eabi/15.2.0/../../../../arm-none-eabi/lib/armv6k/fpu/libc.a(libc_a-fvwrite.o)
                0x0012b544                __sfvwrite_r
 .text.__tz_lock
                0x0012b9e8        0xc /opt/devkitpro/devkitARM/lib/gcc/arm-none-eabi/15.2.0/../../../../arm-none-eabi/lib/armv6k/fpu/libc.a(libc_a-tzlock.o)
                0x0012b9e8                __tz_lock
 .text.__tz_unlock
                0x0012b9f4        0xc /opt/devkitpro/devkitARM/lib/gcc/arm-none-eabi/15.2.0/../../../../arm-none-eabi/lib/armv6k/fpu/libc.a(libc_a-tzlock.o)
                0x0012b9f4                __tz_unlock
 .text.labs     0x0012ba00        0xc /opt/devkitpro/devkitARM/lib/gcc/arm-none-eabi/15.2.0/../../../../arm-none-eabi/lib/armv6k/fpu/libc.a(libc_a-labs.o)
                0x0012ba00                labs
 .text.abort    0x0012ba0c       0x14 /opt/devkitpro/devkitARM/lib/gcc/arm-none-eabi/15.2.0/../../../../arm-none-eabi/lib/armv6k/fpu/libc.a(libc_a-abort.o)
                0x0012ba0c                abort
 .text.strcpy   0x0012ba20       0xf0 /opt/devkitpro/devkitARM/lib/gcc/arm-none-eabi/15.2.0/../../../../arm-none-eabi/lib/armv6k/fpu/libc.a(libc_a-strcpy.o)
                0x0012ba20                strcpy
 .text.__sprint_r
                0x0012bb10       0x30 /opt/devkitpro/devkitARM/lib/gcc/arm-none-eabi/15.2.0/../../../../arm-none-eabi/lib/armv6k/fpu/libc.a(libc_a-sprint_r.o)
                0x0012bb10                __sprint_r
 .text._putc_r  0x0012bb40       0xfc /opt/devkitpro/devkitARM/lib/gcc/arm-none-eabi/15.2.0/../../../../arm-none-eabi/lib/armv6k/fpu/libc.a(libc_a-putc.o)
                0x0012bb40                _putc_r
 .text.quorem   0x0012bc3c      0x1c0 /opt/devkitpro/devkitARM/lib/gcc/arm-none-eabi/15.2.0/../../../../arm-none-eabi/lib/armv6k/fpu/libc.a(libc_a-dtoa.o)
 *fill*         0x0012bdfc        0x4 
 .text._dtoa_r  0x0012be00     0x1420 /opt/devkitpro/devkitARM/lib/gcc/arm-none-eabi/15.2.0/../../../../arm-none-eabi/lib/armv6k/fpu/libc.a(libc_a-dtoa.o)
                0x0012be00                _dtoa_r
 .text.__swbuf_r
                0x0012d220      0x124 /opt/devkitpro/devkitARM/lib/gcc/arm-none-eabi/15.2.0/../../../../arm-none-eabi/lib/armv6k/fpu/libc.a(libc_a-wbuf.o)
                0x0012d220                __swbuf_r
 .text._tzset_unlocked
                0x0012d344       0x10 /opt/devkitpro/devkitARM/lib/gcc/arm-none-eabi/15.2.0/../../../../arm-none-eabi/lib/armv6k/fpu/libc.a(libc_a-tzset.o)
                0x0012d344                _tzset_unlocked
 .text._wcsrtombs_r
                0x0012d354       0x28 /opt/devkitpro/devkitARM/lib/gcc/arm-none-eabi/15.2.0/../../../../arm-none-eabi/lib/armv6k/fpu/libc.a(libc_a-wcsrtombs.o)
                0x0012d354                _wcsrtombs_r
 .text.__swsetup_r
                0x0012d37c      0x140 /opt/devkitpro/devkitARM/lib/gcc/arm-none-eabi/15.2.0/../../../../arm-none-eabi/lib/armv6k/fpu/libc.a(libc_a-wsetup.o)
                0x0012d37c                __swsetup_r
 .text.__gettzinfo
                0x0012d4bc        0xc /opt/devkitpro/devkitARM/lib/gcc/arm-none-eabi/15.2.0/../../../../arm-none-eabi/lib/armv6k/fpu/libc.a(libc_a-gettzinfo.o)
                0x0012d4bc                __gettzinfo
 .text.iswspace_l
                0x0012d4c8       0x38 /opt/devkitpro/devkitARM/lib/gcc/arm-none-eabi/15.2.0/../../../../arm-none-eabi/lib/armv6k/fpu/libc.a(libc_a-iswspace_l.o)
                0x0012d4c8                iswspace_l
 .text.__ssputs_r
                0x0012d500      0x12c /opt/devkitpro/devkitARM/lib/gcc/arm-none-eabi/15.2.0/../../../../arm-none-eabi/lib/armv6k/fpu/libc.a(libc_a-ssputs_r.o)
                0x0012d500                __ssputs_r
 .text.get_arg  0x0012d62c      0x5e0 /opt/devkitpro/devkitARM/lib/gcc/arm-none-eabi/15.2.0/../../../../arm-none-eabi/lib/armv6k/fpu/libc.a(libc_a-vfiprintf.o)
 .text._vfiprintf_r
                0x0012dc0c     0x22f8 /opt/devkitpro/devkitARM/lib/gcc/arm-none-eabi/15.2.0/../../../../arm-none-eabi/lib/armv6k/fpu/libc.a(libc_a-vfiprintf.o)
                0x0012dc0c                _vfiprintf_r
 .text.__sbprintf
                0x0012ff04       0xb4 /opt/devkitpro/devkitARM/lib/gcc/arm-none-eabi/15.2.0/../../../../arm-none-eabi/lib/armv6k/fpu/libc.a(libc_a-vfiprintf.o)
 .text._tzset_unlocked_r
                0x0012ffb8      0x648 /opt/devkitpro/devkitARM/lib/gcc/arm-none-eabi/15.2.0/../../../../arm-none-eabi/lib/armv6k/fpu/libc.a(libc_a-tzset_r.o)
                0x0012ffb8                _tzset_unlocked_r
 .text._wcsnrtombs_l
                0x00130600      0x15c /opt/devkitpro/devkitARM/lib/gcc/arm-none-eabi/15.2.0/../../../../arm-none-eabi/lib/armv6k/fpu/libc.a(libc_a-wcsnrtombs.o)
                0x00130600                _wcsnrtombs_l
 .text._wcsnrtombs_r
                0x0013075c       0x64 /opt/devkitpro/devkitARM/lib/gcc/arm-none-eabi/15.2.0/../../../../arm-none-eabi/lib/armv6k/fpu/libc.a(libc_a-wcsnrtombs.o)
                0x0013075c                _wcsnrtombs_r
 .text.sniprintf
                0x001307c0       0xa0 /opt/devkitpro/devkitARM/lib/gcc/arm-none-eabi/15.2.0/../../../../arm-none-eabi/lib/armv6k/fpu/libc.a(libc_a-sniprintf.o)
                0x001307c0                sniprintf
 .text._raise_r
                0x00130860       0x9c /opt/devkitpro/devkitARM/lib/gcc/arm-none-eabi/15.2.0/../../../../arm-none-eabi/lib/armv6k/fpu/libc.a(libc_a-signal.o)
                0x00130860                _raise_r
 .text.raise    0x001308fc       0x20 /opt/devkitpro/devkitARM/lib/gcc/arm-none-eabi/15.2.0/../../../../arm-none-eabi/lib/armv6k/fpu/libc.a(libc_a-signal.o)
                0x001308fc                raise
 .text.category
                0x0013091c       0x90 /opt/devkitpro/devkitARM/lib/gcc/arm-none-eabi/15.2.0/../../../../arm-none-eabi/lib/armv6k/fpu/libc.a(libc_a-categories.o)
                0x0013091c                category
 .text.__tzcalc_limits
                0x001309ac      0x258 /opt/devkitpro/devkitARM/lib/gcc/arm-none-eabi/15.2.0/../../../../arm-none-eabi/lib/armv6k/fpu/libc.a(libc_a-tzcalc_limits.o)
                0x001309ac                __tzcalc_limits
 .text.siscanf  0x00130c04       0x78 /opt/devkitpro/devkitARM/lib/gcc/arm-none-eabi/15.2.0/../../../../arm-none-eabi/lib/armv6k/fpu/libc.a(libc_a-siscanf.o)
                0x00130c04                siscanf
 .text._exit    0x00130c7c       0x20 /opt/devkitpro/devkitARM/lib/gcc/arm-none-eabi/15.2.0/../../../../arm-none-eabi/lib/armv6k/fpu/libsysbase.a(libsysbase_libsysbase_a-_exit.o)
                0x00130c7c                _exit
 .text.chdir    0x00130c9c      0x140 /opt/devkitpro/devkitARM/lib/gcc/arm-none-eabi/15.2.0/../../../../arm-none-eabi/lib/armv6k/fpu/libsysbase.a(libsysbase_libsysbase_a-chdir.o)
                0x00130c9c                chdir
 .text._concatenate_path
                0x00130ddc      0x1c8 /opt/devkitpro/devkitARM/lib/gcc/arm-none-eabi/15.2.0/../../../../arm-none-eabi/lib/armv6k/fpu/libsysbase.a(libsysbase_libsysbase_a-concatenate.o)
                0x00130ddc                _concatenate_path
 .text.__dirnext
                0x00130fa4       0x70 /opt/devkitpro/devkitARM/lib/gcc/arm-none-eabi/15.2.0/../../../../arm-none-eabi/lib/armv6k/fpu/libsysbase.a(libsysbase_libsysbase_a-dirent.o)
 .text.opendir  0x00131014      0x114 /opt/devkitpro/devkitARM/lib/gcc/arm-none-eabi/15.2.0/../../../../arm-none-eabi/lib/armv6k/fpu/libsysbase.a(libsysbase_libsysbase_a-dirent.o)
                0x00131014                opendir
 .text.closedir
                0x00131128       0x98 /opt/devkitpro/devkitARM/lib/gcc/arm-none-eabi/15.2.0/../../../../arm-none-eabi/lib/armv6k/fpu/libsysbase.a(libsysbase_libsysbase_a-dirent.o)
                0x00131128                closedir
 .text.readdir_r
                0x001311c0       0xf8 /opt/devkitpro/devkitARM/lib/gcc/arm-none-eabi/15.2.0/../../../../arm-none-eabi/lib/armv6k/fpu/libsysbase.a(libsysbase_libsysbase_a-dirent.o)
                0x001311c0                readdir_r
 .text.readdir  0x001312b8       0x48 /opt/devkitpro/devkitARM/lib/gcc/arm-none-eabi/15.2.0/../../../../arm-none-eabi/lib/armv6k/fpu/libsysbase.a(libsysbase_libsysbase_a-dirent.o)
                0x001312b8                readdir
 .text._fstat_r
                0x00131300       0x9c /opt/devkitpro/devkitARM/lib/gcc/arm-none-eabi/15.2.0/../../../../arm-none-eabi/lib/armv6k/fpu/libsysbase.a(libsysbase_libsysbase_a-fstat.o)
                0x00131300                _fstat_r
 .text._getpid_r
                0x0013139c       0x14 /opt/devkitpro/devkitARM/lib/gcc/arm-none-eabi/15.2.0/../../../../arm-none-eabi/lib/armv6k/fpu/libsysbase.a(libsysbase_libsysbase_a-getpid.o)
                0x0013139c                _getpid_r
 .text.__getreent
                0x001313b0       0x2c /opt/devkitpro/devkitARM/lib/gcc/arm-none-eabi/15.2.0/../../../../arm-none-eabi/lib/armv6k/fpu/libsysbase.a(libsysbase_libsysbase_a-getreent.o)
                0x001313b0                __getreent
 .text._gettimeofday_r
                0x001313dc       0x30 /opt/devkitpro/devkitARM/lib/gcc/arm-none-eabi/15.2.0/../../../../arm-none-eabi/lib/armv6k/fpu/libsysbase.a(libsysbase_libsysbase_a-gettod.o)
                0x001313dc                _gettimeofday_r
 .text.__release_handle
                0x0013140c       0xa0 /opt/devkitpro/devkitARM/lib/gcc/arm-none-eabi/15.2.0/../../../../arm-none-eabi/lib/armv6k/fpu/libsysbase.a(libsysbase_libsysbase_a-handle_manager.o)
                0x0013140c                __release_handle
 .text.__alloc_handle
                0x001314ac       0xb0 /opt/devkitpro/devkitARM/lib/gcc/arm-none-eabi/15.2.0/../../../../arm-none-eabi/lib/armv6k/fpu/libsysbase.a(libsysbase_libsysbase_a-handle_manager.o)
                0x001314ac                __alloc_handle
 .text.__get_handle
                0x0013155c       0x58 /opt/devkitpro/devkitARM/lib/gcc/arm-none-eabi/15.2.0/../../../../arm-none-eabi/lib/armv6k/fpu/libsysbase.a(libsysbase_libsysbase_a-handle_manager.o)
                0x0013155c                __get_handle
 .text._close_r
                0x001315b4      0x110 /opt/devkitpro/devkitARM/lib/gcc/arm-none-eabi/15.2.0/../../../../arm-none-eabi/lib/armv6k/fpu/libsysbase.a(libsysbase_libsysbase_a-handle_manager.o)
                0x001315b4                _close_r
 .text.null_write
                0x001316c4        0x8 /opt/devkitpro/devkitARM/lib/gcc/arm-none-eabi/15.2.0/../../../../arm-none-eabi/lib/armv6k/fpu/libsysbase.a(libsysbase_libsysbase_a-iosupport.o)
 .text.setDefaultDevice
                0x001316cc       0x18 /opt/devkitpro/devkitARM/lib/gcc/arm-none-eabi/15.2.0/../../../../arm-none-eabi/lib/armv6k/fpu/libsysbase.a(libsysbase_libsysbase_a-iosupport.o)
                0x001316cc                setDefaultDevice
 .text.FindDevice
                0x001316e4       0x98 /opt/devkitpro/devkitARM/lib/gcc/arm-none-eabi/15.2.0/../../../../arm-none-eabi/lib/armv6k/fpu/libsysbase.a(libsysbase_libsysbase_a-iosupport.o)
                0x001316e4                FindDevice
 .text.RemoveDevice
                0x0013177c       0x24 /opt/devkitpro/devkitARM/lib/gcc/arm-none-eabi/15.2.0/../../../../arm-none-eabi/lib/armv6k/fpu/libsysbase.a(libsysbase_libsysbase_a-iosupport.o)
                0x0013177c                RemoveDevice
 .text.AddDevice
                0x001317a0       0x88 /opt/devkitpro/devkitARM/lib/gcc/arm-none-eabi/15.2.0/../../../../arm-none-eabi/lib/armv6k/fpu/libsysbase.a(libsysbase_libsysbase_a-iosupport.o)
                0x001317a0                AddDevice
 .text.GetDeviceOpTab
                0x00131828       0x20 /opt/devkitpro/devkitARM/lib/gcc/arm-none-eabi/15.2.0/../../../../arm-none-eabi/lib/armv6k/fpu/libsysbase.a(libsysbase_libsysbase_a-iosupport.o)
                0x00131828                GetDeviceOpTab
 .text._isatty_r
                0x00131848        0x8 /opt/devkitpro/devkitARM/lib/gcc/arm-none-eabi/15.2.0/../../../../arm-none-eabi/lib/armv6k/fpu/libsysbase.a(libsysbase_libsysbase_a-isatty.o)
                0x00131848                _isatty_r
 .text._kill_r  0x00131850       0x14 /opt/devkitpro/devkitARM/lib/gcc/arm-none-eabi/15.2.0/../../../../arm-none-eabi/lib/armv6k/fpu/libsysbase.a(libsysbase_libsysbase_a-kill.o)
                0x00131850                _kill_r
 .text._lseek_r
                0x00131864       0x94 /opt/devkitpro/devkitARM/lib/gcc/arm-none-eabi/15.2.0/../../../../arm-none-eabi/lib/armv6k/fpu/libsysbase.a(libsysbase_libsysbase_a-lseek.o)
                0x00131864                _lseek_r
 .text.mkdir    0x001318f8       0x68 /opt/devkitpro/devkitARM/lib/gcc/arm-none-eabi/15.2.0/../../../../arm-none-eabi/lib/armv6k/fpu/libsysbase.a(libsysbase_libsysbase_a-mkdir.o)
                0x001318f8                mkdir
 .text._open_r  0x00131960       0xc0 /opt/devkitpro/devkitARM/lib/gcc/arm-none-eabi/15.2.0/../../../../arm-none-eabi/lib/armv6k/fpu/libsysbase.a(libsysbase_libsysbase_a-open.o)
                0x00131960                _open_r
 .text._read_r  0x00131a20       0x94 /opt/devkitpro/devkitARM/lib/gcc/arm-none-eabi/15.2.0/../../../../arm-none-eabi/lib/armv6k/fpu/libsysbase.a(libsysbase_libsysbase_a-read.o)
                0x00131a20                _read_r
 .text._rename_r
                0x00131ab4       0x88 /opt/devkitpro/devkitARM/lib/gcc/arm-none-eabi/15.2.0/../../../../arm-none-eabi/lib/armv6k/fpu/libsysbase.a(libsysbase_libsysbase_a-rename.o)
                0x00131ab4                _rename_r
 .text._rmdir_r
                0x00131b3c       0x7c /opt/devkitpro/devkitARM/lib/gcc/arm-none-eabi/15.2.0/../../../../arm-none-eabi/lib/armv6k/fpu/libsysbase.a(libsysbase_libsysbase_a-rmdir.o)
                0x00131b3c                _rmdir_r
 .text._sbrk_r  0x00131bb8       0x78 /opt/devkitpro/devkitARM/lib/gcc/arm-none-eabi/15.2.0/../../../../arm-none-eabi/lib/armv6k/fpu/libsysbase.a(libsysbase_libsysbase_a-sbrk.o)
                0x00131bb8                _sbrk_r
 .text._stat_r  0x00131c30       0x80 /opt/devkitpro/devkitARM/lib/gcc/arm-none-eabi/15.2.0/../../../../arm-none-eabi/lib/armv6k/fpu/libsysbase.a(libsysbase_libsysbase_a-stat.o)
                0x00131c30                _stat_r
 .text.__libc_lock_acquire
                0x00131cb0       0x1c /opt/devkitpro/devkitARM/lib/gcc/arm-none-eabi/15.2.0/../../../../arm-none-eabi/lib/armv6k/fpu/libsysbase.a(libsysbase_libsysbase_a-syscall_support.o)
                0x00131cb0                __libc_lock_acquire
 .text.__libc_lock_release
                0x00131ccc       0x1c /opt/devkitpro/devkitARM/lib/gcc/arm-none-eabi/15.2.0/../../../../arm-none-eabi/lib/armv6k/fpu/libsysbase.a(libsysbase_libsysbase_a-syscall_support.o)
                0x00131ccc                __libc_lock_release
 .text.__libc_lock_acquire_recursive
                0x00131ce8       0x1c /opt/devkitpro/devkitARM/lib/gcc/arm-none-eabi/15.2.0/../../../../arm-none-eabi/lib/armv6k/fpu/libsysbase.a(libsysbase_libsysbase_a-syscall_support.o)
                0x00131ce8                __libc_lock_acquire_recursive
 .text.__libc_lock_release_recursive
                0x00131d04       0x1c /opt/devkitpro/devkitARM/lib/gcc/arm-none-eabi/15.2.0/../../../../arm-none-eabi/lib/armv6k/fpu/libsysbase.a(libsysbase_libsysbase_a-syscall_support.o)
                0x00131d04                __libc_lock_release_recursive
 .text._unlink_r
                0x00131d20       0x78 /opt/devkitpro/devkitARM/lib/gcc/arm-none-eabi/15.2.0/../../../../arm-none-eabi/lib/armv6k/fpu/libsysbase.a(libsysbase_libsysbase_a-unlink.o)
                0x00131d20                _unlink_r