Archive member included to satisfy reference by file (symbol)

/opt/devkitpro/libctru/lib/libctru.a(console.o)
                              build/main.o (consoleInit)
/opt/devkitpro/libctru/lib/libctru.a(gfx.o)
                              /opt/devkitpro/libctru/lib/libctru.a(console.o) (gfxIsWide)
/opt/devkitpro/libctru/lib/libctru.a(os.o)
                              build/main.o (osGetTime)
/opt/devkitpro/libctru/lib/libctru.a(apt.o)
                              build/main.o (aptMainLoop)
/opt/devkitpro/libctru/lib/libctru.a(gspgpu.o)
                              /opt/devkitpro/libctru/lib/libctru.a(gfx.o) (gspInit)
/opt/devkitpro/libctru/lib/libctru.a(hid.o)
                              build/main.o (hidScanInput)
/opt/devkitpro/libctru/lib/libctru.a(irrst.o)
                              /opt/devkitpro/libctru/lib/libctru.a(hid.o) (irrstInit)
/opt/devkitpro/libctru/lib/libctru.a(ptmsysm.o)
                              /opt/devkitpro/libctru/lib/libctru.a(os.o) (ptmSysmInit)
/opt/devkitpro/libctru/lib/libctru.a(soc_connect.o)
                              build/main.o (connect)
/opt/devkitpro/libctru/lib/libctru.a(soc_getaddrinfo.o)
                              build/main.o (freeaddrinfo)
/opt/devkitpro/libctru/lib/libctru.a(soc_init.o)
                              build/main.o (socInit)
/opt/devkitpro/libctru/lib/libctru.a(soc_recv.o)
                              build/main.o (recv)
/opt/devkitpro/libctru/lib/libctru.a(soc_recvfrom.o)
                              /opt/devkitpro/libctru/lib/libctru.a(soc_init.o) (soc_recvfrom)
/opt/devkitpro/libctru/lib/libctru.a(soc_send.o)
                              build/main.o (send)
/opt/devkitpro/libctru/lib/libctru.a(soc_sendto.o)
                              /opt/devkitpro/libctru/lib/libctru.a(soc_init.o) (soc_sendto)
/opt/devkitpro/libctru/lib/libctru.a(soc_socket.o)
                              build/main.o (socket)
/opt/devkitpro/libctru/lib/libctru.a(ctru_init.o)
                              /opt/devkitpro/libctru/lib/libctru.a(apt.o) (__system_retAddr)
/opt/devkitpro/libctru/lib/libctru.a(initArgv.o)
                              /opt/devkitpro/libctru/lib/libctru.a(ctru_init.o) (__system_initArgv)
/opt/devkitpro/libctru/lib/libctru.a(syscalls.o)
                              /opt/devkitpro/libctru/lib/libctru.a(ctru_init.o) (__system_initSyscalls)
/opt/devkitpro/libctru/lib/libctru.a(svc.o)
                              /opt/devkitpro/libctru/lib/libctru.a(apt.o) (svcSleepThread)
/opt/devkitpro/libctru/lib/libctru.a(stack_adjust.o)
                              /opt/devkitpro/devkitARM/lib/gcc/arm-none-eabi/15.2.0/../../../../arm-none-eabi/lib/armv6k/fpu/3dsx_crt0.o (initSystem)
/opt/devkitpro/libctru/lib/libctru.a(default_font.bin.o)
                              /opt/devkitpro/libctru/lib/libctru.a(console.o) (default_font_bin)
/opt/devkitpro/libctru/lib/libctru.a(linear.o)
                              /opt/devkitpro/libctru/lib/libctru.a(gfx.o) (linearAlloc)
/opt/devkitpro/libctru/lib/libctru.a(mem_pool.o)
                              /opt/devkitpro/libctru/lib/libctru.a(linear.o) (_ZN7MemPool8AllocateER8MemChunkmi)
/opt/devkitpro/libctru/lib/libctru.a(vram.o)
                              /opt/devkitpro/libctru/lib/libctru.a(gfx.o) (vramAlloc)
/opt/devkitpro/libctru/lib/libctru.a(3dslink.o)
                              /opt/devkitpro/libctru/lib/libctru.a(initArgv.o) (__3dslink_host)
/opt/devkitpro/libctru/lib/libctru.a(env.o)
                              /opt/devkitpro/libctru/lib/libctru.a(irrst.o) (envGetHandle)
/opt/devkitpro/libctru/lib/libctru.a(srv.o)
                              /opt/devkitpro/libctru/lib/libctru.a(apt.o) (srvInit)
/opt/devkitpro/libctru/lib/libctru.a(synchronization.o)
                              /opt/devkitpro/libctru/lib/libctru.a(ctru_init.o) (__sync_init)
/opt/devkitpro/libctru/lib/libctru.a(thread.o)
                              /opt/devkitpro/libctru/lib/libctru.a(apt.o) (threadCreate)
/opt/devkitpro/libctru/lib/libctru.a(mappable.o)
                              /opt/devkitpro/libctru/lib/libctru.a(apt.o) (mappableAlloc)
/opt/devkitpro/libctru/lib/libctru.a(srvpm.o)
                              /opt/devkitpro/libctru/lib/libctru.a(srv.o) (srvPmGetSessionHandle)
/opt/devkitpro/libctru/lib/libctru.a(soc_common.o)
                              /opt/devkitpro/libctru/lib/libctru.a(soc_connect.o) (_net_convert_error)
/opt/devkitpro/libctru/lib/libctru.a(rbtree_find.o)
                              /opt/devkitpro/libctru/lib/libctru.a(linear.o) (rbtree_find)
/opt/devkitpro/libctru/lib/libctru.a(rbtree_init.o)
                              /opt/devkitpro/libctru/lib/libctru.a(linear.o) (rbtree_init)
/opt/devkitpro/libctru/lib/libctru.a(rbtree_insert.o)
                              /opt/devkitpro/libctru/lib/libctru.a(linear.o) (rbtree_insert)
/opt/devkitpro/libctru/lib/libctru.a(rbtree_remove.o)
                              /opt/devkitpro/libctru/lib/libctru.a(linear.o) (rbtree_remove)
[...]
Memory Configuration

Name             Origin             Length             Attributes
*default*        0x00000000         0xffffffff

Linker script and memory map

                0x00000000                        __sync_synchronize = __sync_synchronize_dmb
                0x00100000                        PROVIDE (__start__ = 0x100000)
                0x00100000                        . = __start__

.text           0x00100000    0x2e7e4
 *(.crt0)
 .crt0          0x00100000       0x94 /opt/devkitpro/devkitARM/lib/gcc/arm-none-eabi/15.2.0/../../../../arm-none-eabi/lib/armv6k/fpu/3dsx_crt0.o
                0x00100000                _start
                0x00100008                __service_ptr
                0x0010000c                __apt_appid
                0x00100010                __heap_size
                0x00100014                __linear_heap_size
                0x00100018                __system_arglist
                0x0010001c                __system_runflags
 *(.init)
 .init          0x00100094        0xc /opt/devkitpro/devkitARM/lib/gcc/arm-none-eabi/15.2.0/armv6k/fpu/crti.o
                0x00100094                _init
 .init          0x001000a0        0xc /opt/devkitpro/devkitARM/lib/gcc/arm-none-eabi/15.2.0/armv6k/fpu/crtn.o
                0x001000ac                        . = ALIGN (0x4)
 *(.text)
 .text          0x001000ac      0x240 /opt/devkitpro/devkitARM/lib/gcc/arm-none-eabi/15.2.0/armv6k/fpu/libgcc.a(_divsi3.o)
                0x001000ac                __aeabi_idiv
                0x001000ac                __divsi3
                0x001002cc                __aeabi_idivmod
 .text          0x001002ec        0x4 /opt/devkitpro/devkitARM/lib/gcc/arm-none-eabi/15.2.0/armv6k/fpu/libgcc.a(_dvmd_tls.o)
                0x001002ec                __aeabi_ldiv0
                0x001002ec                __aeabi_idiv0
 .text          0x001002f0       0xd4 /opt/devkitpro/devkitARM/lib/gcc/arm-none-eabi/15.2.0/armv6k/fpu/libgcc.a(_aeabi_ldivmod.o)
                0x001002f0                __aeabi_ldivmod
 .text          0x001003c4       0x3c /opt/devkitpro/devkitARM/lib/gcc/arm-none-eabi/15.2.0/armv6k/fpu/libgcc.a(_aeabi_uldivmod.o)
                0x001003c4                __aeabi_uldivmod
 .text          0x00100400      0x390 /opt/devkitpro/devkitARM/lib/gcc/arm-none-eabi/15.2.0/../../../../arm-none-eabi/lib/armv6k/fpu/libc.a(libc_a-strcmp.o)
                0x00100408                strcmp
 .text          0x00100790      0x20c /opt/devkitpro/devkitARM/lib/gcc/arm-none-eabi/15.2.0/armv6k/fpu/libgcc.a(_udivsi3.o)
                0x00100790                __udivsi3
                0x00100790                __aeabi_uidiv
                0x0010097c                __aeabi_uidivmod
 .text          0x0010099c      0x3c0 /opt/devkitpro/devkitARM/lib/gcc/arm-none-eabi/15.2.0/armv6k/fpu/libgcc.a(_arm_addsubdf3.o)
                0x0010099c                __aeabi_drsub
                0x001009a4                __subdf3
                0x001009a4                __aeabi_dsub
                0x001009a8                __aeabi_dadd
                0x001009a8                __adddf3
                0x00100c54                __aeabi_ui2d
                0x00100c54                __floatunsidf
                0x00100c78                __floatsidf
                0x00100c78                __aeabi_i2d
                0x00100ca0                __extendsfdf2
                0x00100ca0                __aeabi_f2d
                0x00100ce8                __aeabi_ul2d
                0x00100ce8                __floatundidf
                0x00100cfc                __aeabi_l2d
                0x00100cfc                __floatdidf
 *(.text.*)
 .text.__do_global_dtors_aux
                0x00100d5c       0x50 /opt/devkitpro/devkitARM/lib/gcc/arm-none-eabi/15.2.0/armv6k/fpu/crtbegin.o
 .text.frame_dummy
                0x00100dac       0x2c /opt/devkitpro/devkitARM/lib/gcc/arm-none-eabi/15.2.0/armv6k/fpu/crtbegin.o
 .text.url_encode_simple
                0x00100dd8       0xc0 build/main.o
 .text.trim_line
                0x00100e98       0x9c build/main.o
 .text.ensure_directory_exists
                0x00100f34       0x64 build/main.o
 .text.json_extract_string
                0x00100f98       0xa8 build/main.o
 .text.copy_cstr.part.0
                0x00101040       0x58 build/main.o
 .text.parse_remote_saves.constprop.0
                0x00101098       0xf0 build/main.o
 .text.read_file_bytes.constprop.0
                0x00101188       0xcc build/main.o
 .text.copy_cstr
                0x00101254       0x60 build/main.o
 .text.sanitize_game_id.constprop.0
                0x001012b4       0xf8 build/main.o
 .text.http_request.constprop.0
                0x001013ac      0x448 build/main.o
 .text.sanitize_filename.constprop.0
                0x001017f4      0x108 build/main.o
 .text.startup.main
                0x001018fc     0x1970 build/main.o
                0x001018fc                main
 .text.consoleDrawChar
                0x0010326c      0x1c8 /opt/devkitpro/libctru/lib/libctru.a(console.o)
                0x0010326c                consoleDrawChar
 .text.consolePrintChar
                0x00103434      0x170 /opt/devkitpro/libctru/lib/libctru.a(console.o)
                0x00103434                consolePrintChar
 .text.con_write
                0x001035a4      0xcc8 /opt/devkitpro/libctru/lib/libctru.a(console.o)
                0x001035a4                con_write
 .text.newRow   0x0010426c       0xfc /opt/devkitpro/libctru/lib/libctru.a(console.o)
 .text.consoleInit
                0x00104368      0x180 /opt/devkitpro/libctru/lib/libctru.a(console.o)
                0x00104368                consoleInit
 .text.gfxPresentFramebuffer
                0x001044e8       0xcc /opt/devkitpro/libctru/lib/libctru.a(gfx.o)
 .text.gfxIsWide
                0x001045b4       0x1c /opt/devkitpro/libctru/lib/libctru.a(gfx.o)
                0x001045b4                gfxIsWide
 .text.gfxSetScreenFormat
                0x001045d0       0xf8 /opt/devkitpro/libctru/lib/libctru.a(gfx.o)
                0x001045d0                gfxSetScreenFormat
 .text.gfxSetDoubleBuffering
                0x001046c8       0x10 /opt/devkitpro/libctru/lib/libctru.a(gfx.o)
                0x001046c8                gfxSetDoubleBuffering
 .text.gfxInit  0x001046d8       0xd8 /opt/devkitpro/libctru/lib/libctru.a(gfx.o)
                0x001046d8                gfxInit
 .text.gfxInitDefault
                0x001047b0       0x10 /opt/devkitpro/libctru/lib/libctru.a(gfx.o)
                0x001047b0                gfxInitDefault
 .text.gfxExit  0x001047c0       0xb8 /opt/devkitpro/libctru/lib/libctru.a(gfx.o)
                0x001047c0                gfxExit
 .text.gfxGetFramebuffer
                0x00104878       0xa0 /opt/devkitpro/libctru/lib/libctru.a(gfx.o)
                0x00104878                gfxGetFramebuffer
 .text.gfxFlushBuffers
                0x00104918      0x100 /opt/devkitpro/libctru/lib/libctru.a(gfx.o)
                0x00104918                gfxFlushBuffers
 .text.gfxSwapBuffers
                0x00104a18       0x50 /opt/devkitpro/libctru/lib/libctru.a(gfx.o)
                0x00104a18                gfxSwapBuffers
 .text.gfxSwapBuffersGpu
                0x00104a68       0x50 /opt/devkitpro/libctru/lib/libctru.a(gfx.o)
                0x00104a68                gfxSwapBuffersGpu
 .text.osGetTimeRef
                0x00104ab8       0x54 /opt/devkitpro/libctru/lib/libctru.a(os.o)
                0x00104ab8                osGetTimeRef
 .text.osGetTime
                0x00104b0c       0xec /opt/devkitpro/libctru/lib/libctru.a(os.o)
                0x00104b0c                osGetTime
 .text.__ctru_speedup_config
                0x00104bf8       0x34 /opt/devkitpro/libctru/lib/libctru.a(os.o)
                0x00104bf8                __ctru_speedup_config
 .text.aptConvertScreenForCapture
                0x00104c2c      0x180 /opt/devkitpro/libctru/lib/libctru.a(apt.o)
 .text.aptDspSleep
                0x00104dac        0x8 /opt/devkitpro/libctru/lib/libctru.a(apt.o)
                0x00104dac                aptDspSleep
 .text.aptDspWakeup
                0x00104db4        0x4 /opt/devkitpro/libctru/lib/libctru.a(apt.o)
                0x00104db4                aptDspWakeup
 .text.aptDspCancel
                0x00104db8        0x4 /opt/devkitpro/libctru/lib/libctru.a(apt.o)
                0x00104db8                aptDspCancel
 .text.aptSendCommand
                0x00104dbc      0x138 /opt/devkitpro/libctru/lib/libctru.a(apt.o)
                0x00104dbc                aptSendCommand
 *fill*         0x00104ef4        0x4 
 .text.aptExitProcess
                0x00104ef8       0x44 /opt/devkitpro/libctru/lib/libctru.a(apt.o)
 .text.aptExit  0x00104f3c      0x394 /opt/devkitpro/libctru/lib/libctru.a(apt.o)
                0x00104f3c                aptExit
 .text.aptHandleSleep
                0x001052d0       0xd8 /opt/devkitpro/libctru/lib/libctru.a(apt.o)
                0x001052d0                aptHandleSleep
 .text.APT_SleepIfShellClosed
                0x001053a8       0x84 /opt/devkitpro/libctru/lib/libctru.a(apt.o)
                0x001053a8                APT_SleepIfShellClosed
 .text.aptSetSleepAllowed
                0x0010542c       0x78 /opt/devkitpro/libctru/lib/libctru.a(apt.o)
                0x0010542c                aptSetSleepAllowed
 .text.APT_UnlockTransition
                0x001054a4       0x84 /opt/devkitpro/libctru/lib/libctru.a(apt.o)
                0x001054a4                APT_UnlockTransition
 .text.aptEventHandler
                0x00105528      0x470 /opt/devkitpro/libctru/lib/libctru.a(apt.o)
 .text.APT_ReceiveParameter
                0x00105998       0xbc /opt/devkitpro/libctru/lib/libctru.a(apt.o)
                0x00105998                APT_ReceiveParameter
 .text.aptReceiveParameter.constprop.0
                0x00105a54       0xb0 /opt/devkitpro/libctru/lib/libctru.a(apt.o)
 *fill*         0x00105b04        0x4 
 .text.aptScreenTransfer
                0x00105b08      0x294 /opt/devkitpro/libctru/lib/libctru.a(apt.o)
 .text.aptWaitForWakeUp.isra.0
                0x00105d9c      0x2d0 /opt/devkitpro/libctru/lib/libctru.a(apt.o)
 .text.aptJumpToHomeMenu
                0x0010606c       0xf4 /opt/devkitpro/libctru/lib/libctru.a(apt.o)
                0x0010606c                aptJumpToHomeMenu
 .text.aptMainLoop
                0x00106160       0x58 /opt/devkitpro/libctru/lib/libctru.a(apt.o)
                0x00106160                aptMainLoop
 .text.aptInit  0x001061b8      0x240 /opt/devkitpro/libctru/lib/libctru.a(apt.o)
                0x001061b8                aptInit
 .text.APT_CheckNew3DS
                0x001063f8       0x90 /opt/devkitpro/libctru/lib/libctru.a(apt.o)
                0x001063f8                APT_CheckNew3DS
 .text.gspHardwareInit
                0x00106488      0xc70 /opt/devkitpro/libctru/lib/libctru.a(gspgpu.o)
 .text.gspInit  0x001070f8      0x288 /opt/devkitpro/libctru/lib/libctru.a(gspgpu.o)
                0x001070f8                gspInit
 .text.gspExit  0x00107380      0x104 /opt/devkitpro/libctru/lib/libctru.a(gspgpu.o)
                0x00107380                gspExit
 .text.gspHasGpuRight
                0x00107484       0x10 /opt/devkitpro/libctru/lib/libctru.a(gspgpu.o)
                0x00107484                gspHasGpuRight
 .text.gspPresentBuffer
                0x00107494       0xa4 /opt/devkitpro/libctru/lib/libctru.a(gspgpu.o)
                0x00107494                gspPresentBuffer
 .text.gspWaitForEvent
                0x00107538       0x50 /opt/devkitpro/libctru/lib/libctru.a(gspgpu.o)
                0x00107538                gspWaitForEvent
 .text.gxCmdQueueInterrupt
                0x00107588        0x4 /opt/devkitpro/libctru/lib/libctru.a(gspgpu.o)
                0x00107588                gxCmdQueueInterrupt
 .text.gspEventThreadMain
                0x0010758c      0x154 /opt/devkitpro/libctru/lib/libctru.a(gspgpu.o)
 .text.GSPGPU_FlushDataCache
                0x001076e0       0x50 /opt/devkitpro/libctru/lib/libctru.a(gspgpu.o)
                0x001076e0                GSPGPU_FlushDataCache
 .text.GSPGPU_SetLcdForceBlack
                0x00107730       0x34 /opt/devkitpro/libctru/lib/libctru.a(gspgpu.o)
                0x00107730                GSPGPU_SetLcdForceBlack
 .text.GSPGPU_AcquireRight
                0x00107764       0x84 /opt/devkitpro/libctru/lib/libctru.a(gspgpu.o)
                0x00107764                GSPGPU_AcquireRight
 .text.GSPGPU_ReleaseRight
                0x001077e8       0x64 /opt/devkitpro/libctru/lib/libctru.a(gspgpu.o)
                0x001077e8                GSPGPU_ReleaseRight
 .text.GSPGPU_ImportDisplayCaptureInfo
                0x0010784c       0x7c /opt/devkitpro/libctru/lib/libctru.a(gspgpu.o)
                0x0010784c                GSPGPU_ImportDisplayCaptureInfo
 .text.GSPGPU_SaveVramSysArea
                0x001078c8       0x2c /opt/devkitpro/libctru/lib/libctru.a(gspgpu.o)
                0x001078c8                GSPGPU_SaveVramSysArea
 .text.GSPGPU_RestoreVramSysArea
                0x001078f4       0x2c /opt/devkitpro/libctru/lib/libctru.a(gspgpu.o)
                0x001078f4                GSPGPU_RestoreVramSysArea
 .text.hidShouldUseIrrst
                0x00107920       0x24 /opt/devkitpro/libctru/lib/libctru.a(hid.o)
                0x00107920                hidShouldUseIrrst
 .text.hidInit  0x00107944      0x1cc /opt/devkitpro/libctru/lib/libctru.a(hid.o)
                0x00107944                hidInit
 .text.hidExit  0x00107b10       0xe8 /opt/devkitpro/libctru/lib/libctru.a(hid.o)
                0x00107b10                hidExit
 .text.hidScanInput
                0x00107bf8      0x2a0 /opt/devkitpro/libctru/lib/libctru.a(hid.o)
                0x00107bf8                hidScanInput
 .text.hidKeysDown
                0x00107e98       0x10 /opt/devkitpro/libctru/lib/libctru.a(hid.o)
                0x00107e98                hidKeysDown
 .text.irrstInit
                0x00107ea8      0x1a4 /opt/devkitpro/libctru/lib/libctru.a(irrst.o)
                0x00107ea8                irrstInit
 .text.irrstExit
                0x0010804c       0xdc /opt/devkitpro/libctru/lib/libctru.a(irrst.o)
                0x0010804c                irrstExit
 .text.irrstScanInput
                0x00108128       0xb4 /opt/devkitpro/libctru/lib/libctru.a(irrst.o)
                0x00108128                irrstScanInput
 .text.irrstKeysHeld
                0x001081dc       0x24 /opt/devkitpro/libctru/lib/libctru.a(irrst.o)
                0x001081dc                irrstKeysHeld
 .text.ptmSysmInit
                0x00108200       0x78 /opt/devkitpro/libctru/lib/libctru.a(ptmsysm.o)
                0x00108200                ptmSysmInit
 .text.ptmSysmExit
                0x00108278       0x3c /opt/devkitpro/libctru/lib/libctru.a(ptmsysm.o)
                0x00108278                ptmSysmExit
 .text.PTMSYSM_ConfigureNew3DSCPU
                0x001082b4       0x34 /opt/devkitpro/libctru/lib/libctru.a(ptmsysm.o)
                0x001082b4                PTMSYSM_ConfigureNew3DSCPU
 .text.connect  0x001082e8      0x174 /opt/devkitpro/libctru/lib/libctru.a(soc_connect.o)
                0x001082e8                connect
 .text.freeaddrinfo
                0x0010845c       0x24 /opt/devkitpro/libctru/lib/libctru.a(soc_getaddrinfo.o)
                0x0010845c                freeaddrinfo
 .text.getaddrinfo
                0x00108480      0x2cc /opt/devkitpro/libctru/lib/libctru.a(soc_getaddrinfo.o)
                0x00108480                getaddrinfo
 .text.soc_read
                0x0010874c       0x34 /opt/devkitpro/libctru/lib/libctru.a(soc_init.o)
 .text.soc_write
                0x00108780       0x34 /opt/devkitpro/libctru/lib/libctru.a(soc_init.o)
 .text.soc_close
                0x001087b4       0xb0 /opt/devkitpro/libctru/lib/libctru.a(soc_init.o)
 .text.socInit  0x00108864      0x190 /opt/devkitpro/libctru/lib/libctru.a(soc_init.o)
                0x00108864                socInit
 .text.socExit  0x001089f4       0x88 /opt/devkitpro/libctru/lib/libctru.a(soc_init.o)
                0x001089f4                socExit
 .text.recv     0x00108a7c       0x20 /opt/devkitpro/libctru/lib/libctru.a(soc_recv.o)
                0x00108a7c                recv
 .text.socuipc_cmd7
                0x00108a9c      0x148 /opt/devkitpro/libctru/lib/libctru.a(soc_recvfrom.o)
                0x00108a9c                socuipc_cmd7
 .text.socuipc_cmd8
                0x00108be4      0x168 /opt/devkitpro/libctru/lib/libctru.a(soc_recvfrom.o)
                0x00108be4                socuipc_cmd8
 .text.soc_recvfrom
                0x00108d4c       0x10 /opt/devkitpro/libctru/lib/libctru.a(soc_recvfrom.o)
                0x00108d4c                soc_recvfrom
 .text.recvfrom
                0x00108d5c       0xa4 /opt/devkitpro/libctru/lib/libctru.a(soc_recvfrom.o)
                0x00108d5c                recvfrom
 .text.send     0x00108e00       0x20 /opt/devkitpro/libctru/lib/libctru.a(soc_send.o)
                0x00108e00                send
 .text.socuipc_cmd9
                0x00108e20      0x15c /opt/devkitpro/libctru/lib/libctru.a(soc_sendto.o)
                0x00108e20                socuipc_cmd9
 .text.socuipc_cmda
                0x00108f7c      0x160 /opt/devkitpro/libctru/lib/libctru.a(soc_sendto.o)
                0x00108f7c                socuipc_cmda
 .text.soc_sendto
                0x001090dc       0x10 /opt/devkitpro/libctru/lib/libctru.a(soc_sendto.o)
                0x001090dc                soc_sendto
 .text.sendto   0x001090ec       0xa4 /opt/devkitpro/libctru/lib/libctru.a(soc_sendto.o)
                0x001090ec                sendto
 .text.socket   0x00109190      0x16c /opt/devkitpro/libctru/lib/libctru.a(soc_socket.o)
                0x00109190                socket
 .text.__libctru_init
                0x001092fc       0x38 /opt/devkitpro/libctru/lib/libctru.a(ctru_init.o)
                0x001092fc                __libctru_init
 .text.__system_initArgv
                0x00109334      0x16c /opt/devkitpro/libctru/lib/libctru.a(initArgv.o)
                0x00109334                __system_initArgv
 .text.__syscall_getreent
                0x001094a0       0x30 /opt/devkitpro/libctru/lib/libctru.a(syscalls.o)
                0x001094a0                __syscall_getreent
 .text.__syscall_gettod_r
                0x001094d0       0x64 /opt/devkitpro/libctru/lib/libctru.a(syscalls.o)
                0x001094d0                __syscall_gettod_r
 .text.__syscall_lock_acquire
                0x00109534        0x4 /opt/devkitpro/libctru/lib/libctru.a(syscalls.o)
                0x00109534                __syscall_lock_acquire
 .text.__syscall_lock_release
                0x00109538        0x4 /opt/devkitpro/libctru/lib/libctru.a(syscalls.o)
                0x00109538                __syscall_lock_release
 .text.__syscall_lock_acquire_recursive
                0x0010953c        0x4 /opt/devkitpro/libctru/lib/libctru.a(syscalls.o)
                0x0010953c                __syscall_lock_acquire_recursive
 .text.__syscall_lock_release_recursive
                0x00109540        0x4 /opt/devkitpro/libctru/lib/libctru.a(syscalls.o)
                0x00109540                __syscall_lock_release_recursive
 .text.__syscall_exit
                0x00109544        0x4 /opt/devkitpro/libctru/lib/libctru.a(syscalls.o)
                0x00109544                __syscall_exit
 .text.initThreadVars
                0x00109548       0x54 /opt/devkitpro/libctru/lib/libctru.a(syscalls.o)
                0x00109548                initThreadVars
 .text.__system_initSyscalls
                0x0010959c       0x80 /opt/devkitpro/libctru/lib/libctru.a(syscalls.o)
                0x0010959c                __system_initSyscalls
 .text.svcControlMemory
                0x0010961c       0x20 /opt/devkitpro/libctru/lib/libctru.a(svc.o)
                0x0010961c                svcControlMemory
 .text.svcQueryMemory
                0x0010963c       0x30 /opt/devkitpro/libctru/lib/libctru.a(svc.o)
                0x0010963c                svcQueryMemory
 .text.svcExitProcess
                0x0010966c        0x8 /opt/devkitpro/libctru/lib/libctru.a(svc.o)
                0x0010966c                svcExitProcess
 .text.svcCreateThread
                0x00109674       0x20 /opt/devkitpro/libctru/lib/libctru.a(svc.o)
                0x00109674                svcCreateThread
 .text.svcExitThread
                0x00109694        0x8 /opt/devkitpro/libctru/lib/libctru.a(svc.o)
                0x00109694                svcExitThread
 .text.svcSleepThread
                0x0010969c        0x8 /opt/devkitpro/libctru/lib/libctru.a(svc.o)
                0x0010969c                svcSleepThread
 .text.svcReleaseMutex
                0x001096a4        0x8 /opt/devkitpro/libctru/lib/libctru.a(svc.o)
                0x001096a4                svcReleaseMutex
 .text.svcCreateEvent
                0x001096ac       0x14 /opt/devkitpro/libctru/lib/libctru.a(svc.o)
                0x001096ac                svcCreateEvent
 .text.svcSignalEvent
                0x001096c0        0x8 /opt/devkitpro/libctru/lib/libctru.a(svc.o)
                0x001096c0                svcSignalEvent
 .text.svcClearEvent
                0x001096c8        0x8 /opt/devkitpro/libctru/lib/libctru.a(svc.o)
                0x001096c8                svcClearEvent
 .text.svcCreateMemoryBlock
                0x001096d0       0x18 /opt/devkitpro/libctru/lib/libctru.a(svc.o)
                0x001096d0                svcCreateMemoryBlock
 .text.svcMapMemoryBlock
                0x001096e8        0x8 /opt/devkitpro/libctru/lib/libctru.a(svc.o)
                0x001096e8                svcMapMemoryBlock
 .text.svcUnmapMemoryBlock
                0x001096f0        0x8 /opt/devkitpro/libctru/lib/libctru.a(svc.o)
                0x001096f0                svcUnmapMemoryBlock
 .text.svcCreateAddressArbiter
                0x001096f8       0x14 /opt/devkitpro/libctru/lib/libctru.a(svc.o)
                0x001096f8                svcCreateAddressArbiter
 .text.svcArbitrateAddressNoTimeout
                0x0010970c        0x8 /opt/devkitpro/libctru/lib/libctru.a(svc.o)
                0x0010970c                svcArbitrateAddressNoTimeout
 .text.svcCloseHandle
                0x00109714        0x8 /opt/devkitpro/libctru/lib/libctru.a(svc.o)
                0x00109714                svcCloseHandle
 .text.svcWaitSynchronization
                0x0010971c        0x8 /opt/devkitpro/libctru/lib/libctru.a(svc.o)
                0x0010971c                svcWaitSynchronization
 .text.svcWaitSynchronizationN
                0x00109724       0x28 /opt/devkitpro/libctru/lib/libctru.a(svc.o)
                0x00109724                svcWaitSynchronizationN
 .text.svcDuplicateHandle
                0x0010974c       0x14 /opt/devkitpro/libctru/lib/libctru.a(svc.o)
                0x0010974c                svcDuplicateHandle
 .text.svcGetSystemTick
                0x00109760        0x8 /opt/devkitpro/libctru/lib/libctru.a(svc.o)
                0x00109760                svcGetSystemTick
 .text.svcConnectToPort
                0x00109768       0x14 /opt/devkitpro/libctru/lib/libctru.a(svc.o)
                0x00109768                svcConnectToPort
 .text.svcSendSyncRequest
                0x0010977c        0x8 /opt/devkitpro/libctru/lib/libctru.a(svc.o)
                0x0010977c                svcSendSyncRequest
 .text.svcGetResourceLimit
                0x00109784       0x14 /opt/devkitpro/libctru/lib/libctru.a(svc.o)
                0x00109784                svcGetResourceLimit
 .text.svcGetResourceLimitLimitValues
                0x00109798        0x8 /opt/devkitpro/libctru/lib/libctru.a(svc.o)
                0x00109798                svcGetResourceLimitLimitValues
 .text.svcGetResourceLimitCurrentValues
                0x001097a0        0x8 /opt/devkitpro/libctru/lib/libctru.a(svc.o)
                0x001097a0                svcGetResourceLimitCurrentValues
 .text.svcBreak
                0x001097a8        0x8 /opt/devkitpro/libctru/lib/libctru.a(svc.o)
                0x001097a8                svcBreak
 .text.initSystem
                0x001097b0       0x50 /opt/devkitpro/libctru/lib/libctru.a(stack_adjust.o)
                0x001097b0                initSystem
 .text.__ctru_exit
                0x00109800       0x14 /opt/devkitpro/libctru/lib/libctru.a(stack_adjust.o)
                0x00109800                __ctru_exit
 .text._ZL21addrMapNodeComparatorPK11rbtree_nodeS1_
                0x00109814       0x24 /opt/devkitpro/libctru/lib/libctru.a(linear.o)
 .text._ZL21addrMapNodeDestructorP11rbtree_node
                0x00109838        0x4 /opt/devkitpro/libctru/lib/libctru.a(linear.o)
 .text.linearMemAlign
                0x0010983c      0x12c /opt/devkitpro/libctru/lib/libctru.a(linear.o)
                0x0010983c                linearMemAlign
 .text.linearAlloc
                0x00109968        0x8 /opt/devkitpro/libctru/lib/libctru.a(linear.o)
                0x00109968                linearAlloc
 .text.linearFree
                0x00109970       0x5c /opt/devkitpro/libctru/lib/libctru.a(linear.o)
                0x00109970                linearFree
 .text._ZN7MemPool13CoalesceRightEP8MemBlock
                0x001099cc       0x88 /opt/devkitpro/libctru/lib/libctru.a(mem_pool.o)
                0x001099cc                _ZN7MemPool13CoalesceRightEP8MemBlock
 .text._ZN7MemPool8AllocateER8MemChunkmi
                0x00109a54      0x178 /opt/devkitpro/libctru/lib/libctru.a(mem_pool.o)
                0x00109a54                _ZN7MemPool8AllocateER8MemChunkmi
 .text._ZN7MemPool10DeallocateERK8MemChunk
                0x00109bcc      0x118 /opt/devkitpro/libctru/lib/libctru.a(mem_pool.o)
                0x00109bcc                _ZN7MemPool10DeallocateERK8MemChunk
 .text._ZN7MemPool12GetFreeSpaceEv
                0x00109ce4       0x30 /opt/devkitpro/libctru/lib/libctru.a(mem_pool.o)
                0x00109ce4                _ZN7MemPool12GetFreeSpaceEv
 .text._ZL21addrMapNodeComparatorPK11rbtree_nodeS1_
                0x00109d14       0x24 /opt/devkitpro/libctru/lib/libctru.a(vram.o)
 .text._ZL21addrMapNodeDestructorP11rbtree_node
                0x00109d38        0x4 /opt/devkitpro/libctru/lib/libctru.a(vram.o)
 .text.vramMemAlignAt
                0x00109d3c      0x248 /opt/devkitpro/libctru/lib/libctru.a(vram.o)
                0x00109d3c                vramMemAlignAt
 .text.vramAlloc
                0x00109f84        0xc /opt/devkitpro/libctru/lib/libctru.a(vram.o)
                0x00109f84                vramAlloc
 .text.vramFree
                0x00109f90       0x94 /opt/devkitpro/libctru/lib/libctru.a(vram.o)
                0x00109f90                vramFree
 .text.envGetHandle
                0x0010a024       0x8c /opt/devkitpro/libctru/lib/libctru.a(env.o)
                0x0010a024                envGetHandle
 .text.envDestroyHandles
                0x0010a0b0       0x50 /opt/devkitpro/libctru/lib/libctru.a(env.o)
                0x0010a0b0                envDestroyHandles
 .text.srvInit  0x0010a100      0x164 /opt/devkitpro/libctru/lib/libctru.a(srv.o)
                0x0010a100                srvInit
 .text.srvExit  0x0010a264       0x64 /opt/devkitpro/libctru/lib/libctru.a(srv.o)
                0x0010a264                srvExit
 .text.srvEnableNotification
                0x0010a2c8       0x60 /opt/devkitpro/libctru/lib/libctru.a(srv.o)
                0x0010a2c8                srvEnableNotification
 .text.srvGetServiceHandleDirect
                0x0010a328       0xa0 /opt/devkitpro/libctru/lib/libctru.a(srv.o)
                0x0010a328                srvGetServiceHandleDirect
 .text.srvGetServiceHandle
                0x0010a3c8       0x48 /opt/devkitpro/libctru/lib/libctru.a(srv.o)
                0x0010a3c8                srvGetServiceHandle
 .text.srvSubscribe
                0x0010a410       0x34 /opt/devkitpro/libctru/lib/libctru.a(srv.o)
                0x0010a410                srvSubscribe
 .text.srvReceiveNotification
                0x0010a444       0x60 /opt/devkitpro/libctru/lib/libctru.a(srv.o)
                0x0010a444                srvReceiveNotification
 .text.srvPublishToSubscriber
                0x0010a4a4       0x38 /opt/devkitpro/libctru/lib/libctru.a(srv.o)
                0x0010a4a4                srvPublishToSubscriber
 .text.__sync_init
                0x0010a4dc        0xc /opt/devkitpro/libctru/lib/libctru.a(synchronization.o)
                0x0010a4dc                __sync_init
 .text.__sync_fini
                0x0010a4e8       0x18 /opt/devkitpro/libctru/lib/libctru.a(synchronization.o)
                0x0010a4e8                __sync_fini
 .text.syncArbitrateAddress
                0x0010a500       0x28 /opt/devkitpro/libctru/lib/libctru.a(synchronization.o)
                0x0010a500                syncArbitrateAddress
 .text.LightLock_Lock
                0x0010a528       0xac /opt/devkitpro/libctru/lib/libctru.a(synchronization.o)
                0x0010a528                LightLock_Lock
 .text.LightLock_Unlock
                0x0010a5d4       0x40 /opt/devkitpro/libctru/lib/libctru.a(synchronization.o)
                0x0010a5d4                LightLock_Unlock
 .text.RecursiveLock_Lock
                0x0010a614       0x54 /opt/devkitpro/libctru/lib/libctru.a(synchronization.o)
                0x0010a614                RecursiveLock_Lock
 .text.RecursiveLock_Unlock
                0x0010a668       0x54 /opt/devkitpro/libctru/lib/libctru.a(synchronization.o)
                0x0010a668                RecursiveLock_Unlock
 .text.LightEvent_Init
                0x0010a6bc       0x44 /opt/devkitpro/libctru/lib/libctru.a(synchronization.o)
                0x0010a6bc                LightEvent_Init
 .text.LightEvent_Clear
                0x0010a700       0xb8 /opt/devkitpro/libctru/lib/libctru.a(synchronization.o)
                0x0010a700                LightEvent_Clear
 .text.LightEvent_Signal
                0x0010a7b8       0xdc /opt/devkitpro/libctru/lib/libctru.a(synchronization.o)
                0x0010a7b8                LightEvent_Signal
 .text.LightEvent_TryWait
                0x0010a894       0x50 /opt/devkitpro/libctru/lib/libctru.a(synchronization.o)
                0x0010a894                LightEvent_TryWait
 .text.LightEvent_Wait
                0x0010a8e4       0xac /opt/devkitpro/libctru/lib/libctru.a(synchronization.o)
                0x0010a8e4                LightEvent_Wait
 .text.threadCreate
                0x0010a990      0x1fc /opt/devkitpro/libctru/lib/libctru.a(thread.o)
                0x0010a990                threadCreate
 .text.threadFree
                0x0010ab8c       0x38 /opt/devkitpro/libctru/lib/libctru.a(thread.o)
                0x0010ab8c                threadFree
 .text.threadJoin
                0x0010abc4       0x24 /opt/devkitpro/libctru/lib/libctru.a(thread.o)
                0x0010abc4                threadJoin
 .text.threadGetCurrent
                0x0010abe8       0x30 /opt/devkitpro/libctru/lib/libctru.a(thread.o)
                0x0010abe8                threadGetCurrent
 .text.threadExit
                0x0010ac18       0x40 /opt/devkitpro/libctru/lib/libctru.a(thread.o)
                0x0010ac18                threadExit
 .text._thread_begin
                0x0010ac58       0x20 /opt/devkitpro/libctru/lib/libctru.a(thread.o)
 .text.mappableFindAddressWithin
                0x0010ac78       0x90 /opt/devkitpro/libctru/lib/libctru.a(mappable.o)
 .text.mappableInit
                0x0010ad08       0x28 /opt/devkitpro/libctru/lib/libctru.a(mappable.o)
                0x0010ad08                mappableInit
 .text.mappableAlloc
                0x0010ad30       0x7c /opt/devkitpro/libctru/lib/libctru.a(mappable.o)
                0x0010ad30                mappableAlloc
 .text.mappableFree
                0x0010adac        0x4 /opt/devkitpro/libctru/lib/libctru.a(mappable.o)
                0x0010adac                mappableFree
 .text.srvPmGetSessionHandle
                0x0010adb0        0xc /opt/devkitpro/libctru/lib/libctru.a(srvpm.o)
                0x0010adb0                srvPmGetSessionHandle
 .text._net_convert_error
                0x0010adbc       0x3c /opt/devkitpro/libctru/lib/libctru.a(soc_common.o)
                0x0010adbc                _net_convert_error
 .text.rbtree_find
                0x0010adf8       0x74 /opt/devkitpro/libctru/lib/libctru.a(rbtree_find.o)
                0x0010adf8                rbtree_find
 .text.rbtree_init
                0x0010ae6c       0x10 /opt/devkitpro/libctru/lib/libctru.a(rbtree_init.o)
                0x0010ae6c                rbtree_init
 .text.do_insert
                0x0010ae7c      0x198 /opt/devkitpro/libctru/lib/libctru.a(rbtree_insert.o)
 .text.rbtree_insert
                0x0010b014        0x8 /opt/devkitpro/libctru/lib/libctru.a(rbtree_insert.o)
                0x0010b014                rbtree_insert
 .text.rbtree_remove
                0x0010b01c      0x310 /opt/devkitpro/libctru/lib/libctru.a(rbtree_remove.o)
                0x0010b01c                rbtree_remove
 .text.rbtree_rotate
                0x0010b32c       0x90 /opt/devkitpro/libctru/lib/libctru.a(rbtree_rotate.o)
                0x0010b32c                rbtree_rotate
 *fill*         0x0010b3bc        0x4 
 .text.__system_allocateHeaps
                0x0010b3c0      0x1e8 /opt/devkitpro/libctru/lib/libctru.a(allocateHeaps.o)
                0x0010b3c0                __system_allocateHeaps
 .text.__appExit
                0x0010b5a8       0x30 /opt/devkitpro/libctru/lib/libctru.a(appExit.o)
                0x0010b5a8                __appExit
 .text.__appInit
                0x0010b5d8       0x30 /opt/devkitpro/libctru/lib/libctru.a(appInit.o)
                0x0010b5d8                __appInit
 .text.__libctru_exit
                0x0010b608       0x90 /opt/devkitpro/libctru/lib/libctru.a(ctru_exit.o)
                0x0010b608                __libctru_exit
 .text.error_cmp
                0x0010b698       0x24 /opt/devkitpro/libctru/lib/libctru.a(archive_dev.o)
 .text.archive_translate_error
                0x0010b6bc       0x50 /opt/devkitpro/libctru/lib/libctru.a(archive_dev.o)
 .text.archive_seek
                0x0010b70c       0xc0 /opt/devkitpro/libctru/lib/libctru.a(archive_dev.o)
 .text._archiveInit.part.0
                0x0010b7cc       0x78 /opt/devkitpro/libctru/lib/libctru.a(archive_dev.o)
 .text.archiveFindDevice.part.0
                0x0010b844      0x110 /opt/devkitpro/libctru/lib/libctru.a(archive_dev.o)
 .text.archive_utf16path
                0x0010b954      0x298 /opt/devkitpro/libctru/lib/libctru.a(archive_dev.o)
 .text._archiveUnmountDeviceStruct.part.0
                0x0010bbec       0x98 /opt/devkitpro/libctru/lib/libctru.a(archive_dev.o)
 .text._archiveMountDevice
                0x0010bc84      0x178 /opt/devkitpro/libctru/lib/libctru.a(archive_dev.o)
 .text.archive_diropen
                0x0010bdfc       0xf8 /opt/devkitpro/libctru/lib/libctru.a(archive_dev.o)
 .text.archive_fstat
                0x0010bef4       0xac /opt/devkitpro/libctru/lib/libctru.a(archive_dev.o)
 .text.archive_fsync
                0x0010bfa0       0x74 /opt/devkitpro/libctru/lib/libctru.a(archive_dev.o)
 .text.archive_close
                0x0010c014       0x74 /opt/devkitpro/libctru/lib/libctru.a(archive_dev.o)
 .text.archive_dirclose
                0x0010c088       0x78 /opt/devkitpro/libctru/lib/libctru.a(archive_dev.o)
 .text.sdmc_statvfs
                0x0010c100       0xec /opt/devkitpro/libctru/lib/libctru.a(archive_dev.o)
 .text.archive_chdir
                0x0010c1ec       0xf8 /opt/devkitpro/libctru/lib/libctru.a(archive_dev.o)
 .text.archive_ftruncate
                0x0010c2e4       0x8c /opt/devkitpro/libctru/lib/libctru.a(archive_dev.o)
 .text.archive_read
                0x0010c370       0xbc /opt/devkitpro/libctru/lib/libctru.a(archive_dev.o)
 .text.archive_unlink
                0x0010c42c       0xa8 /opt/devkitpro/libctru/lib/libctru.a(archive_dev.o)
 .text.archive_rmdir
                0x0010c4d4       0xc0 /opt/devkitpro/libctru/lib/libctru.a(archive_dev.o)
 .text.archive_mkdir
                0x0010c594       0xd8 /opt/devkitpro/libctru/lib/libctru.a(archive_dev.o)
 .text.archive_stat
                0x0010c66c      0x1a0 /opt/devkitpro/libctru/lib/libctru.a(archive_dev.o)
 .text.archive_dirnext
                0x0010c80c      0x164 /opt/devkitpro/libctru/lib/libctru.a(archive_dev.o)
 .text.archive_write
                0x0010c970      0x13c /opt/devkitpro/libctru/lib/libctru.a(archive_dev.o)
 *fill*         0x0010caac        0x4 
 .text.archive_open
                0x0010cab0      0x254 /opt/devkitpro/libctru/lib/libctru.a(archive_dev.o)
 .text.archive_rename
                0x0010cd04      0x270 /opt/devkitpro/libctru/lib/libctru.a(archive_dev.o)
 .text.archiveMountSdmc
                0x0010cf74      0x1c8 /opt/devkitpro/libctru/lib/libctru.a(archive_dev.o)
                0x0010cf74                archiveMountSdmc
 .text.archiveUnmountAll
                0x0010d13c       0x54 /opt/devkitpro/libctru/lib/libctru.a(archive_dev.o)
                0x0010d13c                archiveUnmountAll
 .text.fsInit   0x0010d190      0x104 /opt/devkitpro/libctru/lib/libctru.a(fs.o)
                0x0010d190                fsInit
 .text.fsExit   0x0010d294       0x3c /opt/devkitpro/libctru/lib/libctru.a(fs.o)
                0x0010d294                fsExit
 .text.fsExemptFromSession
                0x0010d2d0       0x68 /opt/devkitpro/libctru/lib/libctru.a(fs.o)
                0x0010d2d0                fsExemptFromSession
 .text.fsUnexemptFromSession
                0x0010d338       0x50 /opt/devkitpro/libctru/lib/libctru.a(fs.o)
                0x0010d338                fsUnexemptFromSession
 .text.FSUSER_OpenFile
                0x0010d388       0xcc /opt/devkitpro/libctru/lib/libctru.a(fs.o)
                0x0010d388                FSUSER_OpenFile
 .text.FSUSER_DeleteFile
                0x0010d454       0xb8 /opt/devkitpro/libctru/lib/libctru.a(fs.o)
                0x0010d454                FSUSER_DeleteFile
 .text.FSUSER_RenameFile
                0x0010d50c       0xf4 /opt/devkitpro/libctru/lib/libctru.a(fs.o)
                0x0010d50c                FSUSER_RenameFile
 .text.FSUSER_DeleteDirectory
                0x0010d600       0xb8 /opt/devkitpro/libctru/lib/libctru.a(fs.o)
                0x0010d600                FSUSER_DeleteDirectory
 .text.FSUSER_CreateFile
                0x0010d6b8       0xd0 /opt/devkitpro/libctru/lib/libctru.a(fs.o)
                0x0010d6b8                FSUSER_CreateFile
 .text.FSUSER_CreateDirectory
                0x0010d788       0xc0 /opt/devkitpro/libctru/lib/libctru.a(fs.o)
                0x0010d788                FSUSER_CreateDirectory
 .text.FSUSER_RenameDirectory
                0x0010d848       0xf4 /opt/devkitpro/libctru/lib/libctru.a(fs.o)
                0x0010d848                FSUSER_RenameDirectory
 .text.FSUSER_OpenDirectory
                0x0010d93c       0xb4 /opt/devkitpro/libctru/lib/libctru.a(fs.o)
                0x0010d93c                FSUSER_OpenDirectory
 .text.FSUSER_OpenArchive
                0x0010d9f0       0x90 /opt/devkitpro/libctru/lib/libctru.a(fs.o)
                0x0010d9f0                FSUSER_OpenArchive
 .text.FSUSER_CloseArchive
                0x0010da80       0x8c /opt/devkitpro/libctru/lib/libctru.a(fs.o)
                0x0010da80                FSUSER_CloseArchive
 .text.FSUSER_GetSdmcArchiveResource
                0x0010db0c       0x74 /opt/devkitpro/libctru/lib/libctru.a(fs.o)
                0x0010db0c                FSUSER_GetSdmcArchiveResource
 .text.FSUSER_IsSdmcWritable
                0x0010db80       0x64 /opt/devkitpro/libctru/lib/libctru.a(fs.o)
                0x0010db80                FSUSER_IsSdmcWritable
 .text.FSFILE_Read
                0x0010dbe4       0x64 /opt/devkitpro/libctru/lib/libctru.a(fs.o)
                0x0010dbe4                FSFILE_Read
 .text.FSFILE_Write
                0x0010dc48       0x6c /opt/devkitpro/libctru/lib/libctru.a(fs.o)
                0x0010dc48                FSFILE_Write
 .text.FSFILE_GetSize
                0x0010dcb4       0x44 /opt/devkitpro/libctru/lib/libctru.a(fs.o)
                0x0010dcb4                FSFILE_GetSize
 .text.FSFILE_SetSize
                0x0010dcf8       0x28 /opt/devkitpro/libctru/lib/libctru.a(fs.o)
                0x0010dcf8                FSFILE_SetSize
 .text.FSFILE_Close
                0x0010dd20       0x3c /opt/devkitpro/libctru/lib/libctru.a(fs.o)
                0x0010dd20                FSFILE_Close
 .text.FSFILE_Flush
                0x0010dd5c       0x24 /opt/devkitpro/libctru/lib/libctru.a(fs.o)
                0x0010dd5c                FSFILE_Flush
 .text.FSDIR_Read
                0x0010dd80       0x60 /opt/devkitpro/libctru/lib/libctru.a(fs.o)
                0x0010dd80                FSDIR_Read
 .text.FSDIR_Close
                0x0010dde0       0x3c /opt/devkitpro/libctru/lib/libctru.a(fs.o)
                0x0010dde0                FSDIR_Close
 .text.rbtree_node_next
                0x0010de1c       0x60 /opt/devkitpro/libctru/lib/libctru.a(rbtree_iterator.o)
                0x0010de1c                rbtree_node_next
 .text.decode_utf8
                0x0010de7c      0x140 /opt/devkitpro/libctru/lib/libctru.a(decode_utf8.o)
                0x0010de7c                decode_utf8
 .text.utf16_to_utf8
                0x0010dfbc       0xe8 /opt/devkitpro/libctru/lib/libctru.a(utf16_to_utf8.o)
                0x0010dfbc                utf16_to_utf8
 .text.utf8_to_utf16
                0x0010e0a4       0xc0 /opt/devkitpro/libctru/lib/libctru.a(utf8_to_utf16.o)
                0x0010e0a4                utf8_to_utf16
 .text.__aeabi_read_tp
                0x0010e164        0xc /opt/devkitpro/libctru/lib/libctru.a(readtp.o)
                0x0010e164                __aeabi_read_tp
 .text.decode_utf16
                0x0010e170       0x54 /opt/devkitpro/libctru/lib/libctru.a(decode_utf16.o)
                0x0010e170                decode_utf16
 .text.encode_utf16
                0x0010e1c4       0x54 /opt/devkitpro/libctru/lib/libctru.a(encode_utf16.o)
                0x0010e1c4                encode_utf16
 .text.encode_utf8
                0x0010e218       0xe0 /opt/devkitpro/libctru/lib/libctru.a(encode_utf8.o)
                0x0010e218                encode_utf8
 .text.__fixdfdi
                0x0010e2f8       0x2c /opt/devkitpro/devkitARM/lib/gcc/arm-none-eabi/15.2.0/armv6k/fpu/libgcc.a(_fixdfdi.o)
                0x0010e2f8                __aeabi_d2lz
                0x0010e2f8                __fixdfdi
 *fill*         0x0010e324        0x4 
 .text.__fixunsdfdi
                0x0010e328       0x40 /opt/devkitpro/devkitARM/lib/gcc/arm-none-eabi/15.2.0/armv6k/fpu/libgcc.a(_fixunsdfdi.o)
                0x0010e328                __aeabi_d2ulz
                0x0010e328                __fixunsdfdi
 .text.__udivmoddi4
                0x0010e368      0x130 /opt/devkitpro/devkitARM/lib/gcc/arm-none-eabi/15.2.0/armv6k/fpu/libgcc.a(_udivmoddi4.o)
                0x0010e368                __udivmoddi4
 .text.strncat  0x0010e498       0xe4 /opt/devkitpro/devkitARM/lib/gcc/arm-none-eabi/15.2.0/../../../../arm-none-eabi/lib/armv6k/fpu/libc.a(libc_a-strncat.o)
                0x0010e498                strncat
 .text.ftell    0x0010e57c       0x34 /opt/devkitpro/devkitARM/lib/gcc/arm-none-eabi/15.2.0/../../../../arm-none-eabi/lib/armv6k/fpu/libc.a(libc_a-ftell.o)
                0x0010e57c                ftell
 .text.sscanf   0x0010e5b0       0x78 /opt/devkitpro/devkitARM/lib/gcc/arm-none-eabi/15.2.0/../../../../arm-none-eabi/lib/armv6k/fpu/libc.a(libc_a-sscanf.o)
                0x0010e5b0                sscanf
 .text.critical_factorization
                0x0010e628      0x130 /opt/devkitpro/devkitARM/lib/gcc/arm-none-eabi/15.2.0/../../../../arm-none-eabi/lib/armv6k/fpu/libc.a(libc_a-strstr.o)
 .text.two_way_long_needle
                0x0010e758      0x33c /opt/devkitpro/devkitARM/lib/gcc/arm-none-eabi/15.2.0/../../../../arm-none-eabi/lib/armv6k/fpu/libc.a(libc_a-strstr.o)
 .text.strstr   0x0010ea94      0x238 /opt/devkitpro/devkitARM/lib/gcc/arm-none-eabi/15.2.0/../../../../arm-none-eabi/lib/armv6k/fpu/libc.a(libc_a-strstr.o)
                0x0010ea94                strstr
 .text.memcpy   0x0010eccc      0x128 /opt/devkitpro/devkitARM/lib/gcc/arm-none-eabi/15.2.0/../../../../arm-none-eabi/lib/armv6k/fpu/libc.a(libc_a-memcpy-stub.o)
                0x0010eccc                memcpy
 .text.strlen   0x0010edf4       0x8c /opt/devkitpro/devkitARM/lib/gcc/arm-none-eabi/15.2.0/../../../../arm-none-eabi/lib/armv6k/fpu/libc.a(libc_a-strlen.o)
                0x0010edf4                strlen
 .text._fread_r
                0x0010ee80      0x334 /opt/devkitpro/devkitARM/lib/gcc/arm-none-eabi/15.2.0/../../../../arm-none-eabi/lib/armv6k/fpu/libc.a(libc_a-fread.o)
                0x0010ee80                _fread_r
 .text.fread    0x0010f1b4       0x38 /opt/devkitpro/devkitARM/lib/gcc/arm-none-eabi/15.2.0/../../../../arm-none-eabi/lib/armv6k/fpu/libc.a(libc_a-fread.o)
                0x0010f1b4                fread
 .text.bsearch  0x0010f1ec       0x78 /opt/devkitpro/devkitARM/lib/gcc/arm-none-eabi/15.2.0/../../../../arm-none-eabi/lib/armv6k/fpu/libc.a(libc_a-bsearch.o)
                0x0010f1ec                bsearch
 .text.get_arg  0x0010f264       0x50 /opt/devkitpro/devkitARM/lib/gcc/arm-none-eabi/15.2.0/../../../../arm-none-eabi/lib/armv6k/fpu/libc.a(libc_a-svfscanf.o)
 .text.__ssvfscanf_r
                0x0010f2b4     0x2b88 /opt/devkitpro/devkitARM/lib/gcc/arm-none-eabi/15.2.0/../../../../arm-none-eabi/lib/armv6k/fpu/libc.a(libc_a-svfscanf.o)
                0x0010f2b4                __ssvfscanf_r
 .text._fopen_r
                0x00111e3c      0x134 /opt/devkitpro/devkitARM/lib/gcc/arm-none-eabi/15.2.0/../../../../arm-none-eabi/lib/armv6k/fpu/libc.a(libc_a-fopen.o)
                0x00111e3c                _fopen_r
 .text.fopen    0x00111f70       0x28 /opt/devkitpro/devkitARM/lib/gcc/arm-none-eabi/15.2.0/../../../../arm-none-eabi/lib/armv6k/fpu/libc.a(libc_a-fopen.o)
                0x00111f70                fopen
 .text.sulp     0x00111f98       0x60 /opt/devkitpro/devkitARM/lib/gcc/arm-none-eabi/15.2.0/../../../../arm-none-eabi/lib/armv6k/fpu/libc.a(libc_a-strtod.o)
 .text._strtod_l
                0x00111ff8     0x1428 /opt/devkitpro/devkitARM/lib/gcc/arm-none-eabi/15.2.0/../../../../arm-none-eabi/lib/armv6k/fpu/libc.a(libc_a-strtod.o)
                0x00111ff8                _strtod_l
 .text._strtod_r
                0x00113420       0x44 /opt/devkitpro/devkitARM/lib/gcc/arm-none-eabi/15.2.0/../../../../arm-none-eabi/lib/armv6k/fpu/libc.a(libc_a-strtod.o)
                0x00113420                _strtod_r
 .text.close    0x00113464       0x20 /opt/devkitpro/devkitARM/lib/gcc/arm-none-eabi/15.2.0/../../../../arm-none-eabi/lib/armv6k/fpu/libc.a(libc_a-sysclose.o)
                0x00113464                close
 .text.memalign
                0x00113484       0x28 /opt/devkitpro/devkitARM/lib/gcc/arm-none-eabi/15.2.0/../../../../arm-none-eabi/lib/armv6k/fpu/libc.a(libc_a-malign.o)
                0x00113484                memalign
 .text._strtoull_l.isra.0
                0x001134ac      0x264 /opt/devkitpro/devkitARM/lib/gcc/arm-none-eabi/15.2.0/../../../../arm-none-eabi/lib/armv6k/fpu/libc.a(libc_a-strtoull.o)
 .text._strtoull_r
                0x00113710       0x38 /opt/devkitpro/devkitARM/lib/gcc/arm-none-eabi/15.2.0/../../../../arm-none-eabi/lib/armv6k/fpu/libc.a(libc_a-strtoull.o)
                0x00113710                _strtoull_r
 .text.strcasecmp
                0x00113748       0x68 /opt/devkitpro/devkitARM/lib/gcc/arm-none-eabi/15.2.0/../../../../arm-none-eabi/lib/armv6k/fpu/libc.a(libc_a-strcasecmp.o)
                0x00113748                strcasecmp
 .text.rshift   0x001137b0       0xf4 /opt/devkitpro/devkitARM/lib/gcc/arm-none-eabi/15.2.0/../../../../arm-none-eabi/lib/armv6k/fpu/libc.a(libc_a-gdtoa-gethex.o)
 .text.__gethex
                0x001138a4      0x8b4 /opt/devkitpro/devkitARM/lib/gcc/arm-none-eabi/15.2.0/../../../../arm-none-eabi/lib/armv6k/fpu/libc.a(libc_a-gdtoa-gethex.o)
                0x001138a4                __gethex
 .text.snprintf
                0x00114158       0xa0 /opt/devkitpro/devkitARM/lib/gcc/arm-none-eabi/15.2.0/../../../../arm-none-eabi/lib/armv6k/fpu/libc.a(libc_a-snprintf.o)
                0x00114158                snprintf
 .text.printf   0x001141f8       0x34 /opt/devkitpro/devkitARM/lib/gcc/arm-none-eabi/15.2.0/../../../../arm-none-eabi/lib/armv6k/fpu/libc.a(libc_a-printf.o)
                0x001141f8                printf
 .text._strtoul_l.isra.0
                0x0011422c      0x1ec /opt/devkitpro/devkitARM/lib/gcc/arm-none-eabi/15.2.0/../../../../arm-none-eabi/lib/armv6k/fpu/libc.a(libc_a-strtoul.o)
 .text._strtoul_r
                0x00114418       0x38 /opt/devkitpro/devkitARM/lib/gcc/arm-none-eabi/15.2.0/../../../../arm-none-eabi/lib/armv6k/fpu/libc.a(libc_a-strtoul.o)
                0x00114418                _strtoul_r
 .text.strtoul  0x00114450       0x3c /opt/devkitpro/devkitARM/lib/gcc/arm-none-eabi/15.2.0/../../../../arm-none-eabi/lib/armv6k/fpu/libc.a(libc_a-strtoul.o)
                0x00114450                strtoul
 .text._mbrtowc_r
                0x0011448c       0xc4 /opt/devkitpro/devkitARM/lib/gcc/arm-none-eabi/15.2.0/../../../../arm-none-eabi/lib/armv6k/fpu/libc.a(libc_a-mbrtowc.o)
                0x0011448c                _mbrtowc_r
 .text.remove   0x00114550       0x58 /opt/devkitpro/devkitARM/lib/gcc/arm-none-eabi/15.2.0/../../../../arm-none-eabi/lib/armv6k/fpu/libc.a(libc_a-remove.o)
                0x00114550                remove
 .text.strchr   0x001145a8      0x140 /opt/devkitpro/devkitARM/lib/gcc/arm-none-eabi/15.2.0/../../../../arm-none-eabi/lib/armv6k/fpu/libc.a(libc_a-strchr.o)
                0x001145a8                strchr
 .text.memcmp   0x001146e8       0xd8 /opt/devkitpro/devkitARM/lib/gcc/arm-none-eabi/15.2.0/../../../../arm-none-eabi/lib/armv6k/fpu/libc.a(libc_a-memcmp.o)
                0x001146e8                memcmp
 .text._fgets_r
                0x001147c0      0x198 /opt/devkitpro/devkitARM/lib/gcc/arm-none-eabi/15.2.0/../../../../arm-none-eabi/lib/armv6k/fpu/libc.a(libc_a-fgets.o)
                0x001147c0                _fgets_r
 .text.fgets    0x00114958       0x30 /opt/devkitpro/devkitARM/lib/gcc/arm-none-eabi/15.2.0/../../../../arm-none-eabi/lib/armv6k/fpu/libc.a(libc_a-fgets.o)
                0x00114958                fgets
 .text.calloc   0x00114988       0x28 /opt/devkitpro/devkitARM/lib/gcc/arm-none-eabi/15.2.0/../../../../arm-none-eabi/lib/armv6k/fpu/libc.a(libc_a-calloc.o)
                0x00114988                calloc
 .text.__sccl   0x001149b0       0xf8 /opt/devkitpro/devkitARM/lib/gcc/arm-none-eabi/15.2.0/../../../../arm-none-eabi/lib/armv6k/fpu/libc.a(libc_a-sccl.o)
                0x001149b0                __sccl
 .text._memalign_r
                0x00114aa8      0x16c /opt/devkitpro/devkitARM/lib/gcc/arm-none-eabi/15.2.0/../../../../arm-none-eabi/lib/armv6k/fpu/libc.a(libc_a-malignr.o)
                0x00114aa8                _memalign_r
 .text.__errno  0x00114c14        0xc /opt/devkitpro/devkitARM/lib/gcc/arm-none-eabi/15.2.0/../../../../arm-none-eabi/lib/armv6k/fpu/libc.a(libc_a-errno.o)
                0x00114c14                __errno
 .text.__smakebuf_r
                0x00114c20      0x164 /opt/devkitpro/devkitARM/lib/gcc/arm-none-eabi/15.2.0/../../../../arm-none-eabi/lib/armv6k/fpu/libc.a(libc_a-makebuf.o)
                0x00114c20                __smakebuf_r
 .text.__swhatbuf_r
                0x00114d84       0x90 /opt/devkitpro/devkitARM/lib/gcc/arm-none-eabi/15.2.0/../../../../arm-none-eabi/lib/armv6k/fpu/libc.a(libc_a-makebuf.o)
                0x00114d84                __swhatbuf_r
 .text._strtoll_l.isra.0
                0x00114e14      0x47c /opt/devkitpro/devkitARM/lib/gcc/arm-none-eabi/15.2.0/../../../../arm-none-eabi/lib/armv6k/fpu/libc.a(libc_a-strtoll.o)
 .text._strtoll_r
                0x00115290       0x38 /opt/devkitpro/devkitARM/lib/gcc/arm-none-eabi/15.2.0/../../../../arm-none-eabi/lib/armv6k/fpu/libc.a(libc_a-strtoll.o)
                0x00115290                _strtoll_r
 .text.__locale_mb_cur_max
                0x001152c8       0x24 /opt/devkitpro/devkitARM/lib/gcc/arm-none-eabi/15.2.0/../../../../arm-none-eabi/lib/armv6k/fpu/libc.a(libc_a-locale.o)
                0x001152c8                __locale_mb_cur_max
 .text.memset   0x001152ec       0xe4 /opt/devkitpro/devkitARM/lib/gcc/arm-none-eabi/15.2.0/../../../../arm-none-eabi/lib/armv6k/fpu/libc.a(libc_a-memset.o)
                0x001152ec                memset
 .text._calloc_r
                0x001153d0       0xd8 /opt/devkitpro/devkitARM/lib/gcc/arm-none-eabi/15.2.0/../../../../arm-none-eabi/lib/armv6k/fpu/libc.a(libc_a-callocr.o)
                0x001153d0                _calloc_r
 .text.__sflush_r
                0x001154a8      0x22c /opt/devkitpro/devkitARM/lib/gcc/arm-none-eabi/15.2.0/../../../../arm-none-eabi/lib/armv6k/fpu/libc.a(libc_a-fflush.o)
                0x001154a8                __sflush_r
 .text._fflush_r
                0x001156d4       0xc4 /opt/devkitpro/devkitARM/lib/gcc/arm-none-eabi/15.2.0/../../../../arm-none-eabi/lib/armv6k/fpu/libc.a(libc_a-fflush.o)
                0x001156d4                _fflush_r
 .text._fwrite_r
                0x00115798      0x104 /opt/devkitpro/devkitARM/lib/gcc/arm-none-eabi/15.2.0/../../../../arm-none-eabi/lib/armv6k/fpu/libc.a(libc_a-fwrite.o)
                0x00115798                _fwrite_r
 .text.fwrite   0x0011589c       0x38 /opt/devkitpro/devkitARM/lib/gcc/arm-none-eabi/15.2.0/../../../../arm-none-eabi/lib/armv6k/fpu/libc.a(libc_a-fwrite.o)
                0x0011589c                fwrite
 .text.realloc  0x001158d4       0x28 /opt/devkitpro/devkitARM/lib/gcc/arm-none-eabi/15.2.0/../../../../arm-none-eabi/lib/armv6k/fpu/libc.a(libc_a-realloc.o)
                0x001158d4                realloc
 .text._ftello_r
                0x001158fc      0x1c4 /opt/devkitpro/devkitARM/lib/gcc/arm-none-eabi/15.2.0/../../../../arm-none-eabi/lib/armv6k/fpu/libc.a(libc_a-ftello.o)
                0x001158fc                _ftello_r
 .text._malloc_r
                0x00115ac0      0x82c /opt/devkitpro/devkitARM/lib/gcc/arm-none-eabi/15.2.0/../../../../arm-none-eabi/lib/armv6k/fpu/libc.a(libc_a-mallocr.o)
                0x00115ac0                _malloc_r
 .text._malloc_trim_r
                0x001162ec      0x114 /opt/devkitpro/devkitARM/lib/gcc/arm-none-eabi/15.2.0/../../../../arm-none-eabi/lib/armv6k/fpu/libc.a(libc_a-freer.o)
                0x001162ec                _malloc_trim_r
 .text._free_r  0x00116400      0x314 /opt/devkitpro/devkitARM/lib/gcc/arm-none-eabi/15.2.0/../../../../arm-none-eabi/lib/armv6k/fpu/libc.a(libc_a-freer.o)
                0x00116400                _free_r
 .text.setvbuf  0x00116714      0x294 /opt/devkitpro/devkitARM/lib/gcc/arm-none-eabi/15.2.0/../../../../arm-none-eabi/lib/armv6k/fpu/libc.a(libc_a-setvbuf.o)
                0x00116714                setvbuf
 .text.get_arg  0x001169a8       0x50 /opt/devkitpro/devkitARM/lib/gcc/arm-none-eabi/15.2.0/../../../../arm-none-eabi/lib/armv6k/fpu/libc.a(libc_a-svfiscanf.o)
 .text._sungetc_r
                0x001169f8       0xe4 /opt/devkitpro/devkitARM/lib/gcc/arm-none-eabi/15.2.0/../../../../arm-none-eabi/lib/armv6k/fpu/libc.a(libc_a-svfiscanf.o)
                0x001169f8                _sungetc_r
 .text.__ssrefill_r
                0x00116adc       0x6c /opt/devkitpro/devkitARM/lib/gcc/arm-none-eabi/15.2.0/../../../../arm-none-eabi/lib/armv6k/fpu/libc.a(libc_a-svfiscanf.o)
                0x00116adc                __ssrefill_r
 .text._sfread_r
                0x00116b48       0xb4 /opt/devkitpro/devkitARM/lib/gcc/arm-none-eabi/15.2.0/../../../../arm-none-eabi/lib/armv6k/fpu/libc.a(libc_a-svfiscanf.o)
                0x00116b48                _sfread_r
 .text.__ssvfiscanf_r
                0x00116bfc     0x22c4 /opt/devkitpro/devkitARM/lib/gcc/arm-none-eabi/15.2.0/../../../../arm-none-eabi/lib/armv6k/fpu/libc.a(libc_a-svfiscanf.o)
                0x00116bfc                __ssvfiscanf_r
 .text.stdio_exit_handler
                0x00118ec0       0x1c /opt/devkitpro/devkitARM/lib/gcc/arm-none-eabi/15.2.0/../../../../arm-none-eabi/lib/armv6k/fpu/libc.a(libc_a-findfp.o)
 .text.cleanup_stdio
                0x00118edc       0x5c /opt/devkitpro/devkitARM/lib/gcc/arm-none-eabi/15.2.0/../../../../arm-none-eabi/lib/armv6k/fpu/libc.a(libc_a-findfp.o)
 .text.global_stdio_init.part.0
                0x00118f38      0x154 /opt/devkitpro/devkitARM/lib/gcc/arm-none-eabi/15.2.0/../../../../arm-none-eabi/lib/armv6k/fpu/libc.a(libc_a-findfp.o)
 .text.__sfp    0x0011908c      0x138 /opt/devkitpro/devkitARM/lib/gcc/arm-none-eabi/15.2.0/../../../../arm-none-eabi/lib/armv6k/fpu/libc.a(libc_a-findfp.o)
                0x0011908c                __sfp
 .text.__sinit  0x001191c4       0x5c /opt/devkitpro/devkitARM/lib/gcc/arm-none-eabi/15.2.0/../../../../arm-none-eabi/lib/armv6k/fpu/libc.a(libc_a-findfp.o)
                0x001191c4                __sinit
 .text.__sfp_lock_acquire
                0x00119220        0xc /opt/devkitpro/devkitARM/lib/gcc/arm-none-eabi/15.2.0/../../../../arm-none-eabi/lib/armv6k/fpu/libc.a(libc_a-findfp.o)
                0x00119220                __sfp_lock_acquire
 .text.__sfp_lock_release
                0x0011922c        0xc /opt/devkitpro/devkitARM/lib/gcc/arm-none-eabi/15.2.0/../../../../arm-none-eabi/lib/armv6k/fpu/libc.a(libc_a-findfp.o)
                0x0011922c                __sfp_lock_release
 .text.atoi     0x00119238        0xc /opt/devkitpro/devkitARM/lib/gcc/arm-none-eabi/15.2.0/../../../../arm-none-eabi/lib/armv6k/fpu/libc.a(libc_a-atoi.o)
                0x00119238                atoi
 .text._strtol_l.part.0
                0x00119244      0x384 /opt/devkitpro/devkitARM/lib/gcc/arm-none-eabi/15.2.0/../../../../arm-none-eabi/lib/armv6k/fpu/libc.a(libc_a-strtol.o)
 .text._strtol_r
                0x001195c8       0x6c /opt/devkitpro/devkitARM/lib/gcc/arm-none-eabi/15.2.0/../../../../arm-none-eabi/lib/armv6k/fpu/libc.a(libc_a-strtol.o)
                0x001195c8                _strtol_r
 .text.strtol   0x00119634       0x74 /opt/devkitpro/devkitARM/lib/gcc/arm-none-eabi/15.2.0/../../../../arm-none-eabi/lib/armv6k/fpu/libc.a(libc_a-strtol.o)
                0x00119634                strtol
 .text.__libc_init_array
                0x001196a8       0x84 /opt/devkitpro/devkitARM/lib/gcc/arm-none-eabi/15.2.0/../../../../arm-none-eabi/lib/armv6k/fpu/libc.a(libc_a-init.o)
                0x001196a8                __libc_init_array
 .text.rename   0x0011972c       0x28 /opt/devkitpro/devkitARM/lib/gcc/arm-none-eabi/15.2.0/../../../../arm-none-eabi/lib/armv6k/fpu/libc.a(libc_a-rename.o)
                0x0011972c                rename
 .text.strncpy  0x00119754       0xd4 /opt/devkitpro/devkitARM/lib/gcc/arm-none-eabi/15.2.0/../../../../arm-none-eabi/lib/armv6k/fpu/libc.a(libc_a-strncpy.o)
                0x00119754                strncpy
 .text._fseek_r
                0x00119828       0x1c /opt/devkitpro/devkitARM/lib/gcc/arm-none-eabi/15.2.0/../../../../arm-none-eabi/lib/armv6k/fpu/libc.a(libc_a-fseek.o)
                0x00119828                _fseek_r
 .text.fseek    0x00119844       0x34 /opt/devkitpro/devkitARM/lib/gcc/arm-none-eabi/15.2.0/../../../../arm-none-eabi/lib/armv6k/fpu/libc.a(libc_a-fseek.o)
                0x00119844                fseek
 .text.malloc   0x00119878       0x40 /opt/devkitpro/devkitARM/lib/gcc/arm-none-eabi/15.2.0/../../../../arm-none-eabi/lib/armv6k/fpu/libc.a(libc_a-malloc.o)
                0x00119878                malloc
 .text.free     0x001198b8       0x20 /opt/devkitpro/devkitARM/lib/gcc/arm-none-eabi/15.2.0/../../../../arm-none-eabi/lib/armv6k/fpu/libc.a(libc_a-malloc.o)
                0x001198b8                free
 .text.memchr   0x001198d8       0xe8 /opt/devkitpro/devkitARM/lib/gcc/arm-none-eabi/15.2.0/../../../../arm-none-eabi/lib/armv6k/fpu/libc.a(libc_a-memchr-stub.o)
                0x001198d8                memchr
 .text.strrchr  0x001199c0       0x48 /opt/devkitpro/devkitARM/lib/gcc/arm-none-eabi/15.2.0/../../../../arm-none-eabi/lib/armv6k/fpu/libc.a(libc_a-strrchr.o)
                0x001199c0                strrchr
 .text._puts_r  0x00119a08       0xe0 /opt/devkitpro/devkitARM/lib/gcc/arm-none-eabi/15.2.0/../../../../arm-none-eabi/lib/armv6k/fpu/libc.a(libc_a-puts.o)
                0x00119a08                _puts_r
 .text.puts     0x00119ae8       0x20 /opt/devkitpro/devkitARM/lib/gcc/arm-none-eabi/15.2.0/../../../../arm-none-eabi/lib/armv6k/fpu/libc.a(libc_a-puts.o)
                0x00119ae8                puts
 .text._findenv_r
                0x00119b08       0xdc /opt/devkitpro/devkitARM/lib/gcc/arm-none-eabi/15.2.0/../../../../arm-none-eabi/lib/armv6k/fpu/libc.a(libc_a-getenv_r.o)
                0x00119b08                _findenv_r
 .text._getenv_r
                0x00119be4       0x18 /opt/devkitpro/devkitARM/lib/gcc/arm-none-eabi/15.2.0/../../../../arm-none-eabi/lib/armv6k/fpu/libc.a(libc_a-getenv_r.o)
                0x00119be4                _getenv_r
 .text._localeconv_r
                0x00119bfc       0x24 /opt/devkitpro/devkitARM/lib/gcc/arm-none-eabi/15.2.0/../../../../arm-none-eabi/lib/armv6k/fpu/libc.a(libc_a-localeconv.o)
                0x00119bfc                _localeconv_r
 .text.__sread  0x00119c20       0x44 /opt/devkitpro/devkitARM/lib/gcc/arm-none-eabi/15.2.0/../../../../arm-none-eabi/lib/armv6k/fpu/libc.a(libc_a-stdio.o)
                0x00119c20                __sread
 .text.__seofread
                0x00119c64        0x8 /opt/devkitpro/devkitARM/lib/gcc/arm-none-eabi/15.2.0/../../../../arm-none-eabi/lib/armv6k/fpu/libc.a(libc_a-stdio.o)
                0x00119c64                __seofread
 .text.__swrite
                0x00119c6c       0x68 /opt/devkitpro/devkitARM/lib/gcc/arm-none-eabi/15.2.0/../../../../arm-none-eabi/lib/armv6k/fpu/libc.a(libc_a-stdio.o)
                0x00119c6c                __swrite
 .text.__sseek  0x00119cd4       0x40 /opt/devkitpro/devkitARM/lib/gcc/arm-none-eabi/15.2.0/../../../../arm-none-eabi/lib/armv6k/fpu/libc.a(libc_a-stdio.o)
                0x00119cd4                __sseek
 .text.__sclose
                0x00119d14        0x8 /opt/devkitpro/devkitARM/lib/gcc/arm-none-eabi/15.2.0/../../../../arm-none-eabi/lib/armv6k/fpu/libc.a(libc_a-stdio.o)
                0x00119d14                __sclose
 .text.memmove  0x00119d1c      0x1a8 /opt/devkitpro/devkitARM/lib/gcc/arm-none-eabi/15.2.0/../../../../arm-none-eabi/lib/armv6k/fpu/libc.a(libc_a-memmove.o)
                0x00119d1c                memmove
 .text._realloc_r
                0x00119ec4      0x4f0 /opt/devkitpro/devkitARM/lib/gcc/arm-none-eabi/15.2.0/../../../../arm-none-eabi/lib/armv6k/fpu/libc.a(libc_a-reallocr.o)
                0x00119ec4                _realloc_r
 .text.__malloc_lock
                0x0011a3b4        0xc /opt/devkitpro/devkitARM/lib/gcc/arm-none-eabi/15.2.0/../../../../arm-none-eabi/lib/armv6k/fpu/libc.a(libc_a-mlock.o)
                0x0011a3b4                __malloc_lock
 .text.__malloc_unlock
                0x0011a3c0        0xc /opt/devkitpro/devkitARM/lib/gcc/arm-none-eabi/15.2.0/../../../../arm-none-eabi/lib/armv6k/fpu/libc.a(libc_a-mlock.o)
                0x0011a3c0                __malloc_unlock
 .text._fseeko_r
                0x0011a3cc      0x588 /opt/devkitpro/devkitARM/lib/gcc/arm-none-eabi/15.2.0/../../../../arm-none-eabi/lib/armv6k/fpu/libc.a(libc_a-fseeko.o)
                0x0011a3cc                _fseeko_r
 .text._fclose_r
                0x0011a954      0x148 /opt/devkitpro/devkitARM/lib/gcc/arm-none-eabi/15.2.0/../../../../arm-none-eabi/lib/armv6k/fpu/libc.a(libc_a-fclose.o)
                0x0011a954                _fclose_r
 .text.fclose   0x0011aa9c       0x20 /opt/devkitpro/devkitARM/lib/gcc/arm-none-eabi/15.2.0/../../../../arm-none-eabi/lib/armv6k/fpu/libc.a(libc_a-fclose.o)
                0x0011aa9c                fclose
 .text.time     0x0011aabc       0x48 /opt/devkitpro/devkitARM/lib/gcc/arm-none-eabi/15.2.0/../../../../arm-none-eabi/lib/armv6k/fpu/libc.a(libc_a-time.o)
                0x0011aabc                time
 .text.putchar  0x0011ab04       0x24 /opt/devkitpro/devkitARM/lib/gcc/arm-none-eabi/15.2.0/../../../../arm-none-eabi/lib/armv6k/fpu/libc.a(libc_a-putchar.o)
                0x0011ab04                putchar
 .text.__call_exitprocs
                0x0011ab28        0x4 /opt/devkitpro/devkitARM/lib/gcc/arm-none-eabi/15.2.0/../../../../arm-none-eabi/lib/armv6k/fpu/libc.a(libc_a-exit.o)
                0x0011ab28                __call_exitprocs
 .text.exit     0x0011ab2c       0x30 /opt/devkitpro/devkitARM/lib/gcc/arm-none-eabi/15.2.0/../../../../arm-none-eabi/lib/armv6k/fpu/libc.a(libc_a-exit.o)
                0x0011ab2c                exit
 .text.get_arg  0x0011ab5c      0x5e0 /opt/devkitpro/devkitARM/lib/gcc/arm-none-eabi/15.2.0/../../../../arm-none-eabi/lib/armv6k/fpu/libc.a(libc_a-svfprintf.o)
 *fill*         0x0011b13c        0x4 
 .text._svfprintf_r
                0x0011b140     0x345c /opt/devkitpro/devkitARM/lib/gcc/arm-none-eabi/15.2.0/../../../../arm-none-eabi/lib/armv6k/fpu/libc.a(libc_a-svfprintf.o)
                0x0011b140                _svfprintf_r
 .text.__sflags
                0x0011e59c       0xb8 /opt/devkitpro/devkitARM/lib/gcc/arm-none-eabi/15.2.0/../../../../arm-none-eabi/lib/armv6k/fpu/libc.a(libc_a-flags.o)
                0x0011e59c                __sflags
 .text.stat     0x0011e654       0x28 /opt/devkitpro/devkitARM/lib/gcc/arm-none-eabi/15.2.0/../../../../arm-none-eabi/lib/armv6k/fpu/libc.a(libc_a-sysstat.o)
                0x0011e654                stat
 .text.__utf8_wctomb
                0x0011e67c       0xf8 /opt/devkitpro/devkitARM/lib/gcc/arm-none-eabi/15.2.0/../../../../arm-none-eabi/lib/armv6k/fpu/libc.a(libc_a-wctomb_r.o)
                0x0011e67c                __utf8_wctomb
 .text.__libc_fini_array
                0x0011e774       0x3c /opt/devkitpro/devkitARM/lib/gcc/arm-none-eabi/15.2.0/../../../../arm-none-eabi/lib/armv6k/fpu/libc.a(libc_a-fini.o)
                0x0011e774                __libc_fini_array
 .text.strnlen  0x0011e7b0       0x3c /opt/devkitpro/devkitARM/lib/gcc/arm-none-eabi/15.2.0/../../../../arm-none-eabi/lib/armv6k/fpu/libc.a(libc_a-strnlen.o)
                0x0011e7b0                strnlen
 .text.gmtime_r
                0x0011e7ec      0x25c /opt/devkitpro/devkitARM/lib/gcc/arm-none-eabi/15.2.0/../../../../arm-none-eabi/lib/armv6k/fpu/libc.a(libc_a-gmtime_r.o)
                0x0011e7ec                gmtime_r
 .text.rewind   0x0011ea48       0x2c /opt/devkitpro/devkitARM/lib/gcc/arm-none-eabi/15.2.0/../../../../arm-none-eabi/lib/armv6k/fpu/libc.a(libc_a-rewind.o)
                0x0011ea48                rewind
 .text.strncmp  0x0011ea74       0xd8 /opt/devkitpro/devkitARM/lib/gcc/arm-none-eabi/15.2.0/../../../../arm-none-eabi/lib/armv6k/fpu/libc.a(libc_a-strncmp.o)
                0x0011ea74                strncmp
 .text.__match  0x0011eb4c       0x70 /opt/devkitpro/devkitARM/lib/gcc/arm-none-eabi/15.2.0/../../../../arm-none-eabi/lib/armv6k/fpu/libc.a(libc_a-gdtoa-hexnan.o)
                0x0011eb4c                __match
 .text.__hexnan
                0x0011ebbc      0x2a8 /opt/devkitpro/devkitARM/lib/gcc/arm-none-eabi/15.2.0/../../../../arm-none-eabi/lib/armv6k/fpu/libc.a(libc_a-gdtoa-hexnan.o)
                0x0011ebbc                __hexnan
 .text.sprintf  0x0011ee64       0x68 /opt/devkitpro/devkitARM/lib/gcc/arm-none-eabi/15.2.0/../../../../arm-none-eabi/lib/armv6k/fpu/libc.a(libc_a-sprintf.o)
                0x0011ee64                sprintf
 .text.iso_year_adjust
                0x0011eecc      0x140 /opt/devkitpro/devkitARM/lib/gcc/arm-none-eabi/15.2.0/../../../../arm-none-eabi/lib/armv6k/fpu/libc.a(libc_a-strftime.o)
 .text.__strftime.isra.0
                0x0011f00c     0x1118 /opt/devkitpro/devkitARM/lib/gcc/arm-none-eabi/15.2.0/../../../../arm-none-eabi/lib/armv6k/fpu/libc.a(libc_a-strftime.o)
 .text.strftime
                0x00120124       0x38 /opt/devkitpro/devkitARM/lib/gcc/arm-none-eabi/15.2.0/../../../../arm-none-eabi/lib/armv6k/fpu/libc.a(libc_a-strftime.o)
                0x00120124                strftime
 .text.lflush   0x0012015c       0x38 /opt/devkitpro/devkitARM/lib/gcc/arm-none-eabi/15.2.0/../../../../arm-none-eabi/lib/armv6k/fpu/libc.a(libc_a-refill.o)
 .text.__srefill_r
                0x00120194      0x1a8 /opt/devkitpro/devkitARM/lib/gcc/arm-none-eabi/15.2.0/../../../../arm-none-eabi/lib/armv6k/fpu/libc.a(libc_a-refill.o)
                0x00120194                __srefill_r
 *fill*         0x0012033c        0x4 
 .text.nan      0x00120340       0x10 /opt/devkitpro/devkitARM/lib/gcc/arm-none-eabi/15.2.0/../../../../arm-none-eabi/lib/armv6k/fpu/libc.a(libm_a-s_nan.o)
                0x00120340                nan
 .text.nanf     0x00120350        0xc /opt/devkitpro/devkitARM/lib/gcc/arm-none-eabi/15.2.0/../../../../arm-none-eabi/lib/armv6k/fpu/libc.a(libm_a-sf_nan.o)
                0x00120350                nanf
 *fill*         0x0012035c        0x4 
 .text.frexp    0x00120360       0x88 /opt/devkitpro/devkitARM/lib/gcc/arm-none-eabi/15.2.0/../../../../arm-none-eabi/lib/armv6k/fpu/libc.a(libm_a-s_frexp.o)
                0x00120360                frexp
 .text.stpncpy  0x001203e8       0xdc /opt/devkitpro/devkitARM/lib/gcc/arm-none-eabi/15.2.0/../../../../arm-none-eabi/lib/armv6k/fpu/libc.a(libc_a-stpncpy.o)
                0x001203e8                stpncpy
 .text.__env_lock
                0x001204c4        0xc /opt/devkitpro/devkitARM/lib/gcc/arm-none-eabi/15.2.0/../../../../arm-none-eabi/lib/armv6k/fpu/libc.a(libc_a-envlock.o)
                0x001204c4                __env_lock
 .text.__env_unlock
                0x001204d0        0xc /opt/devkitpro/devkitARM/lib/gcc/arm-none-eabi/15.2.0/../../../../arm-none-eabi/lib/armv6k/fpu/libc.a(libc_a-envlock.o)
                0x001204d0                __env_unlock
 .text.__assert_func
                0x001204dc       0x5c /opt/devkitpro/devkitARM/lib/gcc/arm-none-eabi/15.2.0/../../../../arm-none-eabi/lib/armv6k/fpu/libc.a(libc_a-assert.o)
                0x001204dc                __assert_func
 .text.iswspace
                0x00120538        0x8 /opt/devkitpro/devkitARM/lib/gcc/arm-none-eabi/15.2.0/../../../../arm-none-eabi/lib/armv6k/fpu/libc.a(libc_a-iswspace.o)
                0x00120538                iswspace
 .text._Balloc  0x00120540       0x88 /opt/devkitpro/devkitARM/lib/gcc/arm-none-eabi/15.2.0/../../../../arm-none-eabi/lib/armv6k/fpu/libc.a(libc_a-mprec.o)
                0x00120540                _Balloc
 .text._Bfree   0x001205c8       0x1c /opt/devkitpro/devkitARM/lib/gcc/arm-none-eabi/15.2.0/../../../../arm-none-eabi/lib/armv6k/fpu/libc.a(libc_a-mprec.o)
                0x001205c8                _Bfree
 .text.__multadd
                0x001205e4       0xf4 /opt/devkitpro/devkitARM/lib/gcc/arm-none-eabi/15.2.0/../../../../arm-none-eabi/lib/armv6k/fpu/libc.a(libc_a-mprec.o)
                0x001205e4                __multadd
 .text.__s2b    0x001206d8      0x10c /opt/devkitpro/devkitARM/lib/gcc/arm-none-eabi/15.2.0/../../../../arm-none-eabi/lib/armv6k/fpu/libc.a(libc_a-mprec.o)
                0x001206d8                __s2b
 .text.__hi0bits
                0x001207e4       0x80 /opt/devkitpro/devkitARM/lib/gcc/arm-none-eabi/15.2.0/../../../../arm-none-eabi/lib/armv6k/fpu/libc.a(libc_a-mprec.o)
                0x001207e4                __hi0bits
 .text.__lo0bits
                0x00120864       0xf0 /opt/devkitpro/devkitARM/lib/gcc/arm-none-eabi/15.2.0/../../../../arm-none-eabi/lib/armv6k/fpu/libc.a(libc_a-mprec.o)
                0x00120864                __lo0bits
 .text.__i2b    0x00120954       0xa4 /opt/devkitpro/devkitARM/lib/gcc/arm-none-eabi/15.2.0/../../../../arm-none-eabi/lib/armv6k/fpu/libc.a(libc_a-mprec.o)
                0x00120954                __i2b
 .text.__multiply
                0x001209f8      0x230 /opt/devkitpro/devkitARM/lib/gcc/arm-none-eabi/15.2.0/../../../../arm-none-eabi/lib/armv6k/fpu/libc.a(libc_a-mprec.o)
                0x001209f8                __multiply
 .text.__pow5mult
                0x00120c28      0x130 /opt/devkitpro/devkitARM/lib/gcc/arm-none-eabi/15.2.0/../../../../arm-none-eabi/lib/armv6k/fpu/libc.a(libc_a-mprec.o)
                0x00120c28                __pow5mult
 .text.__lshift
                0x00120d58      0x138 /opt/devkitpro/devkitARM/lib/gcc/arm-none-eabi/15.2.0/../../../../arm-none-eabi/lib/armv6k/fpu/libc.a(libc_a-mprec.o)
                0x00120d58                __lshift
 .text.__mcmp   0x00120e90       0x58 /opt/devkitpro/devkitARM/lib/gcc/arm-none-eabi/15.2.0/../../../../arm-none-eabi/lib/armv6k/fpu/libc.a(libc_a-mprec.o)
                0x00120e90                __mcmp
 .text.__mdiff  0x00120ee8      0x218 /opt/devkitpro/devkitARM/lib/gcc/arm-none-eabi/15.2.0/../../../../arm-none-eabi/lib/armv6k/fpu/libc.a(libc_a-mprec.o)
                0x00120ee8                __mdiff
 .text.__ulp    0x00121100       0x68 /opt/devkitpro/devkitARM/lib/gcc/arm-none-eabi/15.2.0/../../../../arm-none-eabi/lib/armv6k/fpu/libc.a(libc_a-mprec.o)
                0x00121100                __ulp
 .text.__b2d    0x00121168       0xd4 /opt/devkitpro/devkitARM/lib/gcc/arm-none-eabi/15.2.0/../../../../arm-none-eabi/lib/armv6k/fpu/libc.a(libc_a-mprec.o)
                0x00121168                __b2d
 .text.__d2b    0x0012123c      0x120 /opt/devkitpro/devkitARM/lib/gcc/arm-none-eabi/15.2.0/../../../../arm-none-eabi/lib/armv6k/fpu/libc.a(libc_a-mprec.o)
                0x0012123c                __d2b
 .text.__ratio  0x0012135c       0x78 /opt/devkitpro/devkitARM/lib/gcc/arm-none-eabi/15.2.0/../../../../arm-none-eabi/lib/armv6k/fpu/libc.a(libc_a-mprec.o)
                0x0012135c                __ratio
 .text.__copybits
                0x001213d4       0x8c /opt/devkitpro/devkitARM/lib/gcc/arm-none-eabi/15.2.0/../../../../arm-none-eabi/lib/armv6k/fpu/libc.a(libc_a-mprec.o)
                0x001213d4                __copybits
 .text.__any_on
                0x00121460       0x5c /opt/devkitpro/devkitARM/lib/gcc/arm-none-eabi/15.2.0/../../../../arm-none-eabi/lib/armv6k/fpu/libc.a(libc_a-mprec.o)
                0x00121460                __any_on
 .text.abs      0x001214bc        0xc /opt/devkitpro/devkitARM/lib/gcc/arm-none-eabi/15.2.0/../../../../arm-none-eabi/lib/armv6k/fpu/libc.a(libc_a-abs.o)
                0x001214bc                abs
 .text._fwalk_sglue
                0x001214c8       0x70 /opt/devkitpro/devkitARM/lib/gcc/arm-none-eabi/15.2.0/../../../../arm-none-eabi/lib/armv6k/fpu/libc.a(libc_a-fwalk.o)
                0x001214c8                _fwalk_sglue
 .text.get_arg  0x00121538      0x5e0 /opt/devkitpro/devkitARM/lib/gcc/arm-none-eabi/15.2.0/../../../../arm-none-eabi/lib/armv6k/fpu/libc.a(libc_a-vfprintf.o)
 .text._vfprintf_r
                0x00121b18     0x3554 /opt/devkitpro/devkitARM/lib/gcc/arm-none-eabi/15.2.0/../../../../arm-none-eabi/lib/armv6k/fpu/libc.a(libc_a-vfprintf.o)
                0x00121b18                _vfprintf_r
 .text.__sbprintf
                0x0012506c       0xb4 /opt/devkitpro/devkitARM/lib/gcc/arm-none-eabi/15.2.0/../../../../arm-none-eabi/lib/armv6k/fpu/libc.a(libc_a-vfprintf.o)
 .text._wcrtomb_r
                0x00125120       0xa0 /opt/devkitpro/devkitARM/lib/gcc/arm-none-eabi/15.2.0/../../../../arm-none-eabi/lib/armv6k/fpu/libc.a(libc_a-wcrtomb.o)
                0x00125120                _wcrtomb_r
 .text.get_arg  0x001251c0      0x5e0 /opt/devkitpro/devkitARM/lib/gcc/arm-none-eabi/15.2.0/../../../../arm-none-eabi/lib/armv6k/fpu/libc.a(libc_a-svfiprintf.o)
 .text._svfiprintf_r
                0x001257a0     0x226c /opt/devkitpro/devkitARM/lib/gcc/arm-none-eabi/15.2.0/../../../../arm-none-eabi/lib/armv6k/fpu/libc.a(libc_a-svfiprintf.o)
                0x001257a0                _svfiprintf_r
 .text.__submore
                0x00127a0c       0xb8 /opt/devkitpro/devkitARM/lib/gcc/arm-none-eabi/15.2.0/../../../../arm-none-eabi/lib/armv6k/fpu/libc.a(libc_a-ungetc.o)
                0x00127a0c                __submore
 .text.__ssprint_r
                0x00127ac4       0xa4 /opt/devkitpro/devkitARM/lib/gcc/arm-none-eabi/15.2.0/../../../../arm-none-eabi/lib/armv6k/fpu/libc.a(libc_a-ssprint_r.o)
                0x00127ac4                __ssprint_r
 .text.__utf8_mbtowc
                0x00127b68      0x340 /opt/devkitpro/devkitARM/lib/gcc/arm-none-eabi/15.2.0/../../../../arm-none-eabi/lib/armv6k/fpu/libc.a(libc_a-mbtowc_r.o)
                0x00127b68                __utf8_mbtowc
 .text.fiprintf
                0x00127ea8       0x3c /opt/devkitpro/devkitARM/lib/gcc/arm-none-eabi/15.2.0/../../../../arm-none-eabi/lib/armv6k/fpu/libc.a(libc_a-fiprintf.o)
                0x00127ea8                fiprintf
 .text.__sfvwrite_r
                0x00127ee4      0x4a4 /opt/devkitpro/devkitARM/lib/gcc/arm-none-eabi/15.2.0/../../../../arm-none-eabi/lib/armv6k/fpu/libc.a(libc_a-fvwrite.o)
                0x00127ee4                __sfvwrite_r
 .text.__tz_lock
                0x00128388        0xc /opt/devkitpro/devkitARM/lib/gcc/arm-none-eabi/15.2.0/../../../../arm-none-eabi/lib/armv6k/fpu/libc.a(libc_a-tzlock.o)
                0x00128388                __tz_lock
 .text.__tz_unlock
                0x00128394        0xc /opt/devkitpro/devkitARM/lib/gcc/arm-none-eabi/15.2.0/../../../../arm-none-eabi/lib/armv6k/fpu/libc.a(libc_a-tzlock.o)
                0x00128394                __tz_unlock
 .text.labs     0x001283a0        0xc /opt/devkitpro/devkitARM/lib/gcc/arm-none-eabi/15.2.0/../../../../arm-none-eabi/lib/armv6k/fpu/libc.a(libc_a-labs.o)
                0x001283a0                labs
 .text.abort    0x001283ac       0x14 /opt/devkitpro/devkitARM/lib/gcc/arm-none-eabi/15.2.0/../../../../arm-none-eabi/lib/armv6k/fpu/libc.a(libc_a-abort.o)
                0x001283ac                abort
 .text.strcpy   0x001283c0       0xf0 /opt/devkitpro/devkitARM/lib/gcc/arm-none-eabi/15.2.0/../../../../arm-none-eabi/lib/armv6k/fpu/libc.a(libc_a-strcpy.o)
                0x001283c0                strcpy
 .text.__sprint_r
                0x001284b0       0x30 /opt/devkitpro/devkitARM/lib/gcc/arm-none-eabi/15.2.0/../../../../arm-none-eabi/lib/armv6k/fpu/libc.a(libc_a-sprint_r.o)
                0x001284b0                __sprint_r
 .text._putc_r  0x001284e0       0xfc /opt/devkitpro/devkitARM/lib/gcc/arm-none-eabi/15.2.0/../../../../arm-none-eabi/lib/armv6k/fpu/libc.a(libc_a-putc.o)
                0x001284e0                _putc_r
 .text.quorem   0x001285dc      0x1c0 /opt/devkitpro/devkitARM/lib/gcc/arm-none-eabi/15.2.0/../../../../arm-none-eabi/lib/armv6k/fpu/libc.a(libc_a-dtoa.o)
 *fill*         0x0012879c        0x4 
 .text._dtoa_r  0x001287a0     0x1420 /opt/devkitpro/devkitARM/lib/gcc/arm-none-eabi/15.2.0/../../../../arm-none-eabi/lib/armv6k/fpu/libc.a(libc_a-dtoa.o)
                0x001287a0                _dtoa_r
 .text.__swbuf_r
                0x00129bc0      0x124 /opt/devkitpro/devkitARM/lib/gcc/arm-none-eabi/15.2.0/../../../../arm-none-eabi/lib/armv6k/fpu/libc.a(libc_a-wbuf.o)
                0x00129bc0                __swbuf_r
 .text._tzset_unlocked
                0x00129ce4       0x10 /opt/devkitpro/devkitARM/lib/gcc/arm-none-eabi/15.2.0/../../../../arm-none-eabi/lib/armv6k/fpu/libc.a(libc_a-tzset.o)
                0x00129ce4                _tzset_unlocked
 .text._wcsrtombs_r
                0x00129cf4       0x28 /opt/devkitpro/devkitARM/lib/gcc/arm-none-eabi/15.2.0/../../../../arm-none-eabi/lib/armv6k/fpu/libc.a(libc_a-wcsrtombs.o)
                0x00129cf4                _wcsrtombs_r
 .text.__swsetup_r
                0x00129d1c      0x140 /opt/devkitpro/devkitARM/lib/gcc/arm-none-eabi/15.2.0/../../../../arm-none-eabi/lib/armv6k/fpu/libc.a(libc_a-wsetup.o)
                0x00129d1c                __swsetup_r
 .text.__gettzinfo
                0x00129e5c        0xc /opt/devkitpro/devkitARM/lib/gcc/arm-none-eabi/15.2.0/../../../../arm-none-eabi/lib/armv6k/fpu/libc.a(libc_a-gettzinfo.o)
                0x00129e5c                __gettzinfo
 .text.iswspace_l
                0x00129e68       0x38 /opt/devkitpro/devkitARM/lib/gcc/arm-none-eabi/15.2.0/../../../../arm-none-eabi/lib/armv6k/fpu/libc.a(libc_a-iswspace_l.o)
                0x00129e68                iswspace_l
 .text.__ssputs_r
                0x00129ea0      0x12c /opt/devkitpro/devkitARM/lib/gcc/arm-none-eabi/15.2.0/../../../../arm-none-eabi/lib/armv6k/fpu/libc.a(libc_a-ssputs_r.o)
                0x00129ea0                __ssputs_r
 .text.get_arg  0x00129fcc      0x5e0 /opt/devkitpro/devkitARM/lib/gcc/arm-none-eabi/15.2.0/../../../../arm-none-eabi/lib/armv6k/fpu/libc.a(libc_a-vfiprintf.o)
 .text._vfiprintf_r
                0x0012a5ac     0x22f8 /opt/devkitpro/devkitARM/lib/gcc/arm-none-eabi/15.2.0/../../../../arm-none-eabi/lib/armv6k/fpu/libc.a(libc_a-vfiprintf.o)
                0x0012a5ac                _vfiprintf_r
 .text.__sbprintf
                0x0012c8a4       0xb4 /opt/devkitpro/devkitARM/lib/gcc/arm-none-eabi/15.2.0/../../../../arm-none-eabi/lib/armv6k/fpu/libc.a(libc_a-vfiprintf.o)
 .text._tzset_unlocked_r
                0x0012c958      0x648 /opt/devkitpro/devkitARM/lib/gcc/arm-none-eabi/15.2.0/../../../../arm-none-eabi/lib/armv6k/fpu/libc.a(libc_a-tzset_r.o)
                0x0012c958                _tzset_unlocked_r
 .text._wcsnrtombs_l
                0x0012cfa0      0x15c /opt/devkitpro/devkitARM/lib/gcc/arm-none-eabi/15.2.0/../../../../arm-none-eabi/lib/armv6k/fpu/libc.a(libc_a-wcsnrtombs.o)
                0x0012cfa0                _wcsnrtombs_l
 .text._wcsnrtombs_r
                0x0012d0fc       0x64 /opt/devkitpro/devkitARM/lib/gcc/arm-none-eabi/15.2.0/../../../../arm-none-eabi/lib/armv6k/fpu/libc.a(libc_a-wcsnrtombs.o)
                0x0012d0fc                _wcsnrtombs_r
 .text.sniprintf
                0x0012d160       0xa0 /opt/devkitpro/devkitARM/lib/gcc/arm-none-eabi/15.2.0/../../../../arm-none-eabi/lib/armv6k/fpu/libc.a(libc_a-sniprintf.o)
                0x0012d160                sniprintf
 .text._raise_r
                0x0012d200       0x9c /opt/devkitpro/devkitARM/lib/gcc/arm-none-eabi/15.2.0/../../../../arm-none-eabi/lib/armv6k/fpu/libc.a(libc_a-signal.o)
                0x0012d200                _raise_r
 .text.raise    0x0012d29c       0x20 /opt/devkitpro/devkitARM/lib/gcc/arm-none-eabi/15.2.0/../../../../arm-none-eabi/lib/armv6k/fpu/libc.a(libc_a-signal.o)
                0x0012d29c                raise
 .text.category
                0x0012d2bc       0x90 /opt/devkitpro/devkitARM/lib/gcc/arm-none-eabi/15.2.0/../../../../arm-none-eabi/lib/armv6k/fpu/libc.a(libc_a-categories.o)
                0x0012d2bc                category
 .text.__tzcalc_limits
                0x0012d34c      0x258 /opt/devkitpro/devkitARM/lib/gcc/arm-none-eabi/15.2.0/../../../../arm-none-eabi/lib/armv6k/fpu/libc.a(libc_a-tzcalc_limits.o)
                0x0012d34c                __tzcalc_limits
 .text.siscanf  0x0012d5a4       0x78 /opt/devkitpro/devkitARM/lib/gcc/arm-none-eabi/15.2.0/../../../../arm-none-eabi/lib/armv6k/fpu/libc.a(libc_a-siscanf.o)
                0x0012d5a4                siscanf
 .text._exit    0x0012d61c       0x20 /opt/devkitpro/devkitARM/lib/gcc/arm-none-eabi/15.2.0/../../../../arm-none-eabi/lib/armv6k/fpu/libsysbase.a(libsysbase_libsysbase_a-_exit.o)
                0x0012d61c                _exit
 .text.chdir    0x0012d63c      0x140 /opt/devkitpro/devkitARM/lib/gcc/arm-none-eabi/15.2.0/../../../../arm-none-eabi/lib/armv6k/fpu/libsysbase.a(libsysbase_libsysbase_a-chdir.o)
                0x0012d63c                chdir
 .text._concatenate_path
                0x0012d77c      0x1c8 /opt/devkitpro/devkitARM/lib/gcc/arm-none-eabi/15.2.0/../../../../arm-none-eabi/lib/armv6k/fpu/libsysbase.a(libsysbase_libsysbase_a-concatenate.o)
                0x0012d77c                _concatenate_path
 .text.__dirnext
                0x0012d944       0x70 /opt/devkitpro/devkitARM/lib/gcc/arm-none-eabi/15.2.0/../../../../arm-none-eabi/lib/armv6k/fpu/libsysbase.a(libsysbase_libsysbase_a-dirent.o)
 .text.opendir  0x0012d9b4      0x114 /opt/devkitpro/devkitARM/lib/gcc/arm-none-eabi/15.2.0/../../../../arm-none-eabi/lib/armv6k/fpu/libsysbase.a(libsysbase_libsysbase_a-dirent.o)
                0x0012d9b4                opendir
 .text.closedir
                0x0012dac8       0x98 /opt/devkitpro/devkitARM/lib/gcc/arm-none-eabi/15.2.0/../../../../arm-none-eabi/lib/armv6k/fpu/libsysbase.a(libsysbase_libsysbase_a-dirent.o)
                0x0012dac8                closedir
 .text.readdir_r
                0x0012db60       0xf8 /opt/devkitpro/devkitARM/lib/gcc/arm-none-eabi/15.2.0/../../../../arm-none-eabi/lib/armv6k/fpu/libsysbase.a(libsysbase_libsysbase_a-dirent.o)
                0x0012db60                readdir_r
 .text.readdir  0x0012dc58       0x48 /opt/devkitpro/devkitARM/lib/gcc/arm-none-eabi/15.2.0/../../../../arm-none-eabi/lib/armv6k/fpu/libsysbase.a(libsysbase_libsysbase_a-dirent.o)
                0x0012dc58                readdir
 .text._fstat_r
                0x0012dca0       0x9c /opt/devkitpro/devkitARM/lib/gcc/arm-none-eabi/15.2.0/../../../../arm-none-eabi/lib/armv6k/fpu/libsysbase.a(libsysbase_libsysbase_a-fstat.o)
                0x0012dca0                _fstat_r
 .text._getpid_r
                0x0012dd3c       0x14 /opt/devkitpro/devkitARM/lib/gcc/arm-none-eabi/15.2.0/../../../../arm-none-eabi/lib/armv6k/fpu/libsysbase.a(libsysbase_libsysbase_a-getpid.o)
                0x0012dd3c                _getpid_r
 .text.__getreent
                0x0012dd50       0x2c /opt/devkitpro/devkitARM/lib/gcc/arm-none-eabi/15.2.0/../../../../arm-none-eabi/lib/armv6k/fpu/libsysbase.a(libsysbase_libsysbase_a-getreent.o)
                0x0012dd50                __getreent
 .text._gettimeofday_r
                0x0012dd7c       0x30 /opt/devkitpro/devkitARM/lib/gcc/arm-none-eabi/15.2.0/../../../../arm-none-eabi/lib/armv6k/fpu/libsysbase.a(libsysbase_libsysbase_a-gettod.o)
                0x0012dd7c                _gettimeofday_r
 .text.__release_handle
                0x0012ddac       0xa0 /opt/devkitpro/devkitARM/lib/gcc/arm-none-eabi/15.2.0/../../../../arm-none-eabi/lib/armv6k/fpu/libsysbase.a(libsysbase_libsysbase_a-handle_manager.o)
                0x0012ddac                __release_handle
 .text.__alloc_handle
                0x0012de4c       0xb0 /opt/devkitpro/devkitARM/lib/gcc/arm-none-eabi/15.2.0/../../../../arm-none-eabi/lib/armv6k/fpu/libsysbase.a(libsysbase_libsysbase_a-handle_manager.o)
                0x0012de4c                __alloc_handle
 .text.__get_handle
                0x0012defc       0x58 /opt/devkitpro/devkitARM/lib/gcc/arm-none-eabi/15.2.0/../../../../arm-none-eabi/lib/armv6k/fpu/libsysbase.a(libsysbase_libsysbase_a-handle_manager.o)
                0x0012defc                __get_handle
 .text._close_r
                0x0012df54      0x110 /opt/devkitpro/devkitARM/lib/gcc/arm-none-eabi/15.2.0/../../../../arm-none-eabi/lib/armv6k/fpu/libsysbase.a(libsysbase_libsysbase_a-handle_manager.o)
                0x0012df54                _close_r
 .text.null_write
                0x0012e064        0x8 /opt/devkitpro/devkitARM/lib/gcc/arm-none-eabi/15.2.0/../../../../arm-none-eabi/lib/armv6k/fpu/libsysbase.a(libsysbase_libsysbase_a-iosupport.o)
 .text.setDefaultDevice
                0x0012e06c       0x18 /opt/devkitpro/devkitARM/lib/gcc/arm-none-eabi/15.2.0/../../../../arm-none-eabi/lib/armv6k/fpu/libsysbase.a(libsysbase_libsysbase_a-iosupport.o)
                0x0012e06c                setDefaultDevice
 .text.FindDevice
                0x0012e084       0x98 /opt/devkitpro/devkitARM/lib/gcc/arm-none-eabi/15.2.0/../../../../arm-none-eabi/lib/armv6k/fpu/libsysbase.a(libsysbase_libsysbase_a-iosupport.o)
                0x0012e084                FindDevice
 .text.RemoveDevice
                0x0012e11c       0x24 /opt/devkitpro/devkitARM/lib/gcc/arm-none-eabi/15.2.0/../../../../arm-none-eabi/lib/armv6k/fpu/libsysbase.a(libsysbase_libsysbase_a-iosupport.o)
                0x0012e11c                RemoveDevice
 .text.AddDevice
                0x0012e140       0x88 /opt/devkitpro/devkitARM/lib/gcc/arm-none-eabi/15.2.0/../../../../arm-none-eabi/lib/armv6k/fpu/libsysbase.a(libsysbase_libsysbase_a-iosupport.o)
                0x0012e140                AddDevice
 .text.GetDeviceOpTab
                0x0012e1c8       0x20 /opt/devkitpro/devkitARM/lib/gcc/arm-none-eabi/15.2.0/../../../../arm-none-eabi/lib/armv6k/fpu/libsysbase.a(libsysbase_libsysbase_a-iosupport.o)
                0x0012e1c8                GetDeviceOpTab
 .text._isatty_r
                0x0012e1e8        0x8 /opt/devkitpro/devkitARM/lib/gcc/arm-none-eabi/15.2.0/../../../../arm-none-eabi/lib/armv6k/fpu/libsysbase.a(libsysbase_libsysbase_a-isatty.o)
                0x0012e1e8                _isatty_r
 .text._kill_r  0x0012e1f0       0x14 /opt/devkitpro/devkitARM/lib/gcc/arm-none-eabi/15.2.0/../../../../arm-none-eabi/lib/armv6k/fpu/libsysbase.a(libsysbase_libsysbase_a-kill.o)
                0x0012e1f0                _kill_r
 .text._lseek_r
                0x0012e204       0x94 /opt/devkitpro/devkitARM/lib/gcc/arm-none-eabi/15.2.0/../../../../arm-none-eabi/lib/armv6k/fpu/libsysbase.a(libsysbase_libsysbase_a-lseek.o)
                0x0012e204                _lseek_r
 .text.mkdir    0x0012e298       0x68 /opt/devkitpro/devkitARM/lib/gcc/arm-none-eabi/15.2.0/../../../../arm-none-eabi/lib/armv6k/fpu/libsysbase.a(libsysbase_libsysbase_a-mkdir.o)
                0x0012e298                mkdir
 .text._open_r  0x0012e300       0xc0 /opt/devkitpro/devkitARM/lib/gcc/arm-none-eabi/15.2.0/../../../../arm-none-eabi/lib/armv6k/fpu/libsysbase.a(libsysbase_libsysbase_a-open.o)
                0x0012e300                _open_r
 .text._read_r  0x0012e3c0       0x94 /opt/devkitpro/devkitARM/lib/gcc/arm-none-eabi/15.2.0/../../../../arm-none-eabi/lib/armv6k/fpu/libsysbase.a(libsysbase_libsysbase_a-read.o)
                0x0012e3c0                _read_r
 .text._rename_r
                0x0012e454       0x88 /opt/devkitpro/devkitARM/lib/gcc/arm-none-eabi/15.2.0/../../../../arm-none-eabi/lib/armv6k/fpu/libsysbase.a(libsysbase_libsysbase_a-rename.o)
                0x0012e454                _rename_r
 .text._rmdir_r
                0x0012e4dc       0x7c /opt/devkitpro/devkitARM/lib/gcc/arm-none-eabi/15.2.0/../../../../arm-none-eabi/lib/armv6k/fpu/libsysbase.a(libsysbase_libsysbase_a-rmdir.o)
                0x0012e4dc                _rmdir_r
 .text._sbrk_r  0x0012e558       0x78 /opt/devkitpro/devkitARM/lib/gcc/arm-none-eabi/15.2.0/../../../../arm-none-eabi/lib/armv6k/fpu/libsysbase.a(libsysbase_libsysbase_a-sbrk.o)
                0x0012e558                _sbrk_r
 .text._stat_r  0x0012e5d0       0x80 /opt/devkitpro/devkitARM/lib/gcc/arm-none-eabi/15.2.0/../../../../arm-none-eabi/lib/armv6k/fpu/libsysbase.a(libsysbase_libsysbase_a-stat.o)
                0x0012e5d0                _stat_r
 .text.__libc_lock_acquire
                0x0012e650       0x1c /opt/devkitpro/devkitARM/lib/gcc/arm-none-eabi/15.2.0/../../../../arm-none-eabi/lib/armv6k/fpu/libsysbase.a(libsysbase_libsysbase_a-syscall_support.o)
                0x0012e650                __libc_lock_acquire
 .text.__libc_lock_release
                0x0012e66c       0x1c /opt/devkitpro/devkitARM/lib/gcc/arm-none-eabi/15.2.0/../../../../arm-none-eabi/lib/armv6k/fpu/libsysbase.a(libsysbase_libsysbase_a-syscall_support.o)
                0x0012e66c                __libc_lock_release
 .text.__libc_lock_acquire_recursive
                0x0012e688       0x1c /opt/devkitpro/devkitARM/lib/gcc/arm-none-eabi/15.2.0/../../../../arm-none-eabi/lib/armv6k/fpu/libsysbase.a(libsysbase_libsysbase_a-syscall_support.o)
                0x0012e688                __libc_lock_acquire_recursive
 .text.__libc_lock_release_recursive
                0x0012e6a4       0x1c /opt/devkitpro/devkitARM/lib/gcc/arm-none-eabi/15.2.0/../../../../arm-none-eabi/lib/armv6k/fpu/libsysbase.a(libsysbase_libsysbase_a-syscall_support.o)
                0x0012e6a4                __libc_lock_release_recursive
 .text._unlink_r
                0x0012e6c0       0x78 /opt/devkitpro/devkitARM/lib/gcc/arm-none-eabi/15.2.0/../../../../arm-none-eabi/lib/armv6k/fpu/libsysbase.a(libsysbase_libsysbase_a-unlink.o)
                0x0012e6c0                _unlink_r
 .text._write_r
                0x0012e738       0x94 /opt/devkitpro/devkitARM/lib/gcc/arm-none-eabi/15.2.0/../../../../arm-none-eabi/lib/armv6k/fpu/libsysbase.a(libsysbase_libsysbase_a-write.o)
                0x0012e738                _write_r
 *(.glue_7)
 .glue_7        0x0012e7cc        0x0 linker stubs
 *(.glue_7t)
 .glue_7t       0x0012e7cc        0x0 linker stubs
 *(.stub)
 *(.gnu.warning)
 *(.gnu.linkonce.t*)
                0x0012e7cc                        . = ALIGN (0x4)
 *(.fini)
 .fini          0x0012e7cc        0xc /opt/devkitpro/devkitARM/lib/gcc/arm-none-eabi/15.2.0/armv6k/fpu/crti.o
                0x0012e7cc                _fini
 .fini          0x0012e7d8        0xc /opt/devkitpro/devkitARM/lib/gcc/arm-none-eabi/15.2.0/armv6k/fpu/crtn.o
                0x0012e7e4                        . = ALIGN (0x4)

.vfp11_veneer   0x0012e7e4        0x0
 .vfp11_veneer  0x0012e7e4        0x0 linker stubs

.v4_bx          0x0012e7e4        0x0
 .v4_bx         0x0012e7e4        0x0 linker stubs

.iplt           0x0012e7e4        0x0
 .iplt          0x0012e7e4        0x0 /opt/devkitpro/devkitARM/lib/gcc/arm-none-eabi/15.2.0/../../../../arm-none-eabi/lib/armv6k/fpu/3dsx_crt0.o
                0x0012f000                        . = ALIGN (0x1000)

.rodata         0x0012f000     0x611c
 *(.rodata)
 .rodata        0x0012f000      0x120 build/main.o
 .rodata        0x0012f120        0xc /opt/devkitpro/libctru/lib/libctru.a(archive_dev.o)
 *(.roda)
 *(.rodata.*)
 .rodata.str1.4
                0x0012f12c      0xd3f build/main.o
                                0x83e (size before relaxing)
 .rodata.consolePrintChar
                0x0012fe6b        0x6 /opt/devkitpro/libctru/lib/libctru.a(console.o)
 *fill*         0x0012fe71        0x1 
 .rodata.con_write
                0x0012fe72      0x23c /opt/devkitpro/libctru/lib/libctru.a(console.o)
 .rodata.str1.4
                0x001300ae        0x0 /opt/devkitpro/libctru/lib/libctru.a(console.o)
                                 0x10 (size before relaxing)